ai2 develop — the {3,n} family of hyperbolic tilings by triangles and n-gons
started 2026-08-14 09:22:16
budget 15000 certificates per board, contiguous k prefix; ~1 KB/record, ~1.2 ms/certificate
boards 7..15 (601,437 certificates in the corpora; the budget ships 33,795)

=== n=7  09:22:16 ===
  [     2s] 2000/8039 developed, 0 failed, ETA 7s
  [     5s] 4000/8039 developed, 0 failed, ETA 5s
  [     8s] 6000/8039 developed, 0 failed, ETA 3s
  [    11s] 8000/8039 developed, 0 failed, ETA 0s
{3,7} family develop — tilings by regular triangles and 7-gons at one edge length
source          : ../../materials/corpora/solver_ai2_7
forced edge len : l = 1.090549663507
angles          : 3-gon 51.4286deg, 7-gon 102.8571deg
certificates in : 8039
developed       : 8039
failed          : 0
multi-variant   : 455
wall            : 10.7s (1.3 ms/certificate)


   k   tilings  face orbits: min    max
   1         3                 1      4
   2         8                 4     10
   3        52                 4     16
   4       191                 5     22
   5      1452                 6     28
   6      6333                 7     30

   k    census    corpus   shipped  status
   1         3         3         3  ok
   2         8         8         8  ok
   3        52        52        52  ok
   4       191       191       191  ok
   5      1452      1452      1452  ok
   6      6333      6333      6333  ok
   7     31101     31101         0  dropped by the budget

BUDGET: shipped k <= 6; DROPPED k = [7] (31101 certificates). Those k are enumerated in the corpus and NOT shipped — the shelf must not present this board as exhausted.
wrote ../../public/hyperbolic-poly/hpt7-k1.json: 3 records, 0.00 MB
wrote ../../public/hyperbolic-poly/hpt7-k2.json: 8 records, 0.00 MB
wrote ../../public/hyperbolic-poly/hpt7-k3.json: 52 records, 0.04 MB
wrote ../../public/hyperbolic-poly/hpt7-k4.json: 191 records, 0.17 MB
wrote ../../public/hyperbolic-poly/hpt7-k5.json: 1452 records, 1.49 MB
wrote ../../public/hyperbolic-poly/hpt7-k6.json: 6333 records, 7.45 MB

--- n=7 done 09:22:28 ---
=== n=8  09:22:28 ===
{3,8} family develop — tilings by regular triangles and 8-gons at one edge length
source          : ../../materials/corpora/solver_ai2_8
forced edge len : l = 1.528570919481
angles          : 3-gon 45.0000deg, 8-gon 90.0000deg
certificates in : 1750
developed       : 1750
failed          : 0
multi-variant   : 336
wall            : 1.8s (1.0 ms/certificate)


   k   tilings  face orbits: min    max
   1         9                 1      6
   2        85                 2     14
   3      1656                 3     18

   k    census    corpus   shipped  status
   1         9         9         9  ok
   2        85        85        85  ok
   3      1656      1656      1656  ok
   4     27638     27638         0  dropped by the budget

BUDGET: shipped k <= 3; DROPPED k = [4] (27638 certificates). Those k are enumerated in the corpus and NOT shipped — the shelf must not present this board as exhausted.
wrote ../../public/hyperbolic-poly/hpt8-k1.json: 9 records, 0.00 MB
wrote ../../public/hyperbolic-poly/hpt8-k2.json: 85 records, 0.05 MB
wrote ../../public/hyperbolic-poly/hpt8-k3.json: 1656 records, 1.27 MB

--- n=8 done 09:22:30 ---
=== n=9  09:22:30 ===
  [     1s] 2000/7639 developed, 0 failed, ETA 3s
  [     3s] 4000/7639 developed, 0 failed, ETA 2s
  [     4s] 6000/7639 developed, 0 failed, ETA 1s
{3,9} family develop — tilings by regular triangles and 9-gons at one edge length
source          : ../../materials/corpora/solver_ai2_9
forced edge len : l = 1.855077135319
angles          : 3-gon 40.0000deg, 9-gon 80.0000deg
certificates in : 7639
developed       : 7639
failed          : 0
multi-variant   : 424
wall            : 4.7s (0.6 ms/certificate)


   k   tilings  face orbits: min    max
   1        10                 1      8
   2       169                 2     14
   3      7460                 4     24

   k    census    corpus   shipped  status
   1        10        10        10  ok
   2       169       169       169  ok
   3      7460      7460      7460  ok
   4    269728    269728         0  dropped by the budget

BUDGET: shipped k <= 3; DROPPED k = [4] (269728 certificates). Those k are enumerated in the corpus and NOT shipped — the shelf must not present this board as exhausted.
wrote ../../public/hyperbolic-poly/hpt9-k1.json: 10 records, 0.01 MB
wrote ../../public/hyperbolic-poly/hpt9-k2.json: 169 records, 0.12 MB
wrote ../../public/hyperbolic-poly/hpt9-k3.json: 7460 records, 6.30 MB

--- n=9 done 09:22:35 ---
=== n=10  09:22:35 ===
{3,10} family develop — tilings by regular triangles and 10-gons at one edge length
source          : ../../materials/corpora/solver_ai2_10
forced edge len : l = 2.122550123810
angles          : 3-gon 36.0000deg, 10-gon 72.0000deg
certificates in : 1575
developed       : 1575
failed          : 0
multi-variant   : 114
wall            : 1.1s (0.7 ms/certificate)


   k   tilings  face orbits: min    max
   1        16                 1     10
   2      1559                 3     18

   k    census    corpus   shipped  status
   1        16        16        16  ok
   2      1559      1559      1559  ok
   3    154668    154668         0  dropped by the budget

BUDGET: shipped k <= 2; DROPPED k = [3] (154668 certificates). Those k are enumerated in the corpus and NOT shipped — the shelf must not present this board as exhausted.
wrote ../../public/hyperbolic-poly/hpt10-k1.json: 16 records, 0.01 MB
wrote ../../public/hyperbolic-poly/hpt10-k2.json: 1559 records, 1.16 MB

--- n=10 done 09:22:36 ---
=== n=11  09:22:36 ===
{3,11} family develop — tilings by regular triangles and 11-gons at one edge length
source          : ../../materials/corpora/solver_ai2_11
forced edge len : l = 2.351708458990
angles          : 3-gon 32.7273deg, 11-gon 65.4545deg
certificates in : 699
developed       : 699
failed          : 0
multi-variant   : 22
wall            : 0.7s (1.0 ms/certificate)


   k   tilings  face orbits: min    max
   1        18                 1     12
   2       681                 6     20

   k    census    corpus   shipped  status
   1        18        18        18  ok
   2       681       681       681  ok
   3    556796         0         0  MISSING from the drop (census counts it, no certificates)
MISSING (census counts, drop does not carry): k = [3] (556796 tilings)
wrote ../../public/hyperbolic-poly/hpt11-k1.json: 18 records, 0.01 MB
wrote ../../public/hyperbolic-poly/hpt11-k2.json: 681 records, 0.57 MB

--- n=11 done 09:22:37 ---
=== n=12  09:22:37 ===
{3,12} family develop — tilings by regular triangles and 12-gons at one edge length
source          : ../../materials/corpora/solver_ai2_12
forced edge len : l = 2.553373736761
angles          : 3-gon 30.0000deg, 12-gon 60.0000deg
certificates in : 152
developed       : 152
failed          : 0
multi-variant   : 1
wall            : 0.1s (0.8 ms/certificate)


   k   tilings  face orbits: min    max
   1       152                 1     10

   k    census    corpus   shipped  status
   1       152       152       152  ok
   2     84502     84502         0  dropped by the budget

BUDGET: shipped k <= 1; DROPPED k = [2] (84502 certificates). Those k are enumerated in the corpus and NOT shipped — the shelf must not present this board as exhausted.
wrote ../../public/hyperbolic-poly/hpt12-k1.json: 152 records, 0.09 MB

--- n=12 done 09:22:38 ---
=== n=13  09:22:38 ===
  [     1s] 2000/13145 developed, 0 failed, ETA 3s
  [     1s] 4000/13145 developed, 0 failed, ETA 3s
  [     2s] 6000/13145 developed, 0 failed, ETA 2s
  [     2s] 8000/13145 developed, 0 failed, ETA 1s
  [     3s] 10000/13145 developed, 0 failed, ETA 1s
  [     3s] 12000/13145 developed, 0 failed, ETA 0s
{3,13} family develop — tilings by regular triangles and 13-gons at one edge length
source          : ../../materials/corpora/solver_ai2_13
forced edge len : l = 2.734081067371
angles          : 3-gon 27.6923deg, 13-gon 55.3846deg
certificates in : 13145
developed       : 13145
failed          : 0
multi-variant   : 106
wall            : 3.4s (0.3 ms/certificate)


   k   tilings  face orbits: min    max
   1        38                 1     12
   2     13107                 6     24

census          : none shipped with this corpus — the per-k counts above are unchecked, and `missing` is UNKNOWN, not empty.
wrote ../../public/hyperbolic-poly/hpt13-k1.json: 38 records, 0.02 MB
wrote ../../public/hyperbolic-poly/hpt13-k2.json: 13107 records, 12.32 MB

--- n=13 done 09:22:42 ---
=== n=14  09:22:42 ===
{3,14} family develop — tilings by regular triangles and 14-gons at one edge length
source          : ../../materials/corpora/solver_ai2_14
forced edge len : l = 2.898149445355
angles          : 3-gon 25.7143deg, 14-gon 51.4286deg
certificates in : 235
developed       : 235
failed          : 0
multi-variant   : 1
wall            : 0.0s (0.2 ms/certificate)


   k   tilings  face orbits: min    max
   1       235                 1     14

   k    census    corpus   shipped  status
   1       235       235       235  ok
   2    685845         0         0  MISSING from the drop (census counts it, no certificates)
MISSING (census counts, drop does not carry): k = [2] (685845 tilings)
wrote ../../public/hyperbolic-poly/hpt14-k1.json: 235 records, 0.15 MB

--- n=14 done 09:22:42 ---
=== n=15  09:22:42 ===
{3,15} family develop — tilings by regular triangles and 15-gons at one edge length
source          : ../../materials/corpora/solver_ai2_15
forced edge len : l = 3.048614999615
angles          : 3-gon 24.0000deg, 15-gon 48.0000deg
certificates in : 566
developed       : 566
failed          : 0
multi-variant   : 0
wall            : 0.1s (0.2 ms/certificate)


   k   tilings  face orbits: min    max
   1       566                 1     16

census          : none shipped with this corpus — the per-k counts above are unchecked, and `missing` is UNKNOWN, not empty.
wrote ../../public/hyperbolic-poly/hpt15-k1.json: 566 records, 0.37 MB

--- n=15 done 09:22:42 ---
ALL DONE 2026-08-14 09:22:42
