== bubble-tri k<=2  2026-08-23 14:58:28 ==
palette: 4 triangular bubble tiles (T0..T3), complementary gluing
raw blocks: 79
  k=1 : 7
  k=2 : 67
total kept: 74
store: peak 0 MB total, 0 MB resident

DEVELOPED: k=1 -> 7, k=2 -> 67, total 74, failures 0
Every glue joined complementary edge types; balance equation held for all 74.

PROTOTILE SETS (ratio normalised by gcd), [n] = distinct tilings:
  k=1  T0x1 T1x3 T3x2   [1]
  k=1  T0x1 T3x1   [1]
  k=1  T0x2 T2x3 T3x1   [1]
  k=1  T1x1 T2x1   [4]
  k=2  T0x1 T1x1 T2x1 T3x1   [15]
  k=2  T0x1 T1x1 T2x4   [2]
  k=2  T0x1 T1x2 T2x2 T3x1   [3]
  k=2  T0x1 T1x3 T2x3 T3x1   [2]
  k=2  T0x1 T1x3 T3x2   [1]
  k=2  T0x1 T2x3   [8]
  k=2  T0x2 T1x1 T2x1 T3x2   [1]
  k=2  T0x2 T1x3 T3x3   [1]
  k=2  T0x2 T2x3 T3x1   [1]
  k=2  T0x3 T2x3 T3x2   [1]
  k=2  T1x1 T2x1   [22]
  k=2  T1x3 T3x1   [8]
  k=2  T1x4 T2x1 T3x1   [2]

PAPER CHECK (Chase/Field/McCluer Figure 13, the four two-tile triangular tilings):
  T{0,3}(1:1)  -> T0x1 T3x1   k=1  FOUND
  T{1,2}(1:1)  -> T1x1 T2x1   k=1  FOUND (4 distinct)
  T{1,3}(3:1)  -> T1x3 T3x1   k=2  FOUND (8 distinct)
  T{2,0}(3:1)  -> T0x1 T2x3   k=2  FOUND (8 distinct)
  monohedral   -> absent, as their balance argument requires (b=p=3/2 has no integer solution)
Beyond the paper: 3- and 4-tile sets it leaves to the reader, incl. the full family at k=2 (15).
