
=== certify 29 configurations  caps=[200, 2000, 20000]  kappa<=2  workers=1  2026-08-17 11:09:03 ===

-- rung 1: node_cap=200 over 29 configurations
   TILING 12.6/5.12/7                    kappa=1 density=+2 cells=4    0.00s
   TILING 6.4/3.12/7                     kappa=1 density=+1 cells=6    0.01s
   TILING 3/2.12.6.12                    kappa=1 density=+2 cells=4    0.00s
   TILING 4.12.4/3.12/11                 kappa=2 density=+0 cells=8    0.01s
   TILING 4.3/2.4.6/5                    kappa=1 density=-1 cells=6    0.00s
   TILING 12/5.3.12/5.6/5                kappa=1 density=-2 cells=4    0.00s
   TILING 12/5.4.12/7.4/3                kappa=2 density=+0 cells=8    0.00s
   TILING 4.4.3/2.3/2.3/2                kappa=1 density=+1 cells=6    0.01s
   TILING 12/5.12.12/7.12/11             kappa=2 density=+0 cells=4    0.06s
   TILING 12/5.12/5.3/2                  kappa=1 density=-1 cells=9    0.02s
   TILING 4.3/2.4.3/2.3/2                kappa=1 density=+1 cells=6    0.00s
   TILING 8.4/3.8/5                      kappa=1 density=+1 cells=4    0.00s
   TILING 8/3.8.8/5.8/7                  kappa=1 density=+0 cells=4    0.00s
   TILING 4.8/5.8/5                      kappa=1 density=+1 cells=4    0.00s
   TILING 3.3.3.3.3.3                    kappa=1 density=+1 cells=2    0.00s
   TILING 4.4.4.4                        kappa=1 density=+1 cells=2    0.00s
   TILING 6.6.6                          kappa=1 density=+1 cells=3    0.01s
   TILING 3.12.12                        kappa=1 density=+1 cells=9    0.07s
   TILING 4.8.8                          kappa=1 density=+1 cells=4    0.00s
   TILING 3.4.6.4                        kappa=1 density=+1 cells=6    0.00s
   TILING 3.6.3.6                        kappa=1 density=+1 cells=3    0.00s
   TILING 3.3.4.3.4                      kappa=1 density=+1 cells=6    0.00s
   TILING 3.3.3.4.4                      kappa=1 density=+1 cells=6    0.01s
   TILING 3.3.3.3.6                      kappa=1 density=+1 cells=9    0.00s
   TILING 4.6.12                         kappa=1 density=+1 cells=6    0.00s
   ... 29/29  tilings=25 rejected=4 unresolved=0  0s eta=0s

=== totals: 25 TILING | 4 rejected | 0 unresolved  (0s) ===
