# intrinsic cell export — 470 entries, axes walked to ±180.0°, 1 worker(s)
  ... 5/470  elapsed 1s  ETA 74s
  ... 10/470  elapsed 1s  ETA 58s
  ... 15/470  elapsed 2s  ETA 53s
  ... 20/470  elapsed 3s  ETA 74s
  ... 25/470  elapsed 4s  ETA 68s
  ... 30/470  elapsed 5s  ETA 70s
  ... 35/470  elapsed 6s  ETA 71s
  ... 40/470  elapsed 7s  ETA 71s
  ... 45/470  elapsed 7s  ETA 69s
  ... 50/470  elapsed 8s  ETA 67s
  ... 55/470  elapsed 9s  ETA 69s
  ... 60/470  elapsed 10s  ETA 69s
  ... 65/470  elapsed 10s  ETA 65s
  ... 70/470  elapsed 12s  ETA 67s
  ... 75/470  elapsed 13s  ETA 66s
  ... 80/470  elapsed 15s  ETA 71s
  ... 85/470  elapsed 15s  ETA 69s
  ... 90/470  elapsed 16s  ETA 66s
  ... 95/470  elapsed 16s  ETA 62s
  ... 100/470  elapsed 16s  ETA 59s
  ... 105/470  elapsed 17s  ETA 59s
  ... 110/470  elapsed 17s  ETA 56s
  ... 115/470  elapsed 19s  ETA 60s
  ... 120/470  elapsed 21s  ETA 61s
  ... 125/470  elapsed 23s  ETA 63s
  ... 130/470  elapsed 24s  ETA 63s
  ... 135/470  elapsed 26s  ETA 66s
  ... 140/470  elapsed 29s  ETA 68s
  ... 145/470  elapsed 32s  ETA 72s
  ... 150/470  elapsed 36s  ETA 77s
  ... 155/470  elapsed 39s  ETA 79s
  ... 160/470  elapsed 41s  ETA 79s
  ... 165/470  elapsed 43s  ETA 80s
  ... 170/470  elapsed 45s  ETA 79s
  ... 175/470  elapsed 47s  ETA 79s
  ... 180/470  elapsed 49s  ETA 79s
  ... 185/470  elapsed 51s  ETA 78s
  ... 190/470  elapsed 52s  ETA 77s
  ... 195/470  elapsed 54s  ETA 76s
  ... 200/470  elapsed 56s  ETA 76s
  ... 205/470  elapsed 57s  ETA 74s
  ... 210/470  elapsed 59s  ETA 73s
  ... 215/470  elapsed 61s  ETA 72s
  ... 220/470  elapsed 63s  ETA 71s
  ... 225/470  elapsed 65s  ETA 71s
  ... 230/470  elapsed 66s  ETA 69s
  ... 235/470  elapsed 67s  ETA 67s
  ... 240/470  elapsed 68s  ETA 65s
  ... 245/470  elapsed 69s  ETA 63s
  ... 250/470  elapsed 69s  ETA 61s
  ... 255/470  elapsed 69s  ETA 59s
  ... 260/470  elapsed 70s  ETA 56s
  ... 265/470  elapsed 70s  ETA 54s
  ... 270/470  elapsed 70s  ETA 52s
  ... 275/470  elapsed 71s  ETA 50s
  ... 280/470  elapsed 71s  ETA 48s
  ... 285/470  elapsed 71s  ETA 46s
  ... 290/470  elapsed 71s  ETA 44s
  ... 295/470  elapsed 71s  ETA 42s
  ... 300/470  elapsed 72s  ETA 41s
  ... 305/470  elapsed 72s  ETA 39s
  ... 310/470  elapsed 73s  ETA 38s
  ... 315/470  elapsed 74s  ETA 36s
  ... 320/470  elapsed 74s  ETA 35s
  ... 325/470  elapsed 75s  ETA 34s
  ... 330/470  elapsed 76s  ETA 32s
  ... 335/470  elapsed 77s  ETA 31s
  ... 340/470  elapsed 77s  ETA 30s
  ... 345/470  elapsed 78s  ETA 28s
  ... 350/470  elapsed 79s  ETA 27s
  ... 355/470  elapsed 81s  ETA 26s
  ... 360/470  elapsed 85s  ETA 26s
  ... 365/470  elapsed 91s  ETA 26s
  ... 370/470  elapsed 96s  ETA 26s
  ... 375/470  elapsed 99s  ETA 25s
  ... 380/470  elapsed 100s  ETA 24s
  ... 385/470  elapsed 102s  ETA 22s
  ... 390/470  elapsed 103s  ETA 21s
  ... 395/470  elapsed 105s  ETA 20s
  ... 400/470  elapsed 109s  ETA 19s
  ... 405/470  elapsed 109s  ETA 17s
  ... 410/470  elapsed 109s  ETA 16s
  ... 415/470  elapsed 110s  ETA 15s
  ... 420/470  elapsed 111s  ETA 13s
  ... 425/470  elapsed 111s  ETA 12s
  ... 430/470  elapsed 112s  ETA 10s
  ... 435/470  elapsed 118s  ETA 9s
  ... 440/470  elapsed 125s  ETA 9s
  ... 445/470  elapsed 129s  ETA 7s
  ... 450/470  elapsed 132s  ETA 6s
  ... 455/470  elapsed 136s  ETA 4s
  ... 460/470  elapsed 143s  ETA 3s
  ... 465/470  elapsed 146s  ETA 2s
  ... 470/470  elapsed 149s  ETA 0s

470 of 470 exported → ../../experiments/period-oracle/intrinsic-cells.json
  799 sliders; 0 axes dropped for travel < 0.25°; 171 entries end up with no slider at all; 0 axes scanned only to ±10.0° because their entry ran out of its 45s budget
  slider span: median 150.0°, mean 156.4°, min 22.50°, max 300.0°
  sliders per entry: 0: 171, 1: 104, 2: 98, 3: 22, 4: 34, 5: 11, 6: 8, 7: 7, 8: 4, 9: 6, 11: 3, 13: 2
  wrote 1535 KB
