[12:12:07] k=4 spherical palette — solve + prune sizing run
[12:12:07] baseline k=3: solve 27082 nodes -> 653 raw / 460 pruned blocks; develop 836s wall on 8 workers (~10.6 CPU-s per block)
[12:12:07] build (MAXNUM=4 PALETTE=spherical)
[12:12:09]   built in 2s
[12:12:09] PHASE 1 solve
[12:12:09]   solve 0s | vertex figures: 63 over 125 types bucket key unique (BUCKET_OK): yes OKPAIR: 294 admissible (tkey, Q(f)) pairs nodes: 103668  simplify_calls: 5058  simplify_true: 2589 
[12:12:09]   raw blocks: 2589
[12:12:21] PHASE 2 prune
  k=1 : 28
  k=2 : 141
  k=3 : 460
  k=4 : 1169
total kept: 1798
store: peak 0.279419 MB total, 0.279419 MB resident
[12:12:21]   prune 0s
[12:12:21]   pruned blocks by k: k=1:0 k=0: k=2:0 k=0: k=3:0 k=0: k=4:0 k=0: 
[12:12:21]   pruned files: 121  total blocks: 0
[12:12:41] PHASE 3 develop (k=4 only; k<=3 already harvested) — 1169 blocks, 8 workers
[12:12:41]   estimate: k=3 measured 10.6 CPU-s/block, so 1169 blocks is ~26 min wall at that rate;
[12:12:41]   expect longer, since a 4-orbit flood fill is bigger than a 3-orbit one. Progress below.
[12:12:41] 121 files / 1798 blocks over 8 workers
[13:03:46]   worker 0 finished (3065s)
[13:03:46]   worker 1 finished (3065s)
[13:03:46]   worker 2 finished (3065s)
[13:03:46]   worker 3 finished (3065s)
[13:03:46]   worker 4 finished (3065s)
[13:03:46]   worker 5 finished (3065s)
[13:03:46]   worker 6 finished (3065s)
[13:03:46]   worker 7 finished (3065s)
[13:03:46] merged 111 realized records -> /Users/alessandro/Desktop/University/Thesis/TilingAtlas/tools/ctrnact-oracle/sph-k4/euclid-k4.json (3065s total)
[13:04:03] develop finished: 111 realized records, 3065s (51 min) on 8 workers
[13:04:03] merged report (the run predates the driver's own report merge):
  realized         111
  blocks in        1169
  non-realizable   1122
[13:04:03] non-realizable by reason:
1116 reason=no dihedral solution
   6 reason=retro=[]: degenerate dihedral (a flat edge)
records 111 | euler census {2: 111}
buckets: {'reflex': 65, 'coplanar-degenerate': 30, 'convex': 16}
k census: {4: 111}
