scan-family-joins.py — experiments/results/mixed-atlas-unmerged.json
98 families; param-count histogram: {1: 98}
scanning 98 single-parameter families
patch congruence: R=5.0, translate count derived per family from its lattice

shared endpoints: 0 JOIN candidate group(s), 26 COLLAPSE group(s)

=== JOINs — no tile vanishes, so the limit tiling is real and shared ===
  -> 0 verified join(s); 0 collision(s) rejected; 0 duplicate artifact(s)

=== COLLAPSEs — a tile hits zero area; the limit is a SIMPLER tiling, shared by unrelated arcs ===
  k1-03[6α.3*]@0° | k1-03[6α.3*]@120° | k2-04[6α.3*]@0° | k2-04[6α.3*]@120°
  k1-06[8α.4*]@0° | k1-06[8α.4*]@180° | k1-14[8α.4*]@90°
  k1-08[4α.4*]@0° | k1-11[4α.8α.4*]@0° | k1-12[4α.8α.4*]@0° | k1-31[4α.8α.4*]@0° | k1-32[4α.8α.4*]@0° | k2-42[4α.8α.4*]@0° | k2-43[4α.8α.4*]@0°
  k1-08[4α.4*]@90° | k2-17[4.4α.4*]@90°
  k1-09[4α.4*]@0° | k2-23[4α.4*]@0° | k2-34[4α.8α.4*]@0°
  k1-09[4α.4*]@90° | k2-23[4α.4*]@90°
  k1-11[4α.8α.4*]@90° | k1-12[4α.8α.4*]@90°
  k1-13[4.4α.4*]@90° | k2-21[4α.4*]@90°
  k1-27[4α.3*]@0° | k1-37[4α.6α.3*]@0°
  k1-27[4α.3*]@60° | k2-07[4α.3*]@0°
  k1-31[4α.8α.4*]@90° | k1-32[4α.8α.4*]@90°
  k2-16[4α.4*]@90° | k2-34[4α.8α.4*]@90°
  k2-18[4α.8α.4*]@0° | k2-20[4α.4*]@0°
  k2-19[4α.4*]@0° | k2-26[4α.8α.4*]@0°
  k2-22[4α.4*]@90° | k2-27[4.4α.4*]@90°
  k2-28[4α.8α.4*]@0° | k2-30[4α.8α.4*]@0°
  k2-29[4α.8α.4*]@0° | k2-31[4α.8α.4*]@0° | k2-40[4α.8α.4*]@0°
  k2-29[4α.8α.4*]@90° | k2-31[4α.8α.4*]@90° | k2-40[4α.8α.4*]@90°
  k2-32[4α.8α.4*]@0° | k2-33[4α.8α.4*]@0°
  k2-32[4α.8α.4*]@90° | k2-33[4α.8α.4*]@90°
  k2-37[4.4α.8α.4*]@90° | k2-39[4α.8α.4*]@90°
  k2-42[4α.8α.4*]@90° | k2-43[4α.8α.4*]@90°
  k2-45[4α.3*.6*]@180° | k2-46[4α.6α.6*]@0°
  k2-47[4α.3*.6*]@180° | k2-49[4α.6α.6*]@0°
  k2-54[4α.6α.6*]@0° | k2-55[4α.6α.6*]@180°
  k2-58[4.4α.3*.6*]@180° | k2-59[4.4α.6α.6*]@0°

=== DUPLICATES — same family shipped twice (forward, or with α reversed) ===
  α-reversed: k1-04 [0, 150] == k1-07 [0, 150]   [8α.3*.6*]
  α-forward: k1-05 [120, 300] == k1-15 [0, 180]   [12α.3*]
  α-reversed: k1-05 [120, 300] == k1-18 [60, 240]   [12α.3*]
  α-forward: k1-06 [0, 180] == k1-14 [90, 270]   [8α.4*]
  α-forward: k1-11 [0, 90] == k1-31 [0, 90]   [4α.8α.4*]
  α-forward: k1-12 [0, 90] == k1-32 [0, 90]   [4α.8α.4*]
  α-reversed: k1-15 [0, 180] == k1-18 [60, 240]   [6α.6*]
  α-reversed: k2-05 [0, 120] == k2-06 [0, 120]   [6.6α.3*]
  α-reversed: k2-45 [30, 180] == k2-46 [0, 150]   [4α.3*.6*]
  α-reversed: k2-47 [45, 180] == k2-49 [0, 135]   [4α.3*.6*]
  α-reversed: k2-54 [0, 180] == k2-55 [0, 180]   [4α.6α.6*]
  α-reversed: k2-58 [30, 180] == k2-59 [0, 150]   [4.4α.3*.6*]
  -> 12 duplicate pair(s) among the 98 single-parameter families

=== MERGE PLAN — a JOIN whose branches share the rigid/flexing partition ===
  -> 0 merge(s)

=== ABSORBED — ids that no longer ship, and where a link to them lands ===
  k1-07      → k1-04        u = 150 − α
  k1-14      → k1-06        u = 90 + α
  k1-15      → k1-05        u = -120 + α
  k1-18      → k1-05        u = 360 − α
  k1-31      → k1-11        u = 0 + α
  k1-32      → k1-12        u = 0 + α
  k2-06      → k2-05        u = 120 − α
  k2-46      → k2-45        u = 180 − α
  k2-49      → k2-47        u = 180 − α
  k2-55      → k2-54        u = 180 − α
  k2-59      → k2-58        u = 180 − α
  -> 11 absorbed, 87 entries ship

SUMMARY: 98 shipped entries = 87 distinct families = 87 arcs after merging
wrote merge plan → experiments/results/mixed-merge-plan.json
