mixed-star-patch-growth — target 3 gap-free patches, close-radius 16 (rings 5 → 7 → 9 → 10 → 11 → 12 → 13 → 14 → 15 → 16)
alphabet: 5 regular + 23 star species (51 seatable corners), from 12960 catalogue entries k=1..9
  regular: 3, 4, 6, 8, 12
  3*: 15°, 30°, 45°
  4*: 15°, 30°, 45°, 60°, 75°
  6*: 15°, 30°, 45°, 60°, 75°, 90°
  8*: 15°, 45°, 75°, 90°, 120°
  12*: 30°, 60°, 90°, 120°
excluded (not expressible in ℤ[ζ₂₄]): 5, 9, 18, 3*20, 3*40, 4*18, 6*80, 9*20, 18*40 — 9-fold (20° grid) and 5-fold (18° grid) shelves

  attempt  1: ✗ closed to r=14 of 16 (599 tiles, 1422820 backtracks, 42901379 nodes, 431.8s)
  attempt  2: ✗ closed to r=11 of 16 (397 tiles, 632179 backtracks, 19791046 nodes, 251.1s)
  attempt  3: ✗ closed to r=14 of 16 (597 tiles, 1898105 backtracks, 60000421 nodes, 441.7s)
  attempt  4: ✗ closed to r=13 of 16 (576 tiles, 1066950 backtracks, 35719283 nodes, 194.1s)
  attempt  5: ✗ closed to r=10 of 16 (375 tiles, 1433270 backtracks, 47573486 nodes, 388.4s)
  attempt  6: ✗ closed to r=15 of 16 (1020 tiles, 1430254 backtracks, 35698898 nodes, 271.0s)
  attempt  7: ✗ closed to r=10 of 16 (278 tiles, 1006668 backtracks, 32810669 nodes, 177.3s)
  attempt  8: ✗ closed to r=10 of 16 (449 tiles, 1149184 backtracks, 33854625 nodes, 235.3s)
  attempt  9: ✗ closed to r=9 of 16 (251 tiles, 1103850 backtracks, 29234934 nodes, 159.1s)
  attempt 10: ✗ closed to r=15 of 16 (659 tiles, 1554230 backtracks, 45457412 nodes, 284.5s)
  attempt 11: ✗ closed to r=15 of 16 (767 tiles, 1697759 backtracks, 46349708 nodes, 268.9s)
  attempt 12: ✗ closed to r=13 of 16 (600 tiles, 1531170 backtracks, 42451693 nodes, 294.7s)
  attempt 13: ✗ closed to r=9 of 16 (279 tiles, 1317668 backtracks, 44261950 nodes, 181.4s)
  attempt 14: ✗ closed to r=13 of 16 (540 tiles, 1559633 backtracks, 47778213 nodes, 336.7s)
  attempt 15: ✗ closed to r=5 of 16 (59 tiles, 221696 backtracks, 5521829 nodes, 168.6s)
  attempt 16: ✗ closed to r=11 of 16 (439 tiles, 279382 backtracks, 14636818 nodes, 224.9s)
  attempt 17: ✗ closed to r=11 of 16 (429 tiles, 1093299 backtracks, 37728179 nodes, 216.8s)
  attempt 18: ✗ closed to r=15 of 16 (1016 tiles, 1773250 backtracks, 44269824 nodes, 171.0s)
  attempt 19: ✗ closed to r=7 of 16 (61 tiles, 1051660 backtracks, 44039329 nodes, 176.5s)
  attempt 20: ✓ patch 01 —  847 tiles (228 stars), 10 star species, audit OK (0 overlaps, 0 holes, 0 double-booked slots), 249708 backtracks, 109.1s
             rings r5:66 → r7:139 → r9:253 → r10:310 → r11:369 → r12:449 → r13:542 → r14:649 → r15:745 → r16:847
             3×450  4×151  6×18  3*15°×2  3*30°×99  4*30°×65  4*60°×36  6*30°×10  6*60°×3  6*90°×4  12*30°×2  12*60°×4  12*90°×3
  attempt 21: ✗ closed to r=14 of 16 (593 tiles, 1327129 backtracks, 47659250 nodes, 214.4s)
  attempt 22: ✗ closed to r=11 of 16 (375 tiles, 1742102 backtracks, 60000206 nodes, 205.7s)
  attempt 23: ✗ closed to r=15 of 16 (683 tiles, 2026660 backtracks, 60000474 nodes, 254.7s)
  attempt 24: ✗ closed to r=14 of 16 (559 tiles, 1529737 backtracks, 60000275 nodes, 211.4s)
  attempt 25: ✗ closed to r=14 of 16 (672 tiles, 1331491 backtracks, 45377184 nodes, 234.9s)
  attempt 26: ✗ closed to r=11 of 16 (410 tiles, 2108709 backtracks, 60000209 nodes, 226.7s)
  attempt 27: ✗ closed to r=10 of 16 (299 tiles, 1724901 backtracks, 52758183 nodes, 171.6s)
  attempt 28: ✗ closed to r=9 of 16 (232 tiles, 1417308 backtracks, 36173147 nodes, 181.1s)
  attempt 29: ✓ patch 02 —  290 tiles (88 stars), 6 star species, audit OK (0 overlaps, 0 holes, 0 double-booked slots), 232509 backtracks, 87.4s
             rings r5:31 → r7:55 → r9:84 → r10:105 → r11:134 → r12:155 → r13:184 → r14:223 → r15:258 → r16:290
             3×3  4×199  3*30°×1  3*45°×1  6*90°×1  8*15°×1  8*45°×50  8*90°×34
  attempt 30: ✗ closed to r=12 of 16 (506 tiles, 1759120 backtracks, 53272467 nodes, 192.4s)
  attempt 31: ✗ closed to r=12 of 16 (496 tiles, 1353999 backtracks, 49126940 nodes, 221.3s)
  attempt 32: ✗ closed to r=11 of 16 (332 tiles, 1773781 backtracks, 49304224 nodes, 297.8s)
  attempt 33: ✗ closed to r=13 of 16 (598 tiles, 1251294 backtracks, 39381424 nodes, 238.4s)
  attempt 34: ✗ closed to r=15 of 16 (1018 tiles, 1973059 backtracks, 43543469 nodes, 236.5s)
  attempt 35: ✓ patch 03 —  305 tiles (89 stars), 8 star species, audit OK (0 overlaps, 0 holes, 0 double-booked slots), 1629953 backtracks, 316.0s
             rings r5:41 → r7:71 → r9:106 → r10:128 → r11:154 → r12:180 → r13:205 → r14:240 → r15:274 → r16:305
             3×5  4×211  3*15°×2  3*30°×1  3*45°×1  4*15°×1  6*90°×1  8*15°×1  8*45°×50  8*90°×32

3/3 gap-free patches, 1442 tiles total
species used across the gallery: 18/28 of the alphabet
never placed: 8, 12, 4*45°, 4*75°, 6*15°, 6*45°, 6*75°, 8*75°, 8*120°, 12*120°

→ /Users/alessandro/Desktop/University/Thesis/TilingAtlas/tmp-mixed-star-patches/shard-2/gallery.html
rasterised 3 PNGs at 1120px
