=== build-mixed-atlas (convex-isotoxal + star families) ===
  ctrnact-mixed-family-k1-01  4α.4*.6*.12*  P=1
  ctrnact-mixed-family-k1-02  4α.8α.6*.12*  P=1
  ctrnact-mixed-family-k1-03  6α.3*  P=1
  ctrnact-mixed-family-k1-04  8α.3*.6*  P=1
  ctrnact-mixed-family-k1-05  12α.3*  P=1
  ctrnact-mixed-family-k1-06  8α.4*  P=1
  ctrnact-mixed-family-k1-07  6α.12α.4*  P=1
  ctrnact-mixed-family-k1-08  4α.4*  P=1
  ctrnact-mixed-family-k1-09  4α.4*  P=1
  ctrnact-mixed-family-k1-10  4α.4*  P=1
  ctrnact-mixed-family-k1-11  4α.8α.4*  P=1
  ctrnact-mixed-family-k1-12  4α.8α.4*  P=1
  ctrnact-mixed-family-k1-13  4.4α.4*  P=1
  ctrnact-mixed-family-k1-14  8α.4*  P=1
  ctrnact-mixed-family-k1-15  6α.6*  P=1
  ctrnact-mixed-family-k1-16  4α.6*  P=1
  ctrnact-mixed-family-k1-17  3.4α.6*  P=1
  ctrnact-mixed-family-k1-18  6α.6*  P=1
  ctrnact-mixed-family-k1-19  4α.4*.8*  P=1
  ctrnact-mixed-family-k1-20  4α.3*  P=1
  ctrnact-mixed-family-k1-21  3.4α.3*  P=1
  ctrnact-mixed-family-k1-22  4α.6α.3*  P=1
  ctrnact-mixed-family-k1-23  4α.8α.3*  P=1
  ctrnact-mixed-family-k1-24  4α.3*.6*  P=1
  ctrnact-mixed-family-k1-25  4α.3*.4*.6*  P=1
  ctrnact-mixed-family-k1-26  4α.6α.3*.6*  P=1
  ctrnact-mixed-family-k1-27  4α.3*  P=1
  ctrnact-mixed-family-k1-28  6.4α.3*  P=1
  ctrnact-mixed-family-k1-29  4α.8α.3*.4*  P=1
  ctrnact-mixed-family-k1-30  4α.6α.3*.6*  P=1
  ctrnact-mixed-family-k1-31  4α.8α.4*  P=1
  ctrnact-mixed-family-k1-32  4α.8α.4*  P=1
  ctrnact-mixed-family-k1-33  4α.6α.4*.6*  P=1
  ctrnact-mixed-family-k1-34  4α.3*  P=1
  ctrnact-mixed-family-k1-35  4α.3*.4*  P=1
  ctrnact-mixed-family-k1-36  4α.3*.4*  P=1
  ctrnact-mixed-family-k1-37  4α.6α.3*  P=1
  ctrnact-mixed-family-k1-38  4α.3*.6*  P=1
  ctrnact-mixed-family-k2-01  3.4α.6α.12*  P=1
  ctrnact-mixed-family-k2-02  6α.3*  P=1
  ctrnact-mixed-family-k2-03  6α.3*  P=1
  ctrnact-mixed-family-k2-04  6α.3*  P=1
  ctrnact-mixed-family-k2-05  6.6α.3*  P=1
  ctrnact-mixed-family-k2-06  6.6α.3*  P=1
  ctrnact-mixed-family-k2-07  4α.3*  P=1
  ctrnact-mixed-family-k2-08  6α.12α.3*.6*  P=1
  ctrnact-mixed-family-k2-09  3.4α.3*  P=1
  ctrnact-mixed-family-k2-10  3.6α.3*  P=1
  ctrnact-mixed-family-k2-11  4α.4*  P=1
  ctrnact-mixed-family-k2-12  6α.8α.4*.6*  P=1
  ctrnact-mixed-family-k2-13  4α.8α.4*  P=1
  ctrnact-mixed-family-k2-14  4α.4*  P=1
  ctrnact-mixed-family-k2-15  3.4α.4*  P=1
  ctrnact-mixed-family-k2-16  4α.4*  P=1
  ctrnact-mixed-family-k2-17  4.4α.4*  P=1
  ctrnact-mixed-family-k2-18  4α.8α.4*  P=1
  ctrnact-mixed-family-k2-19  4α.4*  P=1
  ctrnact-mixed-family-k2-20  4α.4*  P=1
  ctrnact-mixed-family-k2-21  4α.4*  P=1
  ctrnact-mixed-family-k2-22  4α.4*  P=1
  ctrnact-mixed-family-k2-23  4α.4*  P=1
  ctrnact-mixed-family-k2-24  4α.4*  P=1
  ctrnact-mixed-family-k2-25  4α.4*  P=1
  ctrnact-mixed-family-k2-26  4α.8α.4*  P=1
  ctrnact-mixed-family-k2-27  4.4α.4*  P=1
  ctrnact-mixed-family-k2-28  4α.8α.4*  P=1
  ctrnact-mixed-family-k2-29  4α.8α.4*  P=1
  ctrnact-mixed-family-k2-30  4α.8α.4*  P=1
  ctrnact-mixed-family-k2-31  4α.8α.4*  P=1
  ctrnact-mixed-family-k2-32  4α.8α.4*  P=1
  ctrnact-mixed-family-k2-33  4α.8α.4*  P=1
  ctrnact-mixed-family-k2-34  4α.8α.4*  P=1
  ctrnact-mixed-family-k2-35  8.4α.4*  P=1
  ctrnact-mixed-family-k2-36  4α.8α.4*  P=1
  ctrnact-mixed-family-k2-37  4.4α.8α.4*  P=1
  ctrnact-mixed-family-k2-38  3.4α.8α.4*  P=1
  ctrnact-mixed-family-k2-39  4α.8α.4*  P=1
  ctrnact-mixed-family-k2-40  4α.8α.4*  P=1
  ctrnact-mixed-family-k2-41  4α.8α.4*  P=1
  ctrnact-mixed-family-k2-42  4α.8α.4*  P=1
  ctrnact-mixed-family-k2-43  4α.8α.4*  P=1
  ctrnact-mixed-family-k2-44  3.4α.4*.8*  P=1
  ctrnact-mixed-family-k2-45  4α.3*.6*  P=1
  ctrnact-mixed-family-k2-46  4α.6α.6*  P=1
  ctrnact-mixed-family-k2-47  4α.3*.6*  P=1
  ctrnact-mixed-family-k2-48  3.6α.6*  P=1
  ctrnact-mixed-family-k2-49  4α.6α.6*  P=1
  ctrnact-mixed-family-k2-50  4α.3*.6*  P=1
  ctrnact-mixed-family-k2-51  3.4α.6*  P=1
  ctrnact-mixed-family-k2-52  3.4α.6*  P=1
  ctrnact-mixed-family-k2-53  3.4α.6*  P=1
  ctrnact-mixed-family-k2-54  4α.6α.6*  P=1
  ctrnact-mixed-family-k2-55  4α.6α.6*  P=1
  ctrnact-mixed-family-k2-56  4.4α.6α.6*  P=1
  ctrnact-mixed-family-k2-57  4α.3*.6*  P=1
  ctrnact-mixed-family-k2-58  4.4α.3*.6*  P=1
  ctrnact-mixed-family-k2-59  4.4α.6α.6*  P=1
  ctrnact-mixed-family-k2-60  3.4α.8α.8*  P=1
  ctrnact-mixed-family-k3-01  4α.8α.4*.6*.12*  P=1
  ctrnact-mixed-family-k3-02  4α.8α.4*.6*.12*  P=1
  ctrnact-mixed-family-k3-03  4α.8α.4*.6*.12*  P=1
  ctrnact-mixed-family-k3-04  4α.8α.4*.6*.12*  P=1
  ctrnact-mixed-family-k3-05  6α.3*  P=1
  ctrnact-mixed-family-k3-06  4α.6α.3*  P=1
  ctrnact-mixed-family-k3-07  3.6α.3*  P=1
  ctrnact-mixed-family-k3-08  4.4α.6α.3*  P=1
  ctrnact-mixed-family-k3-09  4.4α.6α.3*  P=1
  ctrnact-mixed-family-k3-10  4α.6α.3*  P=1
  ctrnact-mixed-family-k3-11  4.4α.6α.3*  P=1
  ctrnact-mixed-family-k3-12  4.4α.6α.3*  P=1
  ctrnact-mixed-family-k3-13  3.6α.3*  P=1
  ctrnact-mixed-family-k3-14  3.6.4α.3*  P=1
  ctrnact-mixed-family-k3-15  4α.3*  P=1
  ctrnact-mixed-family-k3-16  3.4α.3*  P=1
  ctrnact-mixed-family-k3-17  3.4α.3*  P=1
  ctrnact-mixed-family-k3-18  3.4α.3*  P=1
  ctrnact-mixed-family-k3-19  6α.12α.3*.6*  P=1
  ctrnact-mixed-family-k3-20  3.4α.12α.3*  P=1
  ctrnact-mixed-family-k3-21  3.4α.3*  P=1
  ctrnact-mixed-family-k3-22  3.4α.3*  P=1
  ctrnact-mixed-family-k3-23  3.4α.3*  P=1
  ctrnact-mixed-family-k3-24  3.4α.3*  P=1
  ctrnact-mixed-family-k3-25  3.4α.3*  P=1
  ctrnact-mixed-family-k3-26  3.4α.3*  P=1
  ctrnact-mixed-family-k3-27  3.4α.3*  P=1
  ctrnact-mixed-family-k3-28  3.6.4α.3*  P=1
  ctrnact-mixed-family-k3-29  3.4α.6α.3*  P=1
  ctrnact-mixed-family-k3-30  4α.3*  P=1
  ctrnact-mixed-family-k3-31  3.4α.3*  P=1
  ctrnact-mixed-family-k3-32  4α.3*  P=1
  ctrnact-mixed-family-k3-33  3.4α.6α.3*  P=1
  ctrnact-mixed-family-k3-34  3.4α.6α.3*  P=1
  ctrnact-mixed-family-k3-35  4α.6α.3*  P=1
  ctrnact-mixed-family-k3-36  4α.6α.3*  P=1
  ctrnact-mixed-family-k3-37  3.6α.3*  P=1
  ctrnact-mixed-family-k3-38  3.4α.6α.3*  P=1
  ctrnact-mixed-family-k3-39  3.4α.6α.3*  P=1
  ctrnact-mixed-family-k3-40  4α.6α.3*  P=1
  ctrnact-mixed-family-k3-41  4α.6α.3*  P=1
  ctrnact-mixed-family-k3-42  3.6α.3*  P=1
  ctrnact-mixed-family-k3-43  4.4α.4*  P=1
  ctrnact-mixed-family-k3-44  4.4α.4*  P=1
  ctrnact-mixed-family-k3-45  4.4α.4*  P=1
  ctrnact-mixed-family-k3-46  4.4α.4*  P=1
  ctrnact-mixed-family-k3-47  6α.8α.4*.6*  P=1
  ctrnact-mixed-family-k3-48  6α.8α.4*.6*  P=1
  ctrnact-mixed-family-k3-49  6α.8α.4*.6*  P=1
  ctrnact-mixed-family-k3-50  4α.8α.4*  P=1
  ctrnact-mixed-family-k3-51  4α.8α.4*  P=1
  ctrnact-mixed-family-k3-52  3.6.4α.6α.4*  P=1
  ctrnact-mixed-family-k3-53  3.4α.8α.4*  P=1
  ctrnact-mixed-family-k3-54  3.4α.8α.4*  P=1
  ctrnact-mixed-family-k3-55  3.4α.8α.4*  P=1
  ctrnact-mixed-family-k3-56  4α.4*  P=1
  ctrnact-mixed-family-k3-57  4α.4*  P=1
  ctrnact-mixed-family-k3-58  4α.4*  P=1
  ctrnact-mixed-family-k3-59  4α.8α.4*  P=1
  ctrnact-mixed-family-k3-60  4α.8α.4*  P=1
  ctrnact-mixed-family-k3-61  4α.4*  P=1
  ctrnact-mixed-family-k3-62  4α.8α.4*  P=1
  ctrnact-mixed-family-k3-63  4α.8α.4*  P=1
  ctrnact-mixed-family-k3-64  4α.8α.4*  P=1
  ctrnact-mixed-family-k3-65  4α.4*  P=1
  ctrnact-mixed-family-k3-66  4α.4*  P=1
  ctrnact-mixed-family-k3-67  4α.4*  P=1
  ctrnact-mixed-family-k3-68  4α.4*  P=1
  ctrnact-mixed-family-k3-69  4α.4*  P=1
  ctrnact-mixed-family-k3-70  4α.4*  P=1
  ctrnact-mixed-family-k3-71  4α.4*  P=1
  ctrnact-mixed-family-k3-72  4α.4*  P=1
  ctrnact-mixed-family-k3-73  4α.4*  P=1
  ctrnact-mixed-family-k3-74  4α.4*  P=1
  ctrnact-mixed-family-k3-75  4α.4*  P=1
  ctrnact-mixed-family-k3-76  4α.4*  P=1
  ctrnact-mixed-family-k3-77  4α.4*  P=1
  ctrnact-mixed-family-k3-78  4α.4*  P=1
  ctrnact-mixed-family-k3-79  4α.4*  P=1
  ctrnact-mixed-family-k3-80  4α.4*  P=1
  ctrnact-mixed-family-k3-81  4α.4*  P=1
  ctrnact-mixed-family-k3-82  4α.8α.4*  P=1
  ctrnact-mixed-family-k3-83  4α.8α.4*  P=1
  ctrnact-mixed-family-k3-84  4α.8α.4*  P=1
  ctrnact-mixed-family-k3-85  4.4α.4*  P=1
  ctrnact-mixed-family-k3-86  4α.8α.4*  P=1
  ctrnact-mixed-family-k3-87  4α.8α.4*  P=1
  ctrnact-mixed-family-k3-88  4α.8α.4*  P=1
  ctrnact-mixed-family-k3-89  4α.8α.4*  P=1
  ctrnact-mixed-family-k3-90  4α.8α.4*  P=1
  ctrnact-mixed-family-k3-91  4α.8α.4*  P=1
  ctrnact-mixed-family-k3-92  4α.8α.4*  P=1
  ctrnact-mixed-family-k3-93  4α.8α.4*  P=1
  ctrnact-mixed-family-k3-94  4α.8α.4*  P=1
  ctrnact-mixed-family-k3-95  4α.8α.4*  P=1
  ctrnact-mixed-family-k3-96  4α.8α.4*  P=1
  ctrnact-mixed-family-k3-97  4α.8α.4*  P=1
  ctrnact-mixed-family-k3-98  4α.8α.4*  P=1
  ctrnact-mixed-family-k3-99  4α.8α.4*  P=1
  ctrnact-mixed-family-k3-100  4α.8α.4*  P=1
  ctrnact-mixed-family-k3-101  4α.8α.4*  P=1
  ctrnact-mixed-family-k3-102  4α.8α.4*  P=1
  ctrnact-mixed-family-k3-103  4α.8α.4*  P=1
  ctrnact-mixed-family-k3-104  4α.8α.4*  P=1
  ctrnact-mixed-family-k3-105  4α.8α.4*  P=1
  ctrnact-mixed-family-k3-106  4α.8α.4*  P=1
  ctrnact-mixed-family-k3-107  4α.8α.4*  P=1
  ctrnact-mixed-family-k3-108  4α.8α.4*  P=1
  ctrnact-mixed-family-k3-109  4α.8α.4*  P=1
  ctrnact-mixed-family-k3-110  4α.8α.4*  P=1
  ctrnact-mixed-family-k3-111  4α.8α.4*  P=1
  ctrnact-mixed-family-k3-112  4α.8α.4*  P=1
  ctrnact-mixed-family-k3-113  4α.8α.4*  P=1
  ctrnact-mixed-family-k3-114  4α.8α.4*  P=1
  ctrnact-mixed-family-k3-115  4α.8α.4*  P=1
  ctrnact-mixed-family-k3-116  4α.8α.4*  P=1
  ctrnact-mixed-family-k3-117  4α.8α.4*  P=1
  ctrnact-mixed-family-k3-118  4α.8α.4*  P=1
  ctrnact-mixed-family-k3-119  4α.8α.4*  P=1
  ctrnact-mixed-family-k3-120  4α.8α.4*  P=1
  ctrnact-mixed-family-k3-121  4α.8α.4*  P=1
  ctrnact-mixed-family-k3-122  4α.8α.4*  P=1
  ctrnact-mixed-family-k3-123  4α.8α.4*  P=1
  ctrnact-mixed-family-k3-124  4α.8α.4*  P=1
  ctrnact-mixed-family-k3-125  4α.8α.4*  P=1
  ctrnact-mixed-family-k3-126  4α.8α.4*  P=1
  ctrnact-mixed-family-k3-127  4α.8α.4*  P=1
  ctrnact-mixed-family-k3-128  4α.8α.4*  P=1
  ctrnact-mixed-family-k3-129  4α.8α.4*  P=1
  ctrnact-mixed-family-k3-130  4α.8α.4*  P=1
  ctrnact-mixed-family-k3-131  4α.8α.4*  P=1
  ctrnact-mixed-family-k3-132  4α.8α.4*  P=1
  ctrnact-mixed-family-k3-133  4.4α.4*  P=1
  ctrnact-mixed-family-k3-134  4.4α.4*  P=1
  ctrnact-mixed-family-k3-135  4α.3*.4*.6*  P=1
  ctrnact-mixed-family-k3-136  4.4α.4*  P=1
  ctrnact-mixed-family-k3-137  4.4α.4*  P=1
  ctrnact-mixed-family-k3-138  4.4α.4*  P=1
  ctrnact-mixed-family-k3-139  4.4α.4*  P=1
  ctrnact-mixed-family-k3-140  4.4α.4*  P=1
  ctrnact-mixed-family-k3-141  4α.8α.4*  P=1
  ctrnact-mixed-family-k3-142  4α.8α.4*  P=1
  ctrnact-mixed-family-k3-143  4α.8α.4*  P=1
  ctrnact-mixed-family-k3-144  4α.8α.4*  P=1
  ctrnact-mixed-family-k3-145  4α.8α.4*  P=1
  ctrnact-mixed-family-k3-146  4α.8α.4*  P=1
  ctrnact-mixed-family-k3-147  4α.8α.4*  P=1
  ctrnact-mixed-family-k3-148  4α.8α.4*  P=1
  ctrnact-mixed-family-k3-149  3.4α.4*  P=1
  ctrnact-mixed-family-k3-150  4α.8α.4*  P=1
  ctrnact-mixed-family-k3-151  3.4α.6*  P=1
  ctrnact-mixed-family-k3-152  3.4α.6*  P=1
  ctrnact-mixed-family-k3-153  3.4α.6*  P=1
  ctrnact-mixed-family-k3-154  3.4α.6α.6*  P=1
  ctrnact-mixed-family-k3-155  3.4α.6α.6*  P=1
  ctrnact-mixed-family-k3-156  3.4α.6*  P=1
  ctrnact-mixed-family-k3-157  3.4α.6*  P=1
  ctrnact-mixed-family-k3-158  3.4α.6*  P=1
  ctrnact-mixed-family-k3-159  3.4α.6*  P=1
  ctrnact-mixed-family-k3-160  3.4α.3*.6*  P=1
  ctrnact-mixed-family-k3-161  4α.8α.8*  P=1
  ctrnact-mixed-family-k4-01  4α.8α.4*.6*.12*  P=1
  ctrnact-mixed-family-k4-02  4α.8α.4*.6*.12*  P=1
  ctrnact-mixed-family-k4-03  4α.6α.8α.3*.12*  P=1
  ctrnact-mixed-family-k4-04  3.4α.3*.6*  P=1
  ctrnact-mixed-family-k4-05  3.4.4α.3*.6*  P=1
  ctrnact-mixed-family-k4-06  3.4.4α.12α.3*  P=1
  ctrnact-mixed-family-k4-07  4.4α.6α.3*  P=1
  ctrnact-mixed-family-k4-08  3.4α.3*  P=1
  ctrnact-mixed-family-k4-09  6.4α.6α.3*  P=1
  ctrnact-mixed-family-k4-10  4α.3*  P=1
  ctrnact-mixed-family-k4-11  4α.6α.3*  P=1
  ctrnact-mixed-family-k4-12  4α.6α.3*  P=1
  ctrnact-mixed-family-k4-13  6α.3*  P=1
  ctrnact-mixed-family-k4-14  3.6α.3*.6*  P=1
  ctrnact-mixed-family-k4-15  4α.6α.3*  P=1
  ctrnact-mixed-family-k4-16  6.6α.3*  P=1
  ctrnact-mixed-family-k4-17  4.4α.6α.3*  P=1
  ctrnact-mixed-family-k4-18  4.4α.6α.3*  P=1
  ctrnact-mixed-family-k4-19  4.4α.6α.3*  P=1
  ctrnact-mixed-family-k4-20  4.4α.6α.3*  P=1
  ctrnact-mixed-family-k4-21  4.4α.6α.3*  P=1
  ctrnact-mixed-family-k4-22  4.4α.6α.3*  P=1
  ctrnact-mixed-family-k4-23  4.4α.6α.3*  P=1
  ctrnact-mixed-family-k4-24  4.4α.6α.3*  P=1
  ctrnact-mixed-family-k4-25  4.4α.6α.3*  P=1
  ctrnact-mixed-family-k4-26  4.4α.6α.3*  P=1
  ctrnact-mixed-family-k4-27  4.4α.6α.3*.6*  P=1
  ctrnact-mixed-family-k4-28  4.4α.6α.3*.6*  P=1
  ctrnact-mixed-family-k4-29  4.4α.6α.3*  P=1
  ctrnact-mixed-family-k4-30  4.4α.6α.3*  P=1
  ctrnact-mixed-family-k4-31  4.4α.6α.3*.6*  P=1
  ctrnact-mixed-family-k4-32  4α.6α.3*  P=1
  ctrnact-mixed-family-k4-33  4α.6α.3*  P=1
  ctrnact-mixed-family-k4-34  4.4α.6α.3*  P=1
  ctrnact-mixed-family-k4-35  4.4α.6α.3*  P=1
  ctrnact-mixed-family-k4-36  4α.6α.3*.6*  P=1
  ctrnact-mixed-family-k4-37  4.4α.6α.3*.6*  P=1
  ctrnact-mixed-family-k4-38  4.4α.6α.3*.6*  P=1
  ctrnact-mixed-family-k4-39  4.4α.6α.3*.6*  P=1
  ctrnact-mixed-family-k4-40  3.4α.6α.3*  P=1
  ctrnact-mixed-family-k4-41  4α.6α.3*  P=1
  ctrnact-mixed-family-k4-42  4.4α.6α.3*  P=1
  ctrnact-mixed-family-k4-43  4.4α.6α.3*  P=1
  ctrnact-mixed-family-k4-44  4.4α.6α.3*  P=1
  ctrnact-mixed-family-k4-45  4.4α.6α.3*  P=1
  ctrnact-mixed-family-k4-46  4.4α.6α.3*  P=1
  ctrnact-mixed-family-k4-47  4.4α.6α.3*  P=1
  ctrnact-mixed-family-k4-48  6.6α.3*  P=1
  ctrnact-mixed-family-k4-49  4α.8α.3*.4*.6*  P=1
  ctrnact-mixed-family-k4-50  6α.8α.3*.4*.6*  P=1
  ctrnact-mixed-family-k4-51  6α.8α.3*.4*.6*  P=1
  ctrnact-mixed-family-k4-52  6α.8α.3*.4*.6*  P=1
  ctrnact-mixed-family-k4-53  4α.8α.3*.4*.6*  P=1
  ctrnact-mixed-family-k4-54  4α.8α.3*.4*.6*  P=1
  ctrnact-mixed-family-k4-55  3.6.4α.3*  P=1
  ctrnact-mixed-family-k4-56  3.6.6α.3*  P=1
  ctrnact-mixed-family-k4-57  3.6.4α.6α.3*  P=1
  ctrnact-mixed-family-k4-58  6.4α.3*  P=1
  ctrnact-mixed-family-k4-59  6.4α.3*  P=1
  ctrnact-mixed-family-k4-60  3.6.4α.3*  P=1
  ctrnact-mixed-family-k4-61  6.4α.6α.3*  P=1
  ctrnact-mixed-family-k4-62  3.4α.3*  P=1
  ctrnact-mixed-family-k4-63  3.4α.3*  P=1
  ctrnact-mixed-family-k4-64  3.4α.3*  P=1
  ctrnact-mixed-family-k4-65  3.4α.3*  P=1
  ctrnact-mixed-family-k4-66  3.4α.3*  P=1
  ctrnact-mixed-family-k4-67  3.4α.3*  P=1
  ctrnact-mixed-family-k4-68  3.4α.3*  P=1
  ctrnact-mixed-family-k4-69  3.4α.3*  P=1
  ctrnact-mixed-family-k4-70  3.4α.3*  P=1
  ctrnact-mixed-family-k4-71  4α.3*  P=1
  ctrnact-mixed-family-k4-72  3.4α.3*.6*  P=1
  ctrnact-mixed-family-k4-73  6α.12α.3*.6*  P=1
  ctrnact-mixed-family-k4-74  3.4α.12α.3*  P=1
  ctrnact-mixed-family-k4-75  3.6.4α.12α.3*  P=1
  ctrnact-mixed-family-k4-76  3.6.4α.12α.3*  P=1
  ctrnact-mixed-family-k4-77  6α.12α.3*.6*  P=1
  ctrnact-mixed-family-k4-78  3.4α.12α.3*  P=1
  ctrnact-mixed-family-k4-79  3.4α.12α.3*  P=1
  ctrnact-mixed-family-k4-80  3.4α.3*  P=1
  ctrnact-mixed-family-k4-81  3.4α.3*  P=1
  ctrnact-mixed-family-k4-82  3.4α.3*  P=1
  ctrnact-mixed-family-k4-83  3.4α.3*  P=1
  ctrnact-mixed-family-k4-84  3.4α.3*  P=1
  ctrnact-mixed-family-k4-85  3.4α.3*  P=1
  ctrnact-mixed-family-k4-86  3.4α.3*  P=1
  ctrnact-mixed-family-k4-87  3.4α.3*  P=1
  ctrnact-mixed-family-k4-88  3.4α.3*  P=1
  ctrnact-mixed-family-k4-89  3.4α.3*  P=1
  ctrnact-mixed-family-k4-90  3.4α.3*  P=1
  ctrnact-mixed-family-k4-91  3.4α.3*  P=1
  ctrnact-mixed-family-k4-92  3.4α.3*  P=1
  ctrnact-mixed-family-k4-93  3.4α.3*  P=1
  ctrnact-mixed-family-k4-94  3.4α.3*  P=1
  ctrnact-mixed-family-k4-95  3.4α.3*  P=1
  ctrnact-mixed-family-k4-96  3.4α.3*.6*  P=1
  ctrnact-mixed-family-k4-97  3.4α.3*.6*  P=1
  ctrnact-mixed-family-k4-98  3.4α.3*.6*  P=1
  ctrnact-mixed-family-k4-99  3.4α.3*.6*  P=1
  ctrnact-mixed-family-k4-100  3.4α.12α.3*  P=1
  ctrnact-mixed-family-k4-101  3.4α.12α.3*  P=1
  ctrnact-mixed-family-k4-102  3.4α.12α.3*  P=1
  ctrnact-mixed-family-k4-103  3.4α.3*  P=1
  ctrnact-mixed-family-k4-104  3.6.4α.3*  P=1
  ctrnact-mixed-family-k4-105  3.4α.3*.6*  P=1
  ctrnact-mixed-family-k4-106  3.6.4α.3*  P=1
  ctrnact-mixed-family-k4-107  3.6.4α.3*  P=1
  ctrnact-mixed-family-k4-108  3.4α.3*  P=1
  ctrnact-mixed-family-k4-109  3.6.4α.6α.3*  P=1
  ctrnact-mixed-family-k4-110  3.4α.12α.3*  P=1
  ctrnact-mixed-family-k4-111  3.6.4α.3*  P=1
  ctrnact-mixed-family-k4-112  3.4α.3*.6*  P=1
  ctrnact-mixed-family-k4-113  6.4α.6α.3*  P=1
  ctrnact-mixed-family-k4-114  4α.12α.3*  P=1
  ctrnact-mixed-family-k4-115  6.4α.3*  P=1
  ctrnact-mixed-family-k4-116  3.4α.3*.6*  P=1
  ctrnact-mixed-family-k4-117  3.4α.6α.3*  P=1
  ctrnact-mixed-family-k4-118  3.4α.6α.3*  P=1
  ctrnact-mixed-family-k4-119  3.4α.6α.3*  P=1
  ctrnact-mixed-family-k4-120  4α.6α.3*  P=1
  ctrnact-mixed-family-k4-121  3.4α.6α.3*  P=1
  ctrnact-mixed-family-k4-122  3.6α.3*  P=1
  ctrnact-mixed-family-k4-123  3.6α.12α.3*  P=1
  ctrnact-mixed-family-k4-124  3.6α.3*  P=1
  ctrnact-mixed-family-k4-125  3.4α.6α.3*.6*  P=1
  ctrnact-mixed-family-k4-126  3.4α.6α.3*  P=1
  ctrnact-mixed-family-k4-127  3.4α.6α.3*  P=1
  ctrnact-mixed-family-k4-128  4α.6α.3*  P=1
  ctrnact-mixed-family-k4-129  4α.6α.3*  P=1
  ctrnact-mixed-family-k4-130  3.4α.6α.3*  P=1
  ctrnact-mixed-family-k4-131  3.4α.6α.3*  P=1
  ctrnact-mixed-family-k4-132  3.4α.6α.3*  P=1
  ctrnact-mixed-family-k4-133  3.4α.6α.3*  P=1
  ctrnact-mixed-family-k4-134  3.4α.6α.3*  P=1
  ctrnact-mixed-family-k4-135  3.4α.6α.3*  P=1
  ctrnact-mixed-family-k4-136  4α.6α.3*  P=1
  ctrnact-mixed-family-k4-137  4α.6α.3*  P=1
  ctrnact-mixed-family-k4-138  4α.6α.3*  P=1
  ctrnact-mixed-family-k4-139  4α.6α.3*  P=1
  ctrnact-mixed-family-k4-140  3.6α.3*  P=1
  ctrnact-mixed-family-k4-141  3.6α.3*  P=1
  ctrnact-mixed-family-k4-142  3.4α.6α.3*  P=1
  ctrnact-mixed-family-k4-143  3.4α.6α.3*.6*  P=1
  ctrnact-mixed-family-k4-144  3.4α.6α.3*.6*  P=1
  ctrnact-mixed-family-k4-145  3.4α.6α.3*  P=1
  ctrnact-mixed-family-k4-146  3.4α.6α.3*  P=1
  ctrnact-mixed-family-k4-147  3.4α.6α.3*  P=1
  ctrnact-mixed-family-k4-148  4α.6α.3*  P=1
  ctrnact-mixed-family-k4-149  4α.6α.3*  P=1
  ctrnact-mixed-family-k4-150  4α.6α.3*.6*  P=1
  ctrnact-mixed-family-k4-151  4α.6α.3*  P=1
  ctrnact-mixed-family-k4-152  4α.6α.3*  P=1
  ctrnact-mixed-family-k4-153  4α.6α.3*.6*  P=1
  ctrnact-mixed-family-k4-154  3.4α.6α.3*  P=1
  ctrnact-mixed-family-k4-155  3.4α.6α.3*  P=1
  ctrnact-mixed-family-k4-156  3.4α.6α.3*  P=1
  ctrnact-mixed-family-k4-157  3.4α.6α.3*  P=1
  ctrnact-mixed-family-k4-158  3.4α.6α.3*.6*  P=1
  ctrnact-mixed-family-k4-159  3.4α.6α.3*  P=1
  ctrnact-mixed-family-k4-160  3.4α.6α.3*  P=1
  ctrnact-mixed-family-k4-161  4α.6α.3*.6*  P=1
  ctrnact-mixed-family-k4-162  3.4α.6α.3*  P=1
  ctrnact-mixed-family-k4-163  3.4α.6α.3*  P=1
  ctrnact-mixed-family-k4-164  3.4α.6α.3*  P=1
  ctrnact-mixed-family-k4-165  3.4α.6α.3*  P=1
  ctrnact-mixed-family-k4-166  3.4α.6α.3*  P=1
  ctrnact-mixed-family-k4-167  3.4α.6α.3*  P=1
  ctrnact-mixed-family-k4-168  4α.6α.3*  P=1
  ctrnact-mixed-family-k4-169  4α.6α.3*  P=1
  ctrnact-mixed-family-k4-170  4α.6α.3*  P=1
  ctrnact-mixed-family-k4-171  4α.6α.3*  P=1
  ctrnact-mixed-family-k4-172  3.4α.6α.3*  P=1
  ctrnact-mixed-family-k4-173  3.4α.6α.3*  P=1
  ctrnact-mixed-family-k4-174  4α.6α.3*  P=1
  ctrnact-mixed-family-k4-175  4α.6α.3*  P=1
  ctrnact-mixed-family-k4-176  3.6α.3*  P=1
  ctrnact-mixed-family-k4-177  3.6α.3*  P=1
  ctrnact-mixed-family-k4-178  3.6.6α.3*  P=1
  ctrnact-mixed-family-k4-179  3.6.4α.6α.3*  P=1
  ctrnact-mixed-family-k4-180  6.4α.6α.3*  P=1
  ctrnact-mixed-family-k4-181  3.4α.4*  P=1
  ctrnact-mixed-family-k4-182  3.4α.4*  P=1
  ctrnact-mixed-family-k4-183  4.4α.4*  P=1
  ctrnact-mixed-family-k4-184  4.4α.4*  P=1
  ctrnact-mixed-family-k4-185  4.4α.8α.4*  P=1
  ctrnact-mixed-family-k4-186  4.4α.8α.4*  P=1
  ctrnact-mixed-family-k4-187  3.4α.6α.8α.4*  P=1
  ctrnact-mixed-family-k4-188  3.4α.6α.8α.4*  P=1
  ctrnact-mixed-family-k4-189  4α.6α.4*.6*  P=1
  ctrnact-mixed-family-k4-190  6α.8α.4*.6*  P=1
  ctrnact-mixed-family-k4-191  6α.8α.4*.6*  P=1
  ctrnact-mixed-family-k4-192  6α.8α.4*.6*  P=1
  ctrnact-mixed-family-k4-193  6α.8α.4*.6*  P=1
  ctrnact-mixed-family-k4-194  6α.8α.4*.6*  P=1
  ctrnact-mixed-family-k4-195  6α.8α.4*.6*  P=1
  ctrnact-mixed-family-k4-196  6α.8α.4*.6*  P=1
  ctrnact-mixed-family-k4-197  4α.8α.4*  P=1
  ctrnact-mixed-family-k4-198  4α.8α.4*  P=1
  ctrnact-mixed-family-k4-199  4α.8α.4*  P=1
  ctrnact-mixed-family-k4-200  4α.8α.4*  P=1
  ctrnact-mixed-family-k4-201  4α.8α.4*  P=1
  ctrnact-mixed-family-k4-202  4α.8α.4*  P=1
  ctrnact-mixed-family-k4-203  4.4α.8α.4*  P=1
  ctrnact-mixed-family-k4-204  4α.8α.4*  P=1
  ctrnact-mixed-family-k4-205  4α.8α.4*  P=1
  ctrnact-mixed-family-k4-206  4α.8α.4*  P=1
  ctrnact-mixed-family-k4-207  4.4α.8α.4*  P=1
  ctrnact-mixed-family-k4-208  4α.8α.4*  P=1
  ctrnact-mixed-family-k4-209  4α.8α.4*  P=1
  ctrnact-mixed-family-k4-210  4α.8α.4*  P=1
  ctrnact-mixed-family-k4-211  4α.8α.4*  P=1
  ctrnact-mixed-family-k4-212  4.4α.8α.4*  P=1
  ctrnact-mixed-family-k4-213  4.4α.8α.4*  P=1
  ctrnact-mixed-family-k4-214  8.4α.4*  P=1
  ctrnact-mixed-family-k4-215  8.4α.4*  P=1
  ctrnact-mixed-family-k4-216  3.4α.4*  P=1
  ctrnact-mixed-family-k4-217  3.4α.4*  P=1
  ctrnact-mixed-family-k4-218  4.8.4α.4*  P=1
  ctrnact-mixed-family-k4-219  3.4α.6α.4*  P=1
  ctrnact-mixed-family-k4-220  3.4.4α.8α.4*  P=1
  ctrnact-mixed-family-k4-221  4.4α.8α.4*  P=1
  ctrnact-mixed-family-k4-222  4α.4*  P=1
  ctrnact-mixed-family-k4-223  4α.4*  P=1
  ctrnact-mixed-family-k4-224  4α.4*  P=1
  ctrnact-mixed-family-k4-225  4α.4*  P=1
  ctrnact-mixed-family-k4-226  4α.4*  P=1
  ctrnact-mixed-family-k4-227  4α.4*  P=1
  ctrnact-mixed-family-k4-228  4α.4*  P=1
  ctrnact-mixed-family-k4-229  4α.4*  P=1
  ctrnact-mixed-family-k4-230  4α.8α.4*  P=1
  ctrnact-mixed-family-k4-231  4α.8α.4*  P=1
  ctrnact-mixed-family-k4-232  4α.8α.4*  P=1
  ctrnact-mixed-family-k4-233  4α.4*  P=1
  ctrnact-mixed-family-k4-234  4α.4*  P=1
  ctrnact-mixed-family-k4-235  4.4α.4*  P=1
  ctrnact-mixed-family-k4-236  4α.8α.4*  P=1
  ctrnact-mixed-family-k4-237  4α.8α.4*  P=1
  ctrnact-mixed-family-k4-238  4α.8α.4*  P=1
  ctrnact-mixed-family-k4-239  4α.8α.4*  P=1
  ctrnact-mixed-family-k4-240  4α.8α.4*  P=1
  ctrnact-mixed-family-k4-241  4α.4*  P=1
  ctrnact-mixed-family-k4-242  4α.4*  P=1
  ctrnact-mixed-family-k4-243  4α.4*  P=1
  ctrnact-mixed-family-k4-244  4α.4*  P=1
  ctrnact-mixed-family-k4-245  4α.4*  P=1
  ctrnact-mixed-family-k4-246  4α.4*  P=1
  ctrnact-mixed-family-k4-247  4α.4*  P=1
  ctrnact-mixed-family-k4-248  4α.4*  P=1
  ctrnact-mixed-family-k4-249  4α.4*  P=1
  ctrnact-mixed-family-k4-250  4α.4*  P=1
  ctrnact-mixed-family-k4-251  4α.4*  P=1
  ctrnact-mixed-family-k4-252  4α.4*  P=1
  ctrnact-mixed-family-k4-253  4α.4*  P=1
  ctrnact-mixed-family-k4-254  4α.4*  P=1
  ctrnact-mixed-family-k4-255  4α.4*  P=1
  ctrnact-mixed-family-k4-256  4α.4*  P=1
  ctrnact-mixed-family-k4-257  4α.4*  P=1
  ctrnact-mixed-family-k4-258  4α.4*  P=1
  ctrnact-mixed-family-k4-259  4α.4*  P=1
  ctrnact-mixed-family-k4-260  4α.4*  P=1
  ctrnact-mixed-family-k4-261  4α.4*  P=1
  ctrnact-mixed-family-k4-262  4α.4*  P=1
  ctrnact-mixed-family-k4-263  4α.4*  P=1
  ctrnact-mixed-family-k4-264  4α.4*  P=1
  ctrnact-mixed-family-k4-265  4α.4*  P=1
  ctrnact-mixed-family-k4-266  4α.4*  P=1
  ctrnact-mixed-family-k4-267  4α.8α.4*  P=1
  ctrnact-mixed-family-k4-268  4α.4*  P=1
  ctrnact-mixed-family-k4-269  4α.4*  P=1
  ctrnact-mixed-family-k4-270  4α.8α.4*  P=1
  ctrnact-mixed-family-k4-271  4α.8α.4*  P=1
  ctrnact-mixed-family-k4-272  4α.8α.4*  P=1
  ctrnact-mixed-family-k4-273  4α.8α.4*  P=1
  ctrnact-mixed-family-k4-274  4α.4*  P=1
  ctrnact-mixed-family-k4-275  4α.4*  P=1
  ctrnact-mixed-family-k4-276  4α.4*  P=1
  ctrnact-mixed-family-k4-277  4α.4*  P=1
  ctrnact-mixed-family-k4-278  4α.4*  P=1
  ctrnact-mixed-family-k4-279  4α.4*  P=1
  ctrnact-mixed-family-k4-280  4α.4*  P=1
  ctrnact-mixed-family-k4-281  4α.4*  P=1
  ctrnact-mixed-family-k4-282  4α.4*  P=1
  ctrnact-mixed-family-k4-283  4α.4*  P=1
  ctrnact-mixed-family-k4-284  4α.4*  P=1
  ctrnact-mixed-family-k4-285  4α.4*  P=1
  ctrnact-mixed-family-k4-286  4α.4*  P=1
  ctrnact-mixed-family-k4-287  4α.4*  P=1
  ctrnact-mixed-family-k4-288  4α.4*  P=1
  ctrnact-mixed-family-k4-289  4α.4*  P=1
  ctrnact-mixed-family-k4-290  4α.8α.4*  P=1
  ctrnact-mixed-family-k4-291  4α.8α.4*  P=1
  ctrnact-mixed-family-k4-292  4α.8α.4*  P=1
  ctrnact-mixed-family-k4-293  4α.8α.4*  P=1
  ctrnact-mixed-family-k4-294  4α.8α.4*  P=1
  ctrnact-mixed-family-k4-295  4α.8α.4*  P=1
  ctrnact-mixed-family-k4-296  4.4α.4*  P=1
  ctrnact-mixed-family-k4-297  4α.8α.4*  P=1
  ctrnact-mixed-family-k4-298  4α.8α.4*  P=1
  ctrnact-mixed-family-k4-299  4α.8α.4*  P=1
  ctrnact-mixed-family-k4-300  4α.8α.4*  P=1
  ctrnact-mixed-family-k4-301  4α.8α.4*  P=1
  ctrnact-mixed-family-k4-302  4α.8α.4*  P=1
  ctrnact-mixed-family-k4-303  4α.8α.4*  P=1
  ctrnact-mixed-family-k4-304  4.4α.4*  P=1
  ctrnact-mixed-family-k4-305  4.4α.4*  P=1
  ctrnact-mixed-family-k4-306  4α.8α.4*  P=1
  ctrnact-mixed-family-k4-307  4α.8α.4*  P=1
  ctrnact-mixed-family-k4-308  4α.8α.4*  P=1
  ctrnact-mixed-family-k4-309  4α.8α.4*  P=1
  ctrnact-mixed-family-k4-310  4α.8α.4*  P=1
  ctrnact-mixed-family-k4-311  4α.8α.4*  P=1
  ctrnact-mixed-family-k4-312  4α.8α.4*  P=1
  ctrnact-mixed-family-k4-313  4α.8α.4*  P=1
  ctrnact-mixed-family-k4-314  4α.8α.4*  P=1
  ctrnact-mixed-family-k4-315  4α.8α.4*  P=1
  ctrnact-mixed-family-k4-316  4α.8α.4*  P=1
  ctrnact-mixed-family-k4-317  4α.8α.4*  P=1
  ctrnact-mixed-family-k4-318  4α.8α.4*  P=1
  ctrnact-mixed-family-k4-319  4α.8α.4*  P=1
  ctrnact-mixed-family-k4-320  4α.8α.4*  P=1
  ctrnact-mixed-family-k4-321  4α.8α.4*  P=1
  ctrnact-mixed-family-k4-322  4α.8α.4*  P=1
  ctrnact-mixed-family-k4-323  4α.8α.4*  P=1
  ctrnact-mixed-family-k4-324  4α.8α.4*  P=1
  ctrnact-mixed-family-k4-325  4α.8α.4*  P=1
  ctrnact-mixed-family-k4-326  4α.8α.4*  P=1
  ctrnact-mixed-family-k4-327  4α.8α.4*  P=1
  ctrnact-mixed-family-k4-328  4α.8α.4*  P=1
  ctrnact-mixed-family-k4-329  4α.8α.4*  P=1
  ctrnact-mixed-family-k4-330  4α.8α.4*  P=1
  ctrnact-mixed-family-k4-331  4α.8α.4*  P=1
  ctrnact-mixed-family-k4-332  4α.8α.4*  P=1
  ctrnact-mixed-family-k4-333  4α.8α.4*  P=1
  ctrnact-mixed-family-k4-334  4α.8α.4*  P=1
  ctrnact-mixed-family-k4-335  4α.8α.4*  P=1
  ctrnact-mixed-family-k4-336  4α.8α.4*  P=1
  ctrnact-mixed-family-k4-337  4α.8α.4*  P=1
  ctrnact-mixed-family-k4-338  4α.8α.4*  P=1
  ctrnact-mixed-family-k4-339  4α.8α.4*  P=1
  ctrnact-mixed-family-k4-340  4α.8α.4*  P=1
  ctrnact-mixed-family-k4-341  4α.8α.4*  P=1
  ctrnact-mixed-family-k4-342  4α.8α.4*  P=1
  ctrnact-mixed-family-k4-343  4α.8α.4*  P=1
  ctrnact-mixed-family-k4-344  4α.8α.4*  P=1
  ctrnact-mixed-family-k4-345  4α.8α.4*  P=1
  ctrnact-mixed-family-k4-346  4α.8α.4*  P=1
  ctrnact-mixed-family-k4-347  4α.8α.4*  P=1
  ctrnact-mixed-family-k4-348  4α.8α.4*  P=1
  ctrnact-mixed-family-k4-349  4α.8α.4*  P=1
  ctrnact-mixed-family-k4-350  4α.8α.4*  P=1
  ctrnact-mixed-family-k4-351  4α.8α.4*  P=1
  ctrnact-mixed-family-k4-352  4α.8α.4*  P=1
  ctrnact-mixed-family-k4-353  4α.8α.4*  P=1
  ctrnact-mixed-family-k4-354  4α.8α.4*  P=1
  ctrnact-mixed-family-k4-355  4α.8α.4*  P=1
  ctrnact-mixed-family-k4-356  4α.8α.4*  P=1
  ctrnact-mixed-family-k4-357  4α.8α.4*  P=1
  ctrnact-mixed-family-k4-358  4α.8α.4*  P=1
  ctrnact-mixed-family-k4-359  4α.8α.4*  P=1
  ctrnact-mixed-family-k4-360  4α.8α.4*  P=1
  ctrnact-mixed-family-k4-361  4α.8α.4*  P=1
  ctrnact-mixed-family-k4-362  4α.8α.4*  P=1
  ctrnact-mixed-family-k4-363  4α.8α.4*  P=1
  ctrnact-mixed-family-k4-364  4α.8α.4*  P=1
  ctrnact-mixed-family-k4-365  4α.8α.4*  P=1
  ctrnact-mixed-family-k4-366  4α.8α.4*  P=1
  ctrnact-mixed-family-k4-367  4α.8α.4*  P=1
  ctrnact-mixed-family-k4-368  4α.8α.4*  P=1
  ctrnact-mixed-family-k4-369  4α.8α.4*  P=1
  ctrnact-mixed-family-k4-370  4α.8α.4*  P=1
  ctrnact-mixed-family-k4-371  4α.8α.4*  P=1
  ctrnact-mixed-family-k4-372  4α.8α.4*  P=1
  ctrnact-mixed-family-k4-373  4α.8α.4*  P=1
  ctrnact-mixed-family-k4-374  4α.8α.4*  P=1
  ctrnact-mixed-family-k4-375  4α.8α.4*  P=1
  ctrnact-mixed-family-k4-376  4α.8α.4*  P=1
  ctrnact-mixed-family-k4-377  4α.8α.4*  P=1
  ctrnact-mixed-family-k4-378  4α.8α.4*  P=1
  ctrnact-mixed-family-k4-379  4α.8α.4*  P=1
  ctrnact-mixed-family-k4-380  4α.8α.4*  P=1
  ctrnact-mixed-family-k4-381  4α.8α.4*  P=1
  ctrnact-mixed-family-k4-382  4α.8α.4*  P=1
  ctrnact-mixed-family-k4-383  4α.8α.4*  P=1
  ctrnact-mixed-family-k4-384  4α.8α.4*  P=1
  ctrnact-mixed-family-k4-385  4α.8α.4*  P=1
  ctrnact-mixed-family-k4-386  4α.8α.4*  P=1
  ctrnact-mixed-family-k4-387  4α.8α.4*  P=1
  ctrnact-mixed-family-k4-388  4α.8α.4*  P=1
  ctrnact-mixed-family-k4-389  4α.8α.4*  P=1
  ctrnact-mixed-family-k4-390  4α.8α.4*  P=1
  ctrnact-mixed-family-k4-391  4α.8α.4*  P=1
  ctrnact-mixed-family-k4-392  4α.8α.4*  P=1
  ctrnact-mixed-family-k4-393  4α.8α.4*  P=1
  ctrnact-mixed-family-k4-394  4α.8α.4*  P=1
  ctrnact-mixed-family-k4-395  4α.8α.4*  P=1
  ctrnact-mixed-family-k4-396  4α.8α.4*  P=1
  ctrnact-mixed-family-k4-397  4α.8α.4*  P=1
  ctrnact-mixed-family-k4-398  4α.8α.4*  P=1
  ctrnact-mixed-family-k4-399  4α.8α.4*  P=1
  ctrnact-mixed-family-k4-400  4α.8α.4*  P=1
  ctrnact-mixed-family-k4-401  4α.8α.4*  P=1
  ctrnact-mixed-family-k4-402  4α.8α.4*  P=1
  ctrnact-mixed-family-k4-403  4α.8α.4*  P=1
  ctrnact-mixed-family-k4-404  4α.8α.4*  P=1
  ctrnact-mixed-family-k4-405  4α.8α.4*  P=1
  ctrnact-mixed-family-k4-406  4α.8α.4*  P=1
  ctrnact-mixed-family-k4-407  4α.8α.4*  P=1
  ctrnact-mixed-family-k4-408  4α.8α.4*  P=1
  ctrnact-mixed-family-k4-409  4α.8α.4*  P=1
  ctrnact-mixed-family-k4-410  4α.8α.4*  P=1
  ctrnact-mixed-family-k4-411  4α.8α.4*  P=1
  ctrnact-mixed-family-k4-412  4α.8α.4*  P=1
  ctrnact-mixed-family-k4-413  4α.8α.4*  P=1
  ctrnact-mixed-family-k4-414  4α.8α.4*  P=1
  ctrnact-mixed-family-k4-415  4α.8α.4*  P=1
  ctrnact-mixed-family-k4-416  4α.8α.4*  P=1
  ctrnact-mixed-family-k4-417  4α.8α.4*  P=1
  ctrnact-mixed-family-k4-418  4α.8α.4*  P=1
  ctrnact-mixed-family-k4-419  4α.8α.4*  P=1
  ctrnact-mixed-family-k4-420  4α.8α.4*  P=1
  ctrnact-mixed-family-k4-421  4α.8α.4*  P=1
  ctrnact-mixed-family-k4-422  4α.8α.4*  P=1
  ctrnact-mixed-family-k4-423  4α.8α.4*  P=1
  ctrnact-mixed-family-k4-424  4α.8α.4*  P=1
  ctrnact-mixed-family-k4-425  4α.8α.4*  P=1
  ctrnact-mixed-family-k4-426  4α.8α.4*  P=1
  ctrnact-mixed-family-k4-427  4α.8α.4*  P=1
  ctrnact-mixed-family-k4-428  4α.8α.4*  P=1
  ctrnact-mixed-family-k4-429  4α.8α.4*  P=1
  ctrnact-mixed-family-k4-430  4α.8α.4*  P=1
  ctrnact-mixed-family-k4-431  4α.8α.4*  P=1
  ctrnact-mixed-family-k4-432  4α.8α.4*  P=1
  ctrnact-mixed-family-k4-433  4α.8α.4*  P=1
  ctrnact-mixed-family-k4-434  4α.8α.4*  P=1
  ctrnact-mixed-family-k4-435  4α.8α.4*  P=1
  ctrnact-mixed-family-k4-436  4α.8α.4*  P=1
  ctrnact-mixed-family-k4-437  4α.8α.4*  P=1
  ctrnact-mixed-family-k4-438  4α.8α.4*  P=1
  ctrnact-mixed-family-k4-439  4α.8α.4*  P=1
  ctrnact-mixed-family-k4-440  4α.4*  P=1
  ctrnact-mixed-family-k4-441  4α.4*  P=1
  ctrnact-mixed-family-k4-442  4.4α.4*  P=1
  ctrnact-mixed-family-k4-443  4.4α.4*  P=1
  ctrnact-mixed-family-k4-444  4.4α.8α.4*  P=1
  ctrnact-mixed-family-k4-445  4α.8α.4*  P=1
  ctrnact-mixed-family-k4-446  4α.8α.4*  P=1
  ctrnact-mixed-family-k4-447  4α.8α.4*  P=1
  ctrnact-mixed-family-k4-448  4α.8α.4*  P=1
  ctrnact-mixed-family-k4-449  4.4α.4*  P=1
  ctrnact-mixed-family-k4-450  4.4α.8α.4*  P=1
  ctrnact-mixed-family-k4-451  4.4α.4*  P=1
  ctrnact-mixed-family-k4-452  4.4α.4*  P=1
  ctrnact-mixed-family-k4-453  4.4α.4*  P=1
  ctrnact-mixed-family-k4-454  4.4α.4*  P=1
  ctrnact-mixed-family-k4-455  4.4α.4*  P=1
  ctrnact-mixed-family-k4-456  4.4α.8α.4*  P=1
  ctrnact-mixed-family-k4-457  4.4α.8α.4*  P=1
  ctrnact-mixed-family-k4-458  3.8.4α.4*.8*  P=1
  ctrnact-mixed-family-k4-459  8.4α.8α.4*  P=1
  ctrnact-mixed-family-k4-460  4α.8α.4*  P=1
  ctrnact-mixed-family-k4-461  4.4α.8α.4*  P=1
  ctrnact-mixed-family-k4-462  4α.8α.4*  P=1
  ctrnact-mixed-family-k4-463  4α.8α.4*  P=1
  ctrnact-mixed-family-k4-464  4α.8α.4*  P=1
  ctrnact-mixed-family-k4-465  4α.8α.4*  P=1
  ctrnact-mixed-family-k4-466  4α.8α.4*  P=1
  ctrnact-mixed-family-k4-467  4α.8α.4*  P=1
  ctrnact-mixed-family-k4-468  4α.8α.4*  P=1
  ctrnact-mixed-family-k4-469  4α.8α.4*  P=1
  ctrnact-mixed-family-k4-470  4α.8α.4*  P=1
  ctrnact-mixed-family-k4-471  4α.8α.4*  P=1
  ctrnact-mixed-family-k4-472  4α.8α.4*  P=1
  ctrnact-mixed-family-k4-473  4α.8α.4*  P=1
  ctrnact-mixed-family-k4-474  4α.8α.4*  P=1
  ctrnact-mixed-family-k4-475  4α.8α.4*  P=1
  ctrnact-mixed-family-k4-476  4α.8α.4*  P=1
  ctrnact-mixed-family-k4-477  4α.8α.4*  P=1
  ctrnact-mixed-family-k4-478  4α.8α.4*  P=1
  ctrnact-mixed-family-k4-479  4α.8α.4*  P=1
  ctrnact-mixed-family-k4-480  4α.8α.4*  P=1
  ctrnact-mixed-family-k4-481  4α.8α.4*  P=1
  ctrnact-mixed-family-k4-482  4α.8α.4*  P=1
  ctrnact-mixed-family-k4-483  4.4α.8α.4*  P=1
  ctrnact-mixed-family-k4-484  4.4α.8α.4*  P=1
  ctrnact-mixed-family-k4-485  4α.8α.4*  P=1
  ctrnact-mixed-family-k4-486  4.4α.8α.4*  P=1
  ctrnact-mixed-family-k4-487  4α.8α.4*  P=1
  ctrnact-mixed-family-k4-488  4α.8α.4*  P=1
  ctrnact-mixed-family-k4-489  4α.8α.4*  P=1
  ctrnact-mixed-family-k4-490  4.4α.8α.4*  P=1
  ctrnact-mixed-family-k4-491  4α.8α.4*  P=1
  ctrnact-mixed-family-k4-492  4α.8α.4*  P=1
  ctrnact-mixed-family-k4-493  4α.8α.4*  P=1
  ctrnact-mixed-family-k4-494  4.4α.8α.4*  P=1
  ctrnact-mixed-family-k4-495  4α.8α.4*  P=1
  ctrnact-mixed-family-k4-496  4α.8α.4*  P=1
  ctrnact-mixed-family-k4-497  3.4α.8α.4*.8*  P=1
  ctrnact-mixed-family-k4-498  4α.8α.4*  P=1
  ctrnact-mixed-family-k4-499  4α.8α.4*  P=1
  ctrnact-mixed-family-k4-500  3.4α.8α.4*  P=1
  ctrnact-mixed-family-k4-501  3.4α.8α.4*  P=1
  ctrnact-mixed-family-k4-502  3.4.4α.6α.6*  P=1
  ctrnact-mixed-family-k4-503  3.4α.6α.6*  P=1
  ctrnact-mixed-family-k4-504  4α.6α.6*  P=1
  ctrnact-mixed-family-k4-505  4α.6α.6*  P=1
  ctrnact-mixed-family-k4-506  3.4α.12α.6*  P=1
  ctrnact-mixed-family-k4-507  3.4α.6*  P=1
  ctrnact-mixed-family-k4-508  3.4α.6*  P=1
  ctrnact-mixed-family-k4-509  3.4α.6α.6*  P=1
  ctrnact-mixed-family-k4-510  3.4α.6α.6*  P=1
  ctrnact-mixed-family-k4-511  3.4α.6α.6*  P=1
  ctrnact-mixed-family-k4-512  3.6.4α.6α.6*  P=1
  ctrnact-mixed-family-k4-513  3.4α.6*  P=1
  ctrnact-mixed-family-k4-514  3.4α.6α.6*  P=1
  ctrnact-mixed-family-k4-515  4α.6α.6*  P=1
  ctrnact-mixed-family-k4-516  3.4α.6α.12α.6*  P=1
  ctrnact-mixed-family-k4-517  3.6.4α.6α.6*  P=1
  ctrnact-mixed-family-k4-518  6.4α.6α.6*  P=1
  ctrnact-mixed-family-k4-519  3.6α.6*  P=1
  ctrnact-mixed-family-k4-520  3.6.4α.6*  P=1
  ctrnact-mixed-family-k4-521  3.6.4α.6α.6*  P=1
  ctrnact-mixed-family-k4-522  3.6.4α.6α.6*  P=1
  ctrnact-mixed-family-k4-523  3.4α.6*  P=1
  ctrnact-mixed-family-k4-524  3.4α.6*  P=1
  ctrnact-mixed-family-k4-525  3.4α.6*  P=1
  ctrnact-mixed-family-k4-526  3.4α.6*  P=1
  ctrnact-mixed-family-k4-527  3.4α.6*  P=1
  ctrnact-mixed-family-k4-528  3.4α.3*.6*  P=1
  ctrnact-mixed-family-k4-529  3.4α.6*  P=1
  ctrnact-mixed-family-k4-530  3.4α.6*  P=1
  ctrnact-mixed-family-k4-531  3.4α.6*  P=1
  ctrnact-mixed-family-k4-532  3.4α.6*  P=1
  ctrnact-mixed-family-k4-533  3.4α.6*  P=1
  ctrnact-mixed-family-k4-534  3.4α.6*  P=1
  ctrnact-mixed-family-k4-535  3.4.4α.4*.8*  P=1
  ctrnact-mixed-family-k4-536  3.8.4α.8α.8*  P=1

  --- range plan: 42 entr(ies) ---
  ctrnact-mixed-family-k1-02  (0, 90) → (0, 120)  +30.00°  off-palette: 12*45 4*75 6*15
  ctrnact-mixed-family-k1-03  (60, 120) → (0, 120)  +60.00°  fold rotation @ 60°
  ctrnact-mixed-family-k1-04  (90, 150) → (0, 150)  +90.00°
  ctrnact-mixed-family-k1-05  (120, 180) → (120, 300)  +120.00°
  ctrnact-mixed-family-k1-06  (90, 180) → (0, 180)  +90.00°  fold rotation @ 90°
  ctrnact-mixed-family-k1-07  (60, 120) → (0, 150)  +90.00°  off-palette: 4*15 6*105
  ctrnact-mixed-family-k1-14  (90, 180) → (90, 270)  +90.00°  fold rotation @ 180°
  ctrnact-mixed-family-k1-15  (60, 180) → (0, 180)  +60.00°
  ctrnact-mixed-family-k1-18  (60, 180) → (60, 240)  +60.00°
  ctrnact-mixed-family-k1-19  (45, 90) → (45, 180)  +90.00°  off-palette: 8*105 8*120 8*60 8*75 cx4-15.165 cx4-30.150 cx4-45.135
  ctrnact-mixed-family-k2-01  (30, 150) → (0, 180)  +60.00°  fold reflection @ 90°  off-palette: 3*45 cx4-15.165
  ctrnact-mixed-family-k2-02  (90, 150) → (90, 240)  +90.00°  fold rotation @ 165°
  ctrnact-mixed-family-k2-03  (60, 90) → (60, 180)  +90.00°  fold rotation @ 120°
  ctrnact-mixed-family-k2-04  (60, 120) → (0, 120)  +60.00°  fold reflection @ 60°
  ctrnact-mixed-family-k2-05  (60, 120) → (0, 120)  +60.00°
  ctrnact-mixed-family-k2-06  (60, 120) → (0, 120)  +60.00°
  ctrnact-mixed-family-k2-07  (0, 60) → (0, 240)  +180.00°  fold reflection @ 120°
  ctrnact-mixed-family-k2-08  (60, 120) → (0, 120)  +60.00°  fold rotation @ 60°
  ctrnact-mixed-family-k2-09  (60, 120) → (60, 180)  +60.00°  off-palette: cx4-15.165 cx4-30.150 cx4-45.135
  ctrnact-mixed-family-k2-10  (60, 120) → (60, 240)  +120.00°  fold reflection @ 150°
  ctrnact-mixed-family-k2-11  (30, 120) → (30, 180)  +60.00°  off-palette: cx4-15.165 cx4-30.150 cx4-45.135
  ctrnact-mixed-family-k2-12  (60, 150) → (0, 150)  +60.00°
  ctrnact-mixed-family-k2-14  (45, 135) → (45, 180)  +45.00°  off-palette: cx4-15.165 cx4-30.150
  ctrnact-mixed-family-k2-15  (30, 120) → (30, 180)  +60.00°  off-palette: cx4-15.165 cx4-30.150 cx4-45.135
  ctrnact-mixed-family-k2-36  (60, 150) → (0, 180)  +90.00°  off-palette: 4*75 cx4-15.165 cx4-30.150 cx4-45.135
  ctrnact-mixed-family-k2-38  (30, 90) → (0, 90)  +30.00°  off-palette: 4*75 cx4-15.165
  ctrnact-mixed-family-k2-39  (45, 90) → (0, 90)  +45.00°  off-palette: 4*75 cx4-15.165 cx4-30.150
  ctrnact-mixed-family-k2-45  (30, 90) → (30, 180)  +90.00°
  ctrnact-mixed-family-k2-46  (0, 90) → (0, 150)  +60.00°
  ctrnact-mixed-family-k2-47  (45, 105) → (45, 180)  +75.00°
  ctrnact-mixed-family-k2-48  (60, 120) → (0, 240)  +180.00°
  ctrnact-mixed-family-k2-49  (0, 75) → (0, 135)  +60.00°
  ctrnact-mixed-family-k2-50  (60, 120) → (60, 180)  +60.00°  off-palette: cx4-15.165 cx4-30.150 cx4-45.135
  ctrnact-mixed-family-k2-51  (0, 120) → (0, 180)  +60.00°  off-palette: cx4-15.165 cx4-30.150 cx4-45.135
  ctrnact-mixed-family-k2-53  (0, 180) unchanged  fold reflection @ 90°
  ctrnact-mixed-family-k2-54  (0, 120) → (0, 180)  +60.00°  off-palette: 3*45 cx4-15.165 cx4-30.150 cx4-45.135
  ctrnact-mixed-family-k2-55  (60, 180) → (0, 180)  +60.00°  off-palette: 3*45 cx4-15.165 cx4-30.150 cx4-45.135
  ctrnact-mixed-family-k2-56  (0, 90) → (0, 120)  +30.00°  off-palette: 3*45 6*15
  ctrnact-mixed-family-k2-57  (30, 90) → (0, 90)  +30.00°  off-palette: cx4-15.165
  ctrnact-mixed-family-k2-58  (30, 90) → (30, 180)  +90.00°
  ctrnact-mixed-family-k2-59  (0, 90) → (0, 150)  +60.00°
  ctrnact-mixed-family-k2-60  (45, 135) → (0, 180)  +90.00°  fold reflection @ 90°  off-palette: 4*75 cx4-15.165 cx4-30.150
  widened 41 range(s) by 3015.00° total; marked 12 fold centre(s)
  pre-merge snapshot (795) → experiments/results/mixed-atlas-unmerged.json

  --- merge plan: 0 merge(s), 11 alias(es) ---
  absorbed 11 id(s): 0 merge partner(s) + 11 duplicate(s)
  795 → 784 entries; alias table → lib/services/mergedFamilyAliases.json

  --- coupled-family plan: 5 multi-parameter famil(ies) ---
  ctrnact-mixed-family-k2-02  P=2  axes cx6-105.135 × 3*1  region 6-gon  absorbs (none)
  ctrnact-mixed-family-k2-11  P=2  axes cx4-60.120 × 4*2  region 6-gon  absorbs 14
  ctrnact-mixed-family-k2-36  P=2  axes cx4-60.120 × cx4-75.105  region 4-gon  absorbs (none)
  ctrnact-mixed-family-k2-45  P=2  axes cx4-60.120 × 3*2  region 6-gon  absorbs 46, 47, 49, 50, 57
  ctrnact-mixed-family-k2-54  P=2  axes cx4-60.120 × cx4-75.105  region 5-gon  absorbs 55
  784 → 780 entries; coupled alias table → lib/services/coupledFamilyAliases.json
  crossing: 44 star × scaled tilings added (rigid, no slider)
  shard k=3: 193 families → public/reference-atlas-mixed-k3.json (1606.2 KB)
  shard k=4: 536 families → public/reference-atlas-mixed-k4.json (6111.3 KB)
  [15:18:57] shelf: 824 → 783 entries
  [15:18:57]   by k: k=1: 33, k=2: 53, k=3: 185, k=4: 512
  [15:18:57]   parametric: 743   rigid (no parameter): 40
  [15:18:57]   rewrote public/reference-atlas-mixed.json: 86 entries
  [15:18:57]   rewrote public/reference-atlas-mixed-k3.json: 185 entries
  [15:18:57]   rewrote public/reference-atlas-mixed-k4.json: 512 entries
  wrote 824 mixed families (0 skipped) → public/reference-atlas-mixed.json (463.4 KB), elapsed 199.30s
