[11:59:58] === shelf dedup: 1496 entries across 5 file(s) ===
[11:59:58]     public/reference-atlas-period.json
[11:59:58]     public/reference-atlas-period-k3.json
[11:59:58]     public/reference-atlas-period-k4.json
[11:59:58]     public/reference-atlas-period-k5.json
[11:59:58]     public/reference-atlas-period-k6.json
[12:00:09]   keyed 200/1496
[12:00:20]   keyed 400/1496
[12:00:44]   keyed 600/1496
[12:01:12]   keyed 800/1496
[12:01:41]   keyed 1000/1496
[12:01:54]   keyed 1200/1496
[12:02:14]   keyed 1400/1496
[12:02:32] keyed 1496 of 1496 (0 unkeyable, kept as-is)
[12:02:32] 
[12:02:32] 1026 entries are not their own tiling:
[12:02:32]   pc-13_10_1-k1-002            is a sub-family of pc-13_10_1-k2-003  (dim 2 → 3)
[12:02:32]   pc-13_10_1-k1-003            is a sub-family of pc-13_10_1-k2-003  (dim 2 → 3)
[12:02:32]   pc-13_10_1-k1-004            is a sub-family of pc-13_10_1-k2-003  (dim 2 → 3)
[12:02:32]   pc-13_10_1-k2-002            is the same family as pc-13_10_1-k2-001  (dim 2 → 2)
[12:02:32]   pc-13_10_1-k2-004            is the same family as pc-13_10_1-k2-003  (dim 3 → 3)
[12:02:32]   pc-13_10_1-k2-005            is the same family as pc-13_10_1-k2-001  (dim 2 → 2)
[12:02:32]   pc-13_10_1-k2-007            is the same family as pc-13_10_1-k2-006  (dim 1 → 1)
[12:02:32]   pc-13_10_1-k3-001            is a sub-family of pc-13_10_1-k3-005  (dim 2 → 3)
[12:02:32]   pc-13_10_1-k3-002            is a sub-family of pc-13_10_1-k3-005  (dim 2 → 3)
[12:02:32]   pc-13_10_1-k3-003            is a sub-family of pc-13_10_1-k3-005  (dim 2 → 3)
[12:02:32]   pc-13_10_1-k3-004            is a sub-family of pc-13_10_1-k3-006  (dim 2 → 3)
[12:02:32]   pc-13_10_1-k3-007            is the same family as pc-13_10_1-k3-005  (dim 3 → 3)
[12:02:32]   pc-13_10_1-k3-008            is the same family as pc-13_10_1-k3-006  (dim 3 → 3)
[12:02:32]   pc-13_10_1-k3-009            is the same family as pc-13_10_1-k3-005  (dim 3 → 3)
[12:02:32]   pc-13_10_1-k3-010            is the same family as pc-13_10_1-k3-005  (dim 3 → 3)
[12:02:32]   pc-13_10_1-k3-011            is a sub-family of pc-13_10_1-k3-006  (dim 2 → 3)
[12:02:32]   pc-13_10_1-k3-012            is a sub-family of pc-13_10_1-k3-006  (dim 2 → 3)
[12:02:32]   pc-13_10_1-k3-013            is the same family as pc-13_10_1-k3-006  (dim 3 → 3)
[12:02:32]   pc-13_10_1-k3-014            is the same family as pc-13_10_1-k3-006  (dim 3 → 3)
[12:02:32]   pc-13_10_1-k3-016            is the same family as pc-13_10_1-k3-015  (dim 1 → 1)
[12:02:32]   pc-13_10_1-k3-020            is the same family as pc-13_10_1-k3-018  (dim 1 → 1)
[12:02:32]   pc-13_10_1-k3-022            is the same family as pc-13_10_1-k3-021  (dim 1 → 1)
[12:02:32]   pc-13_6_5-k1-001             is the same family as pc-13_10_1-k1-001  (dim 2 → 2)
[12:02:32]   pc-13_6_5-k1-002             is a sub-family of pc-13_10_1-k2-003  (dim 2 → 3)
[12:02:32]   pc-13_6_5-k1-003             is a sub-family of pc-13_10_1-k2-003  (dim 2 → 3)
[12:02:32]   pc-13_6_5-k1-004             is a sub-family of pc-13_10_1-k2-003  (dim 2 → 3)
[12:02:32]   pc-13_6_5-k2-001             is the same family as pc-13_10_1-k2-001  (dim 2 → 2)
[12:02:32]   pc-13_6_5-k2-002             is the same family as pc-13_10_1-k2-001  (dim 2 → 2)
[12:02:32]   pc-13_6_5-k2-003             is the same family as pc-13_10_1-k2-001  (dim 2 → 2)
[12:02:32]   pc-13_6_5-k2-005             is a sub-family of pc-13_6_5-k3-016  (dim 1 → 2)
[12:02:32]   pc-13_6_5-k3-001             is a sub-family of pc-13_10_1-k3-005  (dim 2 → 3)
[12:02:32]   pc-13_6_5-k3-002             is a sub-family of pc-13_10_1-k3-005  (dim 2 → 3)
[12:02:32]   pc-13_6_5-k3-003             is a sub-family of pc-13_10_1-k3-005  (dim 2 → 3)
[12:02:32]   pc-13_6_5-k3-004             is a sub-family of pc-13_10_1-k3-006  (dim 2 → 3)
[12:02:32]   pc-13_6_5-k3-005             is a sub-family of pc-13_10_1-k3-006  (dim 2 → 3)
[12:02:32]   pc-13_6_5-k3-006             is a sub-family of pc-13_10_1-k3-006  (dim 2 → 3)
[12:02:32]   pc-13_6_5-k3-017             is one parameter value of pc-13_6_5-k3-016  (dim 0 → 2)
[12:02:32]   pc-13_6_5-k3-018             is one parameter value of pc-13_6_5-k2-004  (dim 0 → 1)
[12:02:32]   pc-13_7_4-k1-001             is the same family as pc-13_10_1-k1-001  (dim 2 → 2)
[12:02:32]   pc-13_7_4-k1-002             is a sub-family of pc-13_10_1-k2-003  (dim 2 → 3)
[12:02:32]   pc-13_7_4-k1-003             is a sub-family of pc-13_10_1-k2-003  (dim 2 → 3)
[12:02:32]   pc-13_7_4-k1-004             is a sub-family of pc-13_10_1-k2-003  (dim 2 → 3)
[12:02:32]   pc-13_7_4-k2-001             is the same family as pc-13_10_1-k2-001  (dim 2 → 2)
[12:02:32]   pc-13_7_4-k2-002             is the same family as pc-13_10_1-k2-001  (dim 2 → 2)
[12:02:32]   pc-13_7_4-k2-003             is the same family as pc-13_10_1-k2-001  (dim 2 → 2)
[12:02:32]   pc-13_7_4-k2-004             is a sub-family of pc-13_7_4-k3-021  (dim 1 → 2)
[12:02:32]   pc-13_7_4-k3-001             is a sub-family of pc-13_10_1-k3-005  (dim 2 → 3)
[12:02:32]   pc-13_7_4-k3-002             is a sub-family of pc-13_10_1-k3-005  (dim 2 → 3)
[12:02:32]   pc-13_7_4-k3-003             is a sub-family of pc-13_10_1-k3-005  (dim 2 → 3)
[12:02:32]   pc-13_7_4-k3-004             is a sub-family of pc-13_10_1-k3-006  (dim 2 → 3)
[12:02:32]   pc-13_7_4-k3-005             is a sub-family of pc-13_10_1-k3-006  (dim 2 → 3)
[12:02:32]   pc-13_7_4-k3-006             is a sub-family of pc-13_10_1-k3-006  (dim 2 → 3)
[12:02:32]   pc-13_7_4-k3-022             is the same family as pc-13_7_4-k3-021  (dim 2 → 2)
[12:02:32]   pc-13_8_3-k1-001             is the same family as pc-13_10_1-k1-001  (dim 2 → 2)
[12:02:32]   pc-13_8_3-k1-002             is a sub-family of pc-13_10_1-k2-003  (dim 2 → 3)
[12:02:32]   pc-13_8_3-k1-003             is a sub-family of pc-13_10_1-k2-003  (dim 2 → 3)
[12:02:32]   pc-13_8_3-k1-004             is a sub-family of pc-13_10_1-k2-003  (dim 2 → 3)
[12:02:32]   pc-13_8_3-k2-001             is the same family as pc-13_10_1-k2-001  (dim 2 → 2)
[12:02:32]   pc-13_8_3-k2-002             is the same family as pc-13_10_1-k2-001  (dim 2 → 2)
[12:02:32]   pc-13_8_3-k2-003             is the same family as pc-13_10_1-k2-001  (dim 2 → 2)
[12:02:32]   pc-13_8_3-k2-006             is a sub-family of pc-13_8_3-k3-020  (dim 1 → 2)
[12:02:32]   pc-13_8_3-k2-010             is a sub-family of pc-13_10_1-k2-003  (dim 1 → 3)
[12:02:32]   pc-13_8_3-k3-001             is a sub-family of pc-13_10_1-k3-005  (dim 2 → 3)
[12:02:32]   pc-13_8_3-k3-002             is a sub-family of pc-13_10_1-k3-005  (dim 2 → 3)
[12:02:32]   pc-13_8_3-k3-003             is a sub-family of pc-13_10_1-k3-005  (dim 2 → 3)
[12:02:32]   pc-13_8_3-k3-004             is a sub-family of pc-13_10_1-k3-006  (dim 2 → 3)
[12:02:32]   pc-13_8_3-k3-005             is a sub-family of pc-13_10_1-k3-006  (dim 2 → 3)
[12:02:32]   pc-13_8_3-k3-006             is a sub-family of pc-13_10_1-k3-006  (dim 2 → 3)
[12:02:32]   pc-13_8_3-k3-014             is one parameter value of pc-13_8_3-k2-005  (dim 0 → 1)
[12:02:32]   pc-13_8_3-k3-021             is the same family as pc-13_8_3-k3-020  (dim 2 → 2)
[12:02:32]   pc-13_8_3-k3-022             is one parameter value of pc-13_8_3-k3-020  (dim 0 → 2)
[12:02:32]   pc-13_8_3-k3-028             is a sub-family of pc-13_8_3-k3-020  (dim 1 → 2)
[12:02:32]   pc-13_8_3-k3-029             is a sub-family of pc-13_10_1-k3-005  (dim 1 → 3)
[12:02:32]   pc-13_8_3-k3-030             is a sub-family of pc-13_10_1-k3-005  (dim 1 → 3)
[12:02:32]   pc-13_8_3-k3-031             is a sub-family of pc-13_10_1-k3-006  (dim 1 → 3)
[12:02:32]   pc-13_8_3-k3-034             is a sub-family of pc-13_10_1-k3-006  (dim 1 → 3)
[12:02:32]   pc-13_9_2-k1-001             is the same family as pc-13_10_1-k1-001  (dim 2 → 2)
[12:02:32]   pc-13_9_2-k1-002             is a sub-family of pc-13_10_1-k2-003  (dim 2 → 3)
[12:02:32]   pc-13_9_2-k1-003             is a sub-family of pc-13_10_1-k2-003  (dim 2 → 3)
[12:02:32]   pc-13_9_2-k1-004             is a sub-family of pc-13_10_1-k2-003  (dim 2 → 3)
[12:02:32]   pc-13_9_2-k2-001             is the same family as pc-13_10_1-k2-001  (dim 2 → 2)
[12:02:32]   pc-13_9_2-k2-002             is the same family as pc-13_10_1-k2-001  (dim 2 → 2)
[12:02:32]   pc-13_9_2-k2-003             is the same family as pc-13_10_1-k2-001  (dim 2 → 2)
[12:02:32]   pc-13_9_2-k3-001             is a sub-family of pc-13_10_1-k3-005  (dim 2 → 3)
[12:02:32]   pc-13_9_2-k3-002             is a sub-family of pc-13_10_1-k3-005  (dim 2 → 3)
[12:02:32]   pc-13_9_2-k3-003             is a sub-family of pc-13_10_1-k3-005  (dim 2 → 3)
[12:02:32]   pc-13_9_2-k3-004             is a sub-family of pc-13_10_1-k3-006  (dim 2 → 3)
[12:02:32]   pc-13_9_2-k3-005             is a sub-family of pc-13_10_1-k3-006  (dim 2 → 3)
[12:02:32]   pc-13_9_2-k3-006             is a sub-family of pc-13_10_1-k3-006  (dim 2 → 3)
[12:02:32]   pc-14_10_4-k3-002            is the same family as pc-14_10_4-k3-001  (dim 1 → 1)
[12:02:32]   pc-14_14_2-rigid-k2-002      is the same family as pc-14_14_2-rigid-k2-001  (dim 0 → 0)
[12:02:32]   pc-14_14_2-rigid-k2-003      is the same family as pc-14_14_2-rigid-k2-001  (dim 0 → 0)
[12:02:32]   pc-14_14_2-rigid-k2-005      is the same family as pc-14_14_2-rigid-k2-004  (dim 0 → 0)
[12:02:32]   pc-14_14_2-rigid-k2-006      is the same family as pc-14_14_2-rigid-k2-001  (dim 0 → 0)
[12:02:32]   pc-14_14_2-rigid-k2-007      is the same family as pc-14_14_2-rigid-k2-001  (dim 0 → 0)
[12:02:32]   pc-14_14_2-rigid-k2-008      is the same family as pc-14_14_2-rigid-k2-001  (dim 0 → 0)
[12:02:32]   pc-14_14_4-rigid-k2-003      is the same family as pc-14_14_4-rigid-k2-001  (dim 0 → 0)
[12:02:32]   pc-14_14_4-rigid-k2-004      is the same family as pc-14_14_4-rigid-k2-001  (dim 0 → 0)
[12:02:32]   pc-14_5_5-k1-001             is the same family as pc-13_10_1-k1-001  (dim 2 → 2)
[12:02:32]   pc-14_5_5-k1-002             is a sub-family of pc-13_10_1-k2-003  (dim 2 → 3)
[12:02:32]   pc-14_5_5-k1-003             is a sub-family of pc-13_10_1-k2-003  (dim 2 → 3)
[12:02:32]   pc-14_5_5-k1-004             is a sub-family of pc-13_10_1-k2-003  (dim 2 → 3)
[12:02:32]   pc-14_5_5-k2-004             is the same family as pc-13_10_1-k2-001  (dim 2 → 2)
[12:02:32]   pc-14_5_5-k2-005             is the same family as pc-13_10_1-k2-001  (dim 2 → 2)
[12:02:32]   pc-14_5_5-k2-006             is the same family as pc-13_10_1-k2-001  (dim 2 → 2)
[12:02:32]   pc-14_5_5-k3-006             is a sub-family of pc-13_10_1-k3-005  (dim 2 → 3)
[12:02:32]   pc-14_5_5-k3-007             is a sub-family of pc-13_10_1-k3-005  (dim 2 → 3)
[12:02:32]   pc-14_5_5-k3-008             is a sub-family of pc-13_10_1-k3-005  (dim 2 → 3)
[12:02:32]   pc-14_5_5-k3-009             is a sub-family of pc-13_10_1-k3-006  (dim 2 → 3)
[12:02:32]   pc-14_5_5-k3-010             is a sub-family of pc-13_10_1-k3-006  (dim 2 → 3)
[12:02:32]   pc-14_5_5-k3-011             is a sub-family of pc-13_10_1-k3-006  (dim 2 → 3)
[12:02:32]   pc-14_5_5-rigid-k2-001       is one parameter value of pc-14_5_5-k2-001  (dim 0 → 1)
[12:02:32]   pc-14_5_5-rigid-k2-002       is one parameter value of pc-14_5_5-k2-001  (dim 0 → 1)
[12:02:32]   pc-14_6_4-k1-001             is the same family as pc-13_10_1-k1-001  (dim 2 → 2)
[12:02:32]   pc-14_6_4-k1-002             is a sub-family of pc-13_10_1-k2-003  (dim 2 → 3)
[12:02:32]   pc-14_6_4-k1-003             is a sub-family of pc-13_10_1-k2-003  (dim 2 → 3)
[12:02:32]   pc-14_6_4-k1-004             is a sub-family of pc-13_10_1-k2-003  (dim 2 → 3)
[12:02:32]   pc-14_6_4-k2-001             is the same family as pc-14_5_5-k2-001  (dim 1 → 1)
[12:02:32]   pc-14_6_4-k2-002             is the same family as pc-13_10_1-k2-001  (dim 2 → 2)
[12:02:32]   pc-14_6_4-k2-003             is the same family as pc-13_10_1-k2-001  (dim 2 → 2)
[12:02:32]   pc-14_6_4-k2-004             is the same family as pc-13_10_1-k2-003  (dim 3 → 3)
[12:02:32]   pc-14_6_4-k2-005             is the same family as pc-13_10_1-k2-003  (dim 3 → 3)
[12:02:32]   pc-14_6_4-k2-006             is the same family as pc-13_10_1-k2-001  (dim 2 → 2)
[12:02:32]   pc-14_6_4-k2-007             is a sub-family of pc-13_7_4-k3-021  (dim 1 → 2)
[12:02:32]   pc-14_6_4-k2-008             is the same family as pc-13_7_4-k2-005  (dim 1 → 1)
[12:02:32]   pc-14_6_4-k2-009             is the same family as pc-13_7_4-k2-006  (dim 1 → 1)
[12:02:32]   pc-14_6_4-k2-010             is the same family as pc-14_5_5-k2-002  (dim 1 → 1)
[12:02:32]   pc-14_6_4-k2-011             is the same family as pc-13_7_4-k2-007  (dim 1 → 1)
[12:02:32]   pc-14_6_4-k2-012             is the same family as pc-14_5_5-k2-003  (dim 1 → 1)
[12:02:32]   pc-14_6_4-k2-013             is the same family as pc-13_7_4-k2-008  (dim 1 → 1)
[12:02:32]   pc-14_6_4-k2-014             is the same family as pc-13_7_4-k2-009  (dim 1 → 1)
[12:02:32]   pc-14_6_4-k2-015             is the same family as pc-13_6_5-k2-004  (dim 1 → 1)
[12:02:32]   pc-14_6_4-k2-016             is a sub-family of pc-13_6_5-k3-016  (dim 1 → 2)
[12:02:32]   pc-14_6_4-k2-017             is the same family as pc-13_6_5-k2-006  (dim 1 → 1)
[12:02:32]   pc-14_6_4-k2-018             is the same family as pc-13_6_5-k2-007  (dim 1 → 1)
[12:02:32]   pc-14_6_4-k2-019             is the same family as pc-14_5_5-k2-001  (dim 1 → 1)
[12:02:32]   pc-14_6_4-k3-001             is a sub-family of pc-13_10_1-k3-005  (dim 2 → 3)
[12:02:32]   pc-14_6_4-k3-002             is a sub-family of pc-13_10_1-k3-005  (dim 2 → 3)
[12:02:32]   pc-14_6_4-k3-003             is a sub-family of pc-13_10_1-k3-005  (dim 2 → 3)
[12:02:32]   pc-14_6_4-k3-004             is a sub-family of pc-13_10_1-k3-006  (dim 2 → 3)
[12:02:32]   pc-14_6_4-k3-005             is the same family as pc-13_10_1-k3-005  (dim 3 → 3)
[12:02:32]   pc-14_6_4-k3-006             is the same family as pc-13_10_1-k3-006  (dim 3 → 3)
[12:02:32]   pc-14_6_4-k3-007             is the same family as pc-13_10_1-k3-005  (dim 3 → 3)
[12:02:32]   pc-14_6_4-k3-008             is the same family as pc-13_10_1-k3-006  (dim 3 → 3)
[12:02:32]   pc-14_6_4-k3-009             is the same family as pc-13_10_1-k3-005  (dim 3 → 3)
[12:02:32]   pc-14_6_4-k3-010             is the same family as pc-13_10_1-k3-005  (dim 3 → 3)
[12:02:32]   pc-14_6_4-k3-011             is a sub-family of pc-13_10_1-k3-006  (dim 2 → 3)
[12:02:32]   pc-14_6_4-k3-012             is a sub-family of pc-13_10_1-k3-006  (dim 2 → 3)
[12:02:32]   pc-14_6_4-k3-013             is the same family as pc-13_10_1-k3-006  (dim 3 → 3)
[12:02:32]   pc-14_6_4-k3-014             is the same family as pc-13_10_1-k3-006  (dim 3 → 3)
[12:02:32]   pc-14_6_4-k3-015             is the same family as pc-13_7_4-k3-007  (dim 1 → 1)
[12:02:32]   pc-14_6_4-k3-016             is the same family as pc-13_7_4-k3-008  (dim 1 → 1)
[12:02:32]   pc-14_6_4-k3-017             is the same family as pc-13_7_4-k3-009  (dim 1 → 1)
[12:02:32]   pc-14_6_4-k3-018             is the same family as pc-13_7_4-k3-010  (dim 1 → 1)
[12:02:32]   pc-14_6_4-k3-019             is the same family as pc-13_7_4-k3-011  (dim 1 → 1)
[12:02:32]   pc-14_6_4-k3-020             is the same family as pc-13_7_4-k3-012  (dim 1 → 1)
[12:02:32]   pc-14_6_4-k3-021             is the same family as pc-13_7_4-k3-013  (dim 1 → 1)
[12:02:32]   pc-14_6_4-k3-022             is the same family as pc-13_7_4-k3-014  (dim 1 → 1)
[12:02:32]   pc-14_6_4-k3-023             is the same family as pc-13_7_4-k3-015  (dim 1 → 1)
[12:02:32]   pc-14_6_4-k3-024             is the same family as pc-13_7_4-k3-016  (dim 1 → 1)
[12:02:32]   pc-14_6_4-k3-027             is the same family as pc-14_5_5-k3-001  (dim 1 → 1)
[12:02:32]   pc-14_6_4-k3-028             is the same family as pc-14_5_5-k3-002  (dim 1 → 1)
[12:02:32]   pc-14_6_4-k3-029             is the same family as pc-14_5_5-k3-003  (dim 1 → 1)
[12:02:32]   pc-14_6_4-k3-030             is the same family as pc-14_5_5-k3-004  (dim 1 → 1)
[12:02:32]   pc-14_6_4-k3-031             is the same family as pc-13_7_4-k3-017  (dim 1 → 1)
[12:02:32]   pc-14_6_4-k3-032             is the same family as pc-13_7_4-k3-018  (dim 1 → 1)
[12:02:32]   pc-14_6_4-k3-033             is the same family as pc-13_7_4-k3-019  (dim 1 → 1)
[12:02:32]   pc-14_6_4-k3-034             is the same family as pc-13_7_4-k3-020  (dim 1 → 1)
[12:02:32]   pc-14_6_4-k3-036             is the same family as pc-13_7_4-k3-021  (dim 2 → 2)
[12:02:32]   pc-14_6_4-k3-037             is the same family as pc-13_7_4-k3-021  (dim 2 → 2)
[12:02:32]   pc-14_6_4-k3-038             is the same family as pc-13_7_4-k3-023  (dim 1 → 1)
[12:02:32]   pc-14_6_4-k3-039             is the same family as pc-13_7_4-k3-024  (dim 1 → 1)
[12:02:32]   pc-14_6_4-k3-040             is the same family as pc-14_5_5-k3-005  (dim 1 → 1)
[12:02:32]   pc-14_6_4-k3-041             is the same family as pc-13_7_4-k3-025  (dim 1 → 1)
[12:02:32]   pc-14_6_4-k3-042             is the same family as pc-13_7_4-k3-026  (dim 1 → 1)
[12:02:32]   pc-14_6_4-k3-043             is the same family as pc-13_7_4-k3-027  (dim 1 → 1)
[12:02:32]   pc-14_6_4-k3-044             is the same family as pc-13_7_4-k3-028  (dim 1 → 1)
[12:02:32]   pc-14_6_4-k3-045             is the same family as pc-13_7_4-k3-029  (dim 1 → 1)
[12:02:32]   pc-14_6_4-k3-046             is the same family as pc-13_7_4-k3-030  (dim 1 → 1)
[12:02:32]   pc-14_6_4-k3-047             is the same family as pc-13_7_4-k3-031  (dim 1 → 1)
[12:02:32]   pc-14_6_4-k3-048             is the same family as pc-13_7_4-k3-032  (dim 1 → 1)
[12:02:32]   pc-14_6_4-k3-049             is the same family as pc-13_6_5-k3-007  (dim 1 → 1)
[12:02:32]   pc-14_6_4-k3-050             is the same family as pc-13_6_5-k3-008  (dim 1 → 1)
[12:02:32]   pc-14_6_4-k3-051             is the same family as pc-13_6_5-k3-009  (dim 1 → 1)
[12:02:32]   pc-14_6_4-k3-052             is the same family as pc-13_6_5-k3-010  (dim 1 → 1)
[12:02:32]   pc-14_6_4-k3-053             is the same family as pc-13_6_5-k3-011  (dim 1 → 1)
[12:02:32]   pc-14_6_4-k3-054             is the same family as pc-13_6_5-k3-012  (dim 1 → 1)
[12:02:32]   pc-14_6_4-k3-055             is the same family as pc-13_6_5-k3-013  (dim 1 → 1)
[12:02:32]   pc-14_6_4-k3-056             is the same family as pc-13_6_5-k3-014  (dim 1 → 1)
[12:02:32]   pc-14_6_4-k3-057             is the same family as pc-13_6_5-k3-015  (dim 1 → 1)
[12:02:32]   pc-14_6_4-k3-058             is the same family as pc-13_6_5-k3-016  (dim 2 → 2)
[12:02:32]   pc-14_6_4-k3-059             is one parameter value of pc-13_6_5-k3-016  (dim 0 → 2)
[12:02:32]   pc-14_6_4-k3-060             is one parameter value of pc-13_6_5-k2-004  (dim 0 → 1)
[12:02:32]   pc-14_6_4-k3-061             is the same family as pc-13_6_5-k3-019  (dim 1 → 1)
[12:02:32]   pc-14_6_4-k3-062             is the same family as pc-13_6_5-k3-020  (dim 1 → 1)
[12:02:32]   pc-14_6_4-k3-063             is the same family as pc-13_6_5-k3-021  (dim 1 → 1)
[12:02:32]   pc-14_6_4-rigid-k3-018       is one parameter value of pc-14_6_4-k3-025  (dim 0 → 2)
[12:02:32]   pc-14_7_3-k1-001             is the same family as pc-13_10_1-k1-001  (dim 2 → 2)
[12:02:32]   pc-14_7_3-k1-002             is a sub-family of pc-13_10_1-k2-003  (dim 2 → 3)
[12:02:32]   pc-14_7_3-k1-003             is a sub-family of pc-13_10_1-k2-003  (dim 2 → 3)
[12:02:32]   pc-14_7_3-k1-004             is a sub-family of pc-13_10_1-k2-003  (dim 2 → 3)
[12:02:32]   pc-14_7_3-k2-001             is the same family as pc-14_5_5-k2-001  (dim 1 → 1)
[12:02:32]   pc-14_7_3-k2-002             is the same family as pc-13_10_1-k2-001  (dim 2 → 2)
[12:02:32]   pc-14_7_3-k2-003             is the same family as pc-13_10_1-k2-001  (dim 2 → 2)
[12:02:32]   pc-14_7_3-k2-004             is the same family as pc-13_10_1-k2-003  (dim 3 → 3)
[12:02:32]   pc-14_7_3-k2-005             is the same family as pc-13_10_1-k2-003  (dim 3 → 3)
[12:02:32]   pc-14_7_3-k2-006             is the same family as pc-13_10_1-k2-001  (dim 2 → 2)
[12:02:32]   pc-14_7_3-k2-007             is the same family as pc-14_5_5-k2-002  (dim 1 → 1)
[12:02:32]   pc-14_7_3-k2-008             is the same family as pc-14_5_5-k2-003  (dim 1 → 1)
[12:02:32]   pc-14_7_3-k2-009             is the same family as pc-14_5_5-k2-001  (dim 1 → 1)
[12:02:32]   pc-14_7_3-k3-001             is a sub-family of pc-13_10_1-k3-005  (dim 2 → 3)
[12:02:32]   pc-14_7_3-k3-002             is a sub-family of pc-13_10_1-k3-005  (dim 2 → 3)
[12:02:32]   pc-14_7_3-k3-003             is a sub-family of pc-13_10_1-k3-005  (dim 2 → 3)
[12:02:32]   pc-14_7_3-k3-004             is a sub-family of pc-13_10_1-k3-006  (dim 2 → 3)
[12:02:32]   pc-14_7_3-k3-005             is the same family as pc-13_10_1-k3-005  (dim 3 → 3)
[12:02:32]   pc-14_7_3-k3-006             is the same family as pc-13_10_1-k3-006  (dim 3 → 3)
[12:02:32]   pc-14_7_3-k3-007             is the same family as pc-13_10_1-k3-005  (dim 3 → 3)
[12:02:32]   pc-14_7_3-k3-008             is the same family as pc-13_10_1-k3-006  (dim 3 → 3)
[12:02:32]   pc-14_7_3-k3-009             is the same family as pc-13_10_1-k3-005  (dim 3 → 3)
[12:02:32]   pc-14_7_3-k3-010             is the same family as pc-13_10_1-k3-005  (dim 3 → 3)
[12:02:32]   pc-14_7_3-k3-011             is a sub-family of pc-13_10_1-k3-006  (dim 2 → 3)
[12:02:32]   pc-14_7_3-k3-012             is a sub-family of pc-13_10_1-k3-006  (dim 2 → 3)
[12:02:32]   pc-14_7_3-k3-013             is the same family as pc-13_10_1-k3-006  (dim 3 → 3)
[12:02:32]   pc-14_7_3-k3-014             is the same family as pc-13_10_1-k3-006  (dim 3 → 3)
[12:02:32]   pc-14_7_3-k3-015             is the same family as pc-14_5_5-k3-001  (dim 1 → 1)
[12:02:32]   pc-14_7_3-k3-016             is the same family as pc-14_5_5-k3-002  (dim 1 → 1)
[12:02:32]   pc-14_7_3-k3-017             is the same family as pc-14_5_5-k3-003  (dim 1 → 1)
[12:02:32]   pc-14_7_3-k3-018             is the same family as pc-14_5_5-k3-004  (dim 1 → 1)
[12:02:32]   pc-14_7_3-k3-019             is the same family as pc-14_5_5-k3-005  (dim 1 → 1)
[12:02:32]   pc-14_7_3-k3-021             is the same family as pc-14_7_3-k3-020  (dim 2 → 2)
[12:02:32]   pc-14_8_2-k1-001             is the same family as pc-13_10_1-k1-001  (dim 2 → 2)
[12:02:32]   pc-14_8_2-k1-002             is a sub-family of pc-13_10_1-k2-003  (dim 2 → 3)
[12:02:32]   pc-14_8_2-k1-003             is a sub-family of pc-13_10_1-k2-003  (dim 2 → 3)
[12:02:32]   pc-14_8_2-k1-004             is a sub-family of pc-13_10_1-k2-003  (dim 2 → 3)
[12:02:32]   pc-14_8_2-k2-001             is the same family as pc-14_5_5-k2-001  (dim 1 → 1)
[12:02:32]   pc-14_8_2-k2-002             is the same family as pc-13_10_1-k2-001  (dim 2 → 2)
[12:02:32]   pc-14_8_2-k2-003             is the same family as pc-13_10_1-k2-001  (dim 2 → 2)
[12:02:32]   pc-14_8_2-k2-004             is the same family as pc-13_10_1-k2-003  (dim 3 → 3)
[12:02:32]   pc-14_8_2-k2-005             is the same family as pc-13_10_1-k2-003  (dim 3 → 3)
[12:02:32]   pc-14_8_2-k2-006             is the same family as pc-13_10_1-k2-001  (dim 2 → 2)
[12:02:32]   pc-14_8_2-k2-007             is the same family as pc-13_8_3-k2-004  (dim 1 → 1)
[12:02:32]   pc-14_8_2-k2-008             is the same family as pc-13_8_3-k2-005  (dim 1 → 1)
[12:02:32]   pc-14_8_2-k2-009             is a sub-family of pc-13_8_3-k3-020  (dim 1 → 2)
[12:02:32]   pc-14_8_2-k2-010             is the same family as pc-13_8_3-k2-007  (dim 1 → 1)
[12:02:32]   pc-14_8_2-k2-011             is the same family as pc-14_5_5-k2-002  (dim 1 → 1)
[12:02:32]   pc-14_8_2-k2-012             is the same family as pc-13_8_3-k2-008  (dim 1 → 1)
[12:02:32]   pc-14_8_2-k2-013             is the same family as pc-13_8_3-k2-009  (dim 1 → 1)
[12:02:32]   pc-14_8_2-k2-014             is the same family as pc-14_5_5-k2-003  (dim 1 → 1)
[12:02:32]   pc-14_8_2-k2-015             is a sub-family of pc-13_10_1-k2-003  (dim 1 → 3)
[12:02:32]   pc-14_8_2-k2-016             is the same family as pc-13_8_3-k2-011  (dim 1 → 1)
[12:02:32]   pc-14_8_2-k2-017             is the same family as pc-14_5_5-k2-001  (dim 1 → 1)
[12:02:32]   pc-14_8_2-k3-001             is a sub-family of pc-13_10_1-k3-005  (dim 2 → 3)
[12:02:32]   pc-14_8_2-k3-002             is a sub-family of pc-13_10_1-k3-005  (dim 2 → 3)
[12:02:32]   pc-14_8_2-k3-003             is a sub-family of pc-13_10_1-k3-005  (dim 2 → 3)
[12:02:32]   pc-14_8_2-k3-004             is a sub-family of pc-13_10_1-k3-006  (dim 2 → 3)
[12:02:32]   pc-14_8_2-k3-005             is the same family as pc-13_10_1-k3-005  (dim 3 → 3)
[12:02:32]   pc-14_8_2-k3-006             is the same family as pc-13_10_1-k3-006  (dim 3 → 3)
[12:02:32]   pc-14_8_2-k3-007             is the same family as pc-13_10_1-k3-005  (dim 3 → 3)
[12:02:32]   pc-14_8_2-k3-008             is the same family as pc-13_10_1-k3-006  (dim 3 → 3)
[12:02:32]   pc-14_8_2-k3-009             is the same family as pc-13_10_1-k3-005  (dim 3 → 3)
[12:02:32]   pc-14_8_2-k3-010             is the same family as pc-13_10_1-k3-005  (dim 3 → 3)
[12:02:32]   pc-14_8_2-k3-011             is a sub-family of pc-13_10_1-k3-006  (dim 2 → 3)
[12:02:32]   pc-14_8_2-k3-012             is a sub-family of pc-13_10_1-k3-006  (dim 2 → 3)
[12:02:32]   pc-14_8_2-k3-013             is the same family as pc-13_10_1-k3-006  (dim 3 → 3)
[12:02:32]   pc-14_8_2-k3-014             is the same family as pc-13_10_1-k3-006  (dim 3 → 3)
[12:02:32]   pc-14_8_2-k3-015             is the same family as pc-13_8_3-k3-007  (dim 1 → 1)
[12:02:32]   pc-14_8_2-k3-016             is the same family as pc-13_8_3-k3-008  (dim 1 → 1)
[12:02:32]   pc-14_8_2-k3-017             is the same family as pc-13_8_3-k3-009  (dim 1 → 1)
[12:02:32]   pc-14_8_2-k3-018             is the same family as pc-13_8_3-k3-010  (dim 1 → 1)
[12:02:32]   pc-14_8_2-k3-019             is the same family as pc-13_8_3-k3-011  (dim 1 → 1)
[12:02:32]   pc-14_8_2-k3-020             is the same family as pc-13_8_3-k3-012  (dim 1 → 1)
[12:02:32]   pc-14_8_2-k3-021             is the same family as pc-13_8_3-k3-013  (dim 1 → 1)
[12:02:32]   pc-14_8_2-k3-022             is one parameter value of pc-13_8_3-k2-005  (dim 0 → 1)
[12:02:32]   pc-14_8_2-k3-023             is the same family as pc-13_8_3-k3-015  (dim 2 → 2)
[12:02:32]   pc-14_8_2-k3-024             is the same family as pc-13_8_3-k3-016  (dim 1 → 1)
[12:02:32]   pc-14_8_2-k3-025             is the same family as pc-13_8_3-k3-017  (dim 1 → 1)
[12:02:32]   pc-14_8_2-k3-026             is the same family as pc-13_8_3-k3-018  (dim 1 → 1)
[12:02:32]   pc-14_8_2-k3-027             is the same family as pc-13_8_3-k3-019  (dim 1 → 1)
[12:02:32]   pc-14_8_2-k3-028             is the same family as pc-14_5_5-k3-001  (dim 1 → 1)
[12:02:32]   pc-14_8_2-k3-029             is the same family as pc-14_5_5-k3-002  (dim 1 → 1)
[12:02:32]   pc-14_8_2-k3-030             is the same family as pc-14_5_5-k3-003  (dim 1 → 1)
[12:02:32]   pc-14_8_2-k3-031             is the same family as pc-14_5_5-k3-004  (dim 1 → 1)
[12:02:32]   pc-14_8_2-k3-032             is the same family as pc-13_8_3-k3-020  (dim 2 → 2)
[12:02:32]   pc-14_8_2-k3-033             is the same family as pc-13_8_3-k3-020  (dim 2 → 2)
[12:02:32]   pc-14_8_2-k3-034             is one parameter value of pc-13_8_3-k3-020  (dim 0 → 2)
[12:02:32]   pc-14_8_2-k3-035             is the same family as pc-13_8_3-k3-023  (dim 2 → 2)
[12:02:32]   pc-14_8_2-k3-036             is the same family as pc-13_8_3-k3-024  (dim 1 → 1)
[12:02:32]   pc-14_8_2-k3-037             is the same family as pc-13_8_3-k3-025  (dim 1 → 1)
[12:02:32]   pc-14_8_2-k3-038             is the same family as pc-13_8_3-k3-026  (dim 1 → 1)
[12:02:32]   pc-14_8_2-k3-039             is the same family as pc-14_5_5-k3-005  (dim 1 → 1)
[12:02:32]   pc-14_8_2-k3-040             is the same family as pc-13_8_3-k3-027  (dim 1 → 1)
[12:02:32]   pc-14_8_2-k3-041             is a sub-family of pc-13_8_3-k3-020  (dim 1 → 2)
[12:02:32]   pc-14_8_2-k3-042             is a sub-family of pc-13_10_1-k3-005  (dim 1 → 3)
[12:02:32]   pc-14_8_2-k3-043             is a sub-family of pc-13_10_1-k3-005  (dim 1 → 3)
[12:02:32]   pc-14_8_2-k3-044             is a sub-family of pc-13_10_1-k3-006  (dim 1 → 3)
[12:02:32]   pc-14_8_2-k3-045             is the same family as pc-13_8_3-k3-032  (dim 1 → 1)
[12:02:32]   pc-14_8_2-k3-046             is the same family as pc-13_8_3-k3-033  (dim 1 → 1)
[12:02:32]   pc-14_8_2-k3-047             is a sub-family of pc-13_10_1-k3-006  (dim 1 → 3)
[12:02:32]   pc-14_8_8-rigid-k2-002       is the same family as pc-14_8_8-rigid-k2-001  (dim 0 → 0)
[12:02:32]   pc-14_9_1-k1-001             is the same family as pc-13_10_1-k1-001  (dim 2 → 2)
[12:02:32]   pc-14_9_1-k1-002             is a sub-family of pc-13_10_1-k2-003  (dim 2 → 3)
[12:02:32]   pc-14_9_1-k1-003             is a sub-family of pc-13_10_1-k2-003  (dim 2 → 3)
[12:02:32]   pc-14_9_1-k1-004             is a sub-family of pc-13_10_1-k2-003  (dim 2 → 3)
[12:02:32]   pc-14_9_1-k2-001             is the same family as pc-14_5_5-k2-001  (dim 1 → 1)
[12:02:32]   pc-14_9_1-k2-002             is the same family as pc-13_10_1-k2-001  (dim 2 → 2)
[12:02:32]   pc-14_9_1-k2-003             is the same family as pc-13_10_1-k2-001  (dim 2 → 2)
[12:02:32]   pc-14_9_1-k2-004             is the same family as pc-13_10_1-k2-003  (dim 3 → 3)
[12:02:32]   pc-14_9_1-k2-005             is the same family as pc-13_10_1-k2-003  (dim 3 → 3)
[12:02:32]   pc-14_9_1-k2-006             is the same family as pc-13_10_1-k2-001  (dim 2 → 2)
[12:02:32]   pc-14_9_1-k2-007             is the same family as pc-14_5_5-k2-002  (dim 1 → 1)
[12:02:32]   pc-14_9_1-k2-008             is the same family as pc-14_5_5-k2-003  (dim 1 → 1)
[12:02:32]   pc-14_9_1-k2-009             is the same family as pc-14_5_5-k2-001  (dim 1 → 1)
[12:02:32]   pc-14_9_1-k3-001             is a sub-family of pc-13_10_1-k3-005  (dim 2 → 3)
[12:02:32]   pc-14_9_1-k3-002             is a sub-family of pc-13_10_1-k3-005  (dim 2 → 3)
[12:02:32]   pc-14_9_1-k3-003             is a sub-family of pc-13_10_1-k3-005  (dim 2 → 3)
[12:02:32]   pc-14_9_1-k3-004             is a sub-family of pc-13_10_1-k3-006  (dim 2 → 3)
[12:02:32]   pc-14_9_1-k3-005             is the same family as pc-13_10_1-k3-005  (dim 3 → 3)
[12:02:32]   pc-14_9_1-k3-006             is the same family as pc-13_10_1-k3-006  (dim 3 → 3)
[12:02:32]   pc-14_9_1-k3-007             is the same family as pc-13_10_1-k3-005  (dim 3 → 3)
[12:02:32]   pc-14_9_1-k3-008             is the same family as pc-13_10_1-k3-006  (dim 3 → 3)
[12:02:32]   pc-14_9_1-k3-009             is the same family as pc-13_10_1-k3-005  (dim 3 → 3)
[12:02:32]   pc-14_9_1-k3-010             is the same family as pc-13_10_1-k3-005  (dim 3 → 3)
[12:02:32]   pc-14_9_1-k3-011             is a sub-family of pc-13_10_1-k3-006  (dim 2 → 3)
[12:02:32]   pc-14_9_1-k3-012             is a sub-family of pc-13_10_1-k3-006  (dim 2 → 3)
[12:02:32]   pc-14_9_1-k3-013             is the same family as pc-13_10_1-k3-006  (dim 3 → 3)
[12:02:32]   pc-14_9_1-k3-014             is the same family as pc-13_10_1-k3-006  (dim 3 → 3)
[12:02:32]   pc-14_9_1-k3-015             is the same family as pc-14_5_5-k3-001  (dim 1 → 1)
[12:02:32]   pc-14_9_1-k3-016             is the same family as pc-14_5_5-k3-002  (dim 1 → 1)
[12:02:32]   pc-14_9_1-k3-017             is the same family as pc-14_5_5-k3-003  (dim 1 → 1)
[12:02:32]   pc-14_9_1-k3-018             is the same family as pc-14_5_5-k3-004  (dim 1 → 1)
[12:02:32]   pc-14_9_1-k3-019             is the same family as pc-14_5_5-k3-005  (dim 1 → 1)
[12:02:32]   pc-15_15_2-rigid-k2-002      is the same family as pc-15_15_2-rigid-k2-001  (dim 0 → 0)
[12:02:32]   pc-15_15_2-rigid-k2-003      is the same family as pc-15_15_2-rigid-k2-001  (dim 0 → 0)
[12:02:32]   pc-15_5_4-k1-001             is the same family as pc-13_10_1-k1-001  (dim 2 → 2)
[12:02:32]   pc-15_5_4-k1-002             is a sub-family of pc-13_10_1-k2-003  (dim 2 → 3)
[12:02:32]   pc-15_5_4-k1-003             is a sub-family of pc-13_10_1-k2-003  (dim 2 → 3)
[12:02:32]   pc-15_5_4-k1-004             is a sub-family of pc-13_10_1-k2-003  (dim 2 → 3)
[12:02:32]   pc-15_5_4-k2-001             is the same family as pc-13_10_1-k2-001  (dim 2 → 2)
[12:02:32]   pc-15_5_4-k2-002             is the same family as pc-13_10_1-k2-001  (dim 2 → 2)
[12:02:32]   pc-15_5_4-k2-003             is the same family as pc-13_10_1-k2-001  (dim 2 → 2)
[12:02:32]   pc-15_5_4-k2-004             is a sub-family of pc-13_7_4-k3-021  (dim 1 → 2)
[12:02:32]   pc-15_5_4-k2-005             is the same family as pc-13_7_4-k2-005  (dim 1 → 1)
[12:02:32]   pc-15_5_4-k2-006             is the same family as pc-13_7_4-k2-006  (dim 1 → 1)
[12:02:32]   pc-15_5_4-k2-007             is the same family as pc-13_7_4-k2-007  (dim 1 → 1)
[12:02:32]   pc-15_5_4-k2-008             is the same family as pc-13_7_4-k2-008  (dim 1 → 1)
[12:02:32]   pc-15_5_4-k2-009             is the same family as pc-13_7_4-k2-009  (dim 1 → 1)
[12:02:32]   pc-15_5_4-k3-001             is a sub-family of pc-13_10_1-k3-005  (dim 2 → 3)
[12:02:32]   pc-15_5_4-k3-002             is a sub-family of pc-13_10_1-k3-005  (dim 2 → 3)
[12:02:32]   pc-15_5_4-k3-003             is a sub-family of pc-13_10_1-k3-005  (dim 2 → 3)
[12:02:32]   pc-15_5_4-k3-004             is a sub-family of pc-13_10_1-k3-006  (dim 2 → 3)
[12:02:32]   pc-15_5_4-k3-005             is a sub-family of pc-13_10_1-k3-006  (dim 2 → 3)
[12:02:32]   pc-15_5_4-k3-006             is a sub-family of pc-13_10_1-k3-006  (dim 2 → 3)
[12:02:32]   pc-15_5_4-k3-007             is the same family as pc-13_7_4-k3-007  (dim 1 → 1)
[12:02:32]   pc-15_5_4-k3-008             is the same family as pc-13_7_4-k3-008  (dim 1 → 1)
[12:02:32]   pc-15_5_4-k3-009             is the same family as pc-13_7_4-k3-009  (dim 1 → 1)
[12:02:32]   pc-15_5_4-k3-010             is the same family as pc-13_7_4-k3-010  (dim 1 → 1)
[12:02:32]   pc-15_5_4-k3-011             is the same family as pc-13_7_4-k3-011  (dim 1 → 1)
[12:02:32]   pc-15_5_4-k3-012             is the same family as pc-13_7_4-k3-012  (dim 1 → 1)
[12:02:32]   pc-15_5_4-k3-013             is the same family as pc-13_7_4-k3-013  (dim 1 → 1)
[12:02:32]   pc-15_5_4-k3-014             is the same family as pc-13_7_4-k3-014  (dim 1 → 1)
[12:02:32]   pc-15_5_4-k3-015             is the same family as pc-13_7_4-k3-015  (dim 1 → 1)
[12:02:32]   pc-15_5_4-k3-016             is the same family as pc-13_7_4-k3-016  (dim 1 → 1)
[12:02:32]   pc-15_5_4-k3-017             is the same family as pc-13_7_4-k3-017  (dim 1 → 1)
[12:02:32]   pc-15_5_4-k3-018             is the same family as pc-13_7_4-k3-018  (dim 1 → 1)
[12:02:32]   pc-15_5_4-k3-019             is the same family as pc-13_7_4-k3-019  (dim 1 → 1)
[12:02:32]   pc-15_5_4-k3-020             is the same family as pc-13_7_4-k3-020  (dim 1 → 1)
[12:02:32]   pc-15_5_4-k3-021             is the same family as pc-13_7_4-k3-021  (dim 2 → 2)
[12:02:32]   pc-15_5_4-k3-022             is the same family as pc-13_7_4-k3-021  (dim 2 → 2)
[12:02:32]   pc-15_5_4-k3-023             is the same family as pc-13_7_4-k3-023  (dim 1 → 1)
[12:02:32]   pc-15_5_4-k3-024             is the same family as pc-13_7_4-k3-024  (dim 1 → 1)
[12:02:32]   pc-15_5_4-k3-025             is the same family as pc-13_7_4-k3-025  (dim 1 → 1)
[12:02:32]   pc-15_5_4-k3-026             is the same family as pc-13_7_4-k3-026  (dim 1 → 1)
[12:02:32]   pc-15_5_4-k3-027             is the same family as pc-13_7_4-k3-027  (dim 1 → 1)
[12:02:32]   pc-15_5_4-k3-028             is the same family as pc-13_7_4-k3-028  (dim 1 → 1)
[12:02:32]   pc-15_5_4-k3-029             is the same family as pc-13_7_4-k3-029  (dim 1 → 1)
[12:02:32]   pc-15_5_4-k3-030             is the same family as pc-13_7_4-k3-030  (dim 1 → 1)
[12:02:32]   pc-15_5_4-k3-031             is the same family as pc-13_7_4-k3-031  (dim 1 → 1)
[12:02:32]   pc-15_5_4-k3-032             is the same family as pc-13_7_4-k3-032  (dim 1 → 1)
[12:02:32]   pc-15_6_3-k1-001             is the same family as pc-13_10_1-k1-001  (dim 2 → 2)
[12:02:32]   pc-15_6_3-k1-002             is a sub-family of pc-13_10_1-k2-003  (dim 2 → 3)
[12:02:32]   pc-15_6_3-k1-003             is a sub-family of pc-13_10_1-k2-003  (dim 2 → 3)
[12:02:32]   pc-15_6_3-k1-004             is a sub-family of pc-13_10_1-k2-003  (dim 2 → 3)
[12:02:32]   pc-15_6_3-k2-002             is the same family as pc-13_10_1-k2-001  (dim 2 → 2)
[12:02:32]   pc-15_6_3-k2-003             is the same family as pc-13_10_1-k2-001  (dim 2 → 2)
[12:02:32]   pc-15_6_3-k2-004             is the same family as pc-13_10_1-k2-001  (dim 2 → 2)
[12:02:32]   pc-15_6_3-k2-005             is the same family as pc-13_6_5-k2-004  (dim 1 → 1)
[12:02:32]   pc-15_6_3-k2-006             is a sub-family of pc-13_6_5-k3-016  (dim 1 → 2)
[12:02:32]   pc-15_6_3-k2-007             is the same family as pc-13_6_5-k2-006  (dim 1 → 1)
[12:02:32]   pc-15_6_3-k2-008             is the same family as pc-13_6_5-k2-007  (dim 1 → 1)
[12:02:32]   pc-15_6_3-k3-001             is a sub-family of pc-13_10_1-k3-005  (dim 2 → 3)
[12:02:32]   pc-15_6_3-k3-002             is a sub-family of pc-13_10_1-k3-005  (dim 2 → 3)
[12:02:32]   pc-15_6_3-k3-003             is a sub-family of pc-13_10_1-k3-005  (dim 2 → 3)
[12:02:32]   pc-15_6_3-k3-004             is a sub-family of pc-13_10_1-k3-006  (dim 2 → 3)
[12:02:32]   pc-15_6_3-k3-005             is a sub-family of pc-13_10_1-k3-006  (dim 2 → 3)
[12:02:32]   pc-15_6_3-k3-006             is a sub-family of pc-13_10_1-k3-006  (dim 2 → 3)
[12:02:32]   pc-15_6_3-k3-007             is the same family as pc-13_6_5-k3-007  (dim 1 → 1)
[12:02:32]   pc-15_6_3-k3-008             is the same family as pc-13_6_5-k3-008  (dim 1 → 1)
[12:02:32]   pc-15_6_3-k3-009             is the same family as pc-13_6_5-k3-009  (dim 1 → 1)
[12:02:32]   pc-15_6_3-k3-010             is the same family as pc-13_6_5-k3-010  (dim 1 → 1)
[12:02:32]   pc-15_6_3-k3-011             is the same family as pc-13_6_5-k3-011  (dim 1 → 1)
[12:02:32]   pc-15_6_3-k3-012             is the same family as pc-13_6_5-k3-012  (dim 1 → 1)
[12:02:32]   pc-15_6_3-k3-013             is the same family as pc-13_6_5-k3-013  (dim 1 → 1)
[12:02:32]   pc-15_6_3-k3-014             is the same family as pc-13_6_5-k3-014  (dim 1 → 1)
[12:02:32]   pc-15_6_3-k3-015             is the same family as pc-13_6_5-k3-015  (dim 1 → 1)
[12:02:32]   pc-15_6_3-k3-016             is the same family as pc-13_6_5-k3-016  (dim 2 → 2)
[12:02:32]   pc-15_6_3-k3-017             is one parameter value of pc-13_6_5-k3-016  (dim 0 → 2)
[12:02:32]   pc-15_6_3-k3-018             is one parameter value of pc-13_6_5-k2-004  (dim 0 → 1)
[12:02:32]   pc-15_6_3-k3-019             is the same family as pc-13_6_5-k3-019  (dim 1 → 1)
[12:02:32]   pc-15_6_3-k3-020             is the same family as pc-13_6_5-k3-020  (dim 1 → 1)
[12:02:32]   pc-15_6_3-k3-021             is the same family as pc-13_6_5-k3-021  (dim 1 → 1)
[12:02:32]   pc-15_6_3-rigid-k3-004       is the same family as pc-15_6_3-rigid-k3-003  (dim 0 → 0)
[12:02:32]   pc-15_6_3-rigid-k3-005       is the same family as pc-15_6_3-rigid-k3-001  (dim 0 → 0)
[12:02:32]   pc-15_6_3-rigid-k3-006       is the same family as pc-15_6_3-rigid-k3-002  (dim 0 → 0)
[12:02:32]   pc-15_7_2-k1-001             is the same family as pc-13_10_1-k1-001  (dim 2 → 2)
[12:02:32]   pc-15_7_2-k1-002             is a sub-family of pc-13_10_1-k2-003  (dim 2 → 3)
[12:02:32]   pc-15_7_2-k1-003             is a sub-family of pc-13_10_1-k2-003  (dim 2 → 3)
[12:02:32]   pc-15_7_2-k1-004             is a sub-family of pc-13_10_1-k2-003  (dim 2 → 3)
[12:02:32]   pc-15_7_2-k2-001             is the same family as pc-13_10_1-k2-001  (dim 2 → 2)
[12:02:32]   pc-15_7_2-k2-002             is the same family as pc-13_10_1-k2-001  (dim 2 → 2)
[12:02:32]   pc-15_7_2-k2-003             is the same family as pc-13_10_1-k2-001  (dim 2 → 2)
[12:02:32]   pc-15_7_2-k3-001             is a sub-family of pc-13_10_1-k3-005  (dim 2 → 3)
[12:02:32]   pc-15_7_2-k3-002             is a sub-family of pc-13_10_1-k3-005  (dim 2 → 3)
[12:02:32]   pc-15_7_2-k3-003             is a sub-family of pc-13_10_1-k3-005  (dim 2 → 3)
[12:02:32]   pc-15_7_2-k3-004             is a sub-family of pc-13_10_1-k3-006  (dim 2 → 3)
[12:02:32]   pc-15_7_2-k3-005             is a sub-family of pc-13_10_1-k3-006  (dim 2 → 3)
[12:02:32]   pc-15_7_2-k3-006             is a sub-family of pc-13_10_1-k3-006  (dim 2 → 3)
[12:02:32]   pc-15_8_1-k1-001             is the same family as pc-13_10_1-k1-001  (dim 2 → 2)
[12:02:32]   pc-15_8_1-k1-002             is a sub-family of pc-13_10_1-k2-003  (dim 2 → 3)
[12:02:32]   pc-15_8_1-k1-003             is a sub-family of pc-13_10_1-k2-003  (dim 2 → 3)
[12:02:32]   pc-15_8_1-k1-004             is a sub-family of pc-13_10_1-k2-003  (dim 2 → 3)
[12:02:32]   pc-15_8_1-k2-001             is the same family as pc-13_10_1-k2-001  (dim 2 → 2)
[12:02:32]   pc-15_8_1-k2-002             is the same family as pc-13_10_1-k2-001  (dim 2 → 2)
[12:02:32]   pc-15_8_1-k2-003             is the same family as pc-13_10_1-k2-003  (dim 3 → 3)
[12:02:32]   pc-15_8_1-k2-004             is the same family as pc-13_10_1-k2-003  (dim 3 → 3)
[12:02:32]   pc-15_8_1-k2-005             is the same family as pc-13_10_1-k2-001  (dim 2 → 2)
[12:02:32]   pc-15_8_1-k2-006             is the same family as pc-13_8_3-k2-004  (dim 1 → 1)
[12:02:32]   pc-15_8_1-k2-007             is the same family as pc-13_8_3-k2-005  (dim 1 → 1)
[12:02:32]   pc-15_8_1-k2-008             is a sub-family of pc-13_8_3-k3-020  (dim 1 → 2)
[12:02:32]   pc-15_8_1-k2-009             is the same family as pc-13_8_3-k2-007  (dim 1 → 1)
[12:02:32]   pc-15_8_1-k2-010             is the same family as pc-13_8_3-k2-008  (dim 1 → 1)
[12:02:32]   pc-15_8_1-k2-011             is the same family as pc-13_8_3-k2-009  (dim 1 → 1)
[12:02:32]   pc-15_8_1-k2-012             is a sub-family of pc-13_10_1-k2-003  (dim 1 → 3)
[12:02:32]   pc-15_8_1-k2-013             is the same family as pc-13_8_3-k2-011  (dim 1 → 1)
[12:02:32]   pc-15_8_1-k3-001             is a sub-family of pc-13_10_1-k3-005  (dim 2 → 3)
[12:02:32]   pc-15_8_1-k3-002             is a sub-family of pc-13_10_1-k3-005  (dim 2 → 3)
[12:02:32]   pc-15_8_1-k3-003             is a sub-family of pc-13_10_1-k3-005  (dim 2 → 3)
[12:02:32]   pc-15_8_1-k3-004             is a sub-family of pc-13_10_1-k3-006  (dim 2 → 3)
[12:02:32]   pc-15_8_1-k3-005             is the same family as pc-13_10_1-k3-005  (dim 3 → 3)
[12:02:32]   pc-15_8_1-k3-006             is the same family as pc-13_10_1-k3-006  (dim 3 → 3)
[12:02:32]   pc-15_8_1-k3-007             is the same family as pc-13_10_1-k3-005  (dim 3 → 3)
[12:02:32]   pc-15_8_1-k3-008             is the same family as pc-13_10_1-k3-006  (dim 3 → 3)
[12:02:32]   pc-15_8_1-k3-009             is the same family as pc-13_10_1-k3-005  (dim 3 → 3)
[12:02:32]   pc-15_8_1-k3-010             is the same family as pc-13_10_1-k3-005  (dim 3 → 3)
[12:02:32]   pc-15_8_1-k3-011             is a sub-family of pc-13_10_1-k3-006  (dim 2 → 3)
[12:02:32]   pc-15_8_1-k3-012             is a sub-family of pc-13_10_1-k3-006  (dim 2 → 3)
[12:02:32]   pc-15_8_1-k3-013             is the same family as pc-13_10_1-k3-006  (dim 3 → 3)
[12:02:32]   pc-15_8_1-k3-014             is the same family as pc-13_10_1-k3-006  (dim 3 → 3)
[12:02:32]   pc-15_8_1-k3-015             is the same family as pc-13_8_3-k3-007  (dim 1 → 1)
[12:02:32]   pc-15_8_1-k3-016             is the same family as pc-13_8_3-k3-008  (dim 1 → 1)
[12:02:32]   pc-15_8_1-k3-017             is the same family as pc-13_8_3-k3-009  (dim 1 → 1)
[12:02:32]   pc-15_8_1-k3-018             is the same family as pc-13_8_3-k3-010  (dim 1 → 1)
[12:02:32]   pc-15_8_1-k3-019             is the same family as pc-13_8_3-k3-011  (dim 1 → 1)
[12:02:32]   pc-15_8_1-k3-020             is the same family as pc-13_8_3-k3-012  (dim 1 → 1)
[12:02:32]   pc-15_8_1-k3-021             is the same family as pc-13_8_3-k3-013  (dim 1 → 1)
[12:02:32]   pc-15_8_1-k3-022             is one parameter value of pc-13_8_3-k2-005  (dim 0 → 1)
[12:02:32]   pc-15_8_1-k3-023             is the same family as pc-13_8_3-k3-015  (dim 2 → 2)
[12:02:32]   pc-15_8_1-k3-024             is the same family as pc-13_8_3-k3-016  (dim 1 → 1)
[12:02:32]   pc-15_8_1-k3-025             is the same family as pc-13_8_3-k3-017  (dim 1 → 1)
[12:02:32]   pc-15_8_1-k3-026             is the same family as pc-13_8_3-k3-018  (dim 1 → 1)
[12:02:32]   pc-15_8_1-k3-027             is the same family as pc-13_8_3-k3-019  (dim 1 → 1)
[12:02:32]   pc-15_8_1-k3-028             is the same family as pc-13_8_3-k3-020  (dim 2 → 2)
[12:02:32]   pc-15_8_1-k3-029             is the same family as pc-13_8_3-k3-020  (dim 2 → 2)
[12:02:32]   pc-15_8_1-k3-030             is one parameter value of pc-13_8_3-k3-020  (dim 0 → 2)
[12:02:32]   pc-15_8_1-k3-031             is the same family as pc-13_8_3-k3-023  (dim 2 → 2)
[12:02:32]   pc-15_8_1-k3-032             is the same family as pc-13_8_3-k3-024  (dim 1 → 1)
[12:02:32]   pc-15_8_1-k3-033             is the same family as pc-13_8_3-k3-025  (dim 1 → 1)
[12:02:32]   pc-15_8_1-k3-034             is the same family as pc-13_8_3-k3-026  (dim 1 → 1)
[12:02:32]   pc-15_8_1-k3-035             is the same family as pc-13_8_3-k3-027  (dim 1 → 1)
[12:02:32]   pc-15_8_1-k3-036             is a sub-family of pc-13_8_3-k3-020  (dim 1 → 2)
[12:02:32]   pc-15_8_1-k3-037             is a sub-family of pc-13_10_1-k3-005  (dim 1 → 3)
[12:02:32]   pc-15_8_1-k3-038             is a sub-family of pc-13_10_1-k3-005  (dim 1 → 3)
[12:02:32]   pc-15_8_1-k3-039             is a sub-family of pc-13_10_1-k3-006  (dim 1 → 3)
[12:02:32]   pc-15_8_1-k3-040             is the same family as pc-13_8_3-k3-032  (dim 1 → 1)
[12:02:32]   pc-15_8_1-k3-041             is the same family as pc-13_8_3-k3-033  (dim 1 → 1)
[12:02:32]   pc-15_8_1-k3-042             is a sub-family of pc-13_10_1-k3-006  (dim 1 → 3)
[12:02:32]   pc-16_10_2-k2-003            is the same family as pc-16_10_2-k2-001  (dim 1 → 1)
[12:02:32]   pc-16_11_1-k2-001            is the same family as pc-16_10_2-k2-001  (dim 1 → 1)
[12:02:32]   pc-16_11_1-k2-002            is the same family as pc-16_10_2-k2-002  (dim 1 → 1)
[12:02:32]   pc-16_11_1-k2-003            is the same family as pc-16_10_2-k2-001  (dim 1 → 1)
[12:02:32]   pc-16_11_1-k3-001            is the same family as pc-16_10_2-k3-001  (dim 1 → 1)
[12:02:32]   pc-16_11_1-k3-002            is the same family as pc-16_10_2-k3-002  (dim 1 → 1)
[12:02:32]   pc-16_11_5-k2-001            is the same family as pc-16_10_6-k2-001  (dim 1 → 1)
[12:02:32]   pc-16_13_3-k2-001            is the same family as pc-16_10_6-k2-001  (dim 1 → 1)
[12:02:32]   pc-16_14_2-k2-001            is the same family as pc-16_10_6-k2-001  (dim 1 → 1)
[12:02:32]   pc-16_15_1-k2-001            is the same family as pc-16_10_6-k2-001  (dim 1 → 1)
[12:02:32]   pc-16_5_3-k1-001             is the same family as pc-13_10_1-k1-001  (dim 2 → 2)
[12:02:32]   pc-16_5_3-k1-002             is a sub-family of pc-13_10_1-k2-003  (dim 2 → 3)
[12:02:32]   pc-16_5_3-k1-003             is a sub-family of pc-13_10_1-k2-003  (dim 2 → 3)
[12:02:32]   pc-16_5_3-k1-004             is a sub-family of pc-13_10_1-k2-003  (dim 2 → 3)
[12:02:32]   pc-16_5_3-k2-003             is a sub-family of pc-16_5_3-k4-002  (dim 1 → 2)
[12:02:32]   pc-16_5_3-k2-005             is the same family as pc-13_10_1-k2-001  (dim 2 → 2)
[12:02:32]   pc-16_5_3-k2-006             is the same family as pc-13_10_1-k2-001  (dim 2 → 2)
[12:02:32]   pc-16_5_3-k2-007             is the same family as pc-13_10_1-k2-003  (dim 3 → 3)
[12:02:32]   pc-16_5_3-k2-008             is the same family as pc-13_10_1-k2-003  (dim 3 → 3)
[12:02:32]   pc-16_5_3-k2-009             is the same family as pc-13_10_1-k2-001  (dim 2 → 2)
[12:02:32]   pc-16_5_3-k2-015             is the same family as pc-16_5_3-k2-013  (dim 1 → 1)
[12:02:32]   pc-16_5_3-k2-017             is the same family as pc-16_5_3-k2-002  (dim 1 → 1)
[12:02:32]   pc-16_5_3-k2-018             is the same family as pc-16_5_3-k2-001  (dim 1 → 1)
[12:02:32]   pc-16_5_3-k3-009             is a sub-family of pc-13_10_1-k3-005  (dim 2 → 3)
[12:02:32]   pc-16_5_3-k3-010             is a sub-family of pc-13_10_1-k3-005  (dim 2 → 3)
[12:02:32]   pc-16_5_3-k3-011             is a sub-family of pc-13_10_1-k3-005  (dim 2 → 3)
[12:02:32]   pc-16_5_3-k3-012             is a sub-family of pc-13_10_1-k3-006  (dim 2 → 3)
[12:02:32]   pc-16_5_3-k3-013             is the same family as pc-13_10_1-k3-005  (dim 3 → 3)
[12:02:32]   pc-16_5_3-k3-014             is the same family as pc-13_10_1-k3-006  (dim 3 → 3)
[12:02:32]   pc-16_5_3-k3-015             is the same family as pc-13_10_1-k3-005  (dim 3 → 3)
[12:02:32]   pc-16_5_3-k3-016             is the same family as pc-13_10_1-k3-006  (dim 3 → 3)
[12:02:32]   pc-16_5_3-k3-017             is the same family as pc-13_10_1-k3-005  (dim 3 → 3)
[12:02:32]   pc-16_5_3-k3-018             is the same family as pc-13_10_1-k3-005  (dim 3 → 3)
[12:02:32]   pc-16_5_3-k3-019             is a sub-family of pc-13_10_1-k3-006  (dim 2 → 3)
[12:02:32]   pc-16_5_3-k3-020             is a sub-family of pc-13_10_1-k3-006  (dim 2 → 3)
[12:02:32]   pc-16_5_3-k3-021             is the same family as pc-13_10_1-k3-006  (dim 3 → 3)
[12:02:32]   pc-16_5_3-k3-022             is the same family as pc-13_10_1-k3-006  (dim 3 → 3)
[12:02:32]   pc-16_5_3-k4-003             is the same family as pc-16_5_3-k4-002  (dim 2 → 2)
[12:02:32]   pc-16_5_3-k4-015             is a sub-family of pc-16_5_3-k4-017  (dim 1 → 2)
[12:02:32]   pc-16_5_3-k4-016             is a sub-family of pc-16_5_3-k4-017  (dim 1 → 2)
[12:02:32]   pc-16_5_3-k4-018             is the same family as pc-16_5_3-k4-017  (dim 2 → 2)
[12:02:32]   pc-16_5_3-k4-025             is a sub-family of pc-16_5_3-k4-027  (dim 1 → 2)
[12:02:32]   pc-16_5_3-k4-026             is a sub-family of pc-16_5_3-k4-027  (dim 1 → 2)
[12:02:32]   pc-16_5_3-k4-028             is the same family as pc-16_5_3-k4-027  (dim 2 → 2)
[12:02:32]   pc-16_5_3-k5-006             is the same family as pc-16_5_3-k5-004  (dim 2 → 2)
[12:02:32]   pc-16_5_3-k5-007             is the same family as pc-16_5_3-k5-005  (dim 2 → 2)
[12:02:32]   pc-16_5_3-k5-008             is a sub-family of pc-16_5_3-k5-004  (dim 1 → 2)
[12:02:32]   pc-16_5_3-k5-009             is a sub-family of pc-16_5_3-k5-005  (dim 1 → 2)
[12:02:32]   pc-16_5_3-k5-010             is a sub-family of pc-16_5_3-k5-004  (dim 1 → 2)
[12:02:32]   pc-16_5_3-k5-011             is a sub-family of pc-16_5_3-k5-005  (dim 1 → 2)
[12:02:32]   pc-16_5_3-k5-012             is the same family as pc-16_5_3-k5-004  (dim 2 → 2)
[12:02:32]   pc-16_5_3-k5-013             is the same family as pc-16_5_3-k5-005  (dim 2 → 2)
[12:02:32]   pc-16_5_3-k5-014             is the same family as pc-16_5_3-k5-004  (dim 2 → 2)
[12:02:32]   pc-16_5_3-k5-015             is the same family as pc-16_5_3-k5-005  (dim 2 → 2)
[12:02:32]   pc-16_5_3-k6-003             is a sub-family of pc-16_5_3-k6-004  (dim 1 → 2)
[12:02:32]   pc-16_5_3-k6-005             is the same family as pc-16_5_3-k6-004  (dim 2 → 2)
[12:02:32]   pc-16_5_3-k6-007             is the same family as pc-16_5_3-k6-004  (dim 2 → 2)
[12:02:32]   pc-16_5_3-k6-008             is the same family as pc-16_5_3-k6-006  (dim 2 → 2)
[12:02:32]   pc-16_5_3-k6-009             is the same family as pc-16_5_3-k6-004  (dim 2 → 2)
[12:02:32]   pc-16_5_3-k6-010             is a sub-family of pc-16_5_3-k6-006  (dim 1 → 2)
[12:02:32]   pc-16_5_3-k6-011             is the same family as pc-16_5_3-k6-006  (dim 2 → 2)
[12:02:32]   pc-16_5_3-k6-012             is the same family as pc-16_5_3-k6-006  (dim 2 → 2)
[12:02:32]   pc-16_6_2-k1-001             is the same family as pc-13_10_1-k1-001  (dim 2 → 2)
[12:02:32]   pc-16_6_2-k1-002             is a sub-family of pc-13_10_1-k2-003  (dim 2 → 3)
[12:02:32]   pc-16_6_2-k1-003             is a sub-family of pc-13_10_1-k2-003  (dim 2 → 3)
[12:02:32]   pc-16_6_2-k1-004             is a sub-family of pc-13_10_1-k2-003  (dim 2 → 3)
[12:02:32]   pc-16_6_2-k2-001             is the same family as pc-16_5_3-k2-001  (dim 1 → 1)
[12:02:32]   pc-16_6_2-k2-002             is the same family as pc-16_5_3-k2-002  (dim 1 → 1)
[12:02:32]   pc-16_6_2-k2-003             is a sub-family of pc-16_5_3-k4-002  (dim 1 → 2)
[12:02:32]   pc-16_6_2-k2-004             is the same family as pc-16_5_3-k2-004  (dim 1 → 1)
[12:02:32]   pc-16_6_2-k2-005             is the same family as pc-13_10_1-k2-001  (dim 2 → 2)
[12:02:32]   pc-16_6_2-k2-006             is the same family as pc-13_10_1-k2-001  (dim 2 → 2)
[12:02:32]   pc-16_6_2-k2-007             is the same family as pc-13_10_1-k2-003  (dim 3 → 3)
[12:02:32]   pc-16_6_2-k2-008             is the same family as pc-13_10_1-k2-003  (dim 3 → 3)
[12:02:32]   pc-16_6_2-k2-009             is the same family as pc-13_10_1-k2-001  (dim 2 → 2)
[12:02:32]   pc-16_6_2-k2-010             is the same family as pc-16_5_3-k2-010  (dim 1 → 1)
[12:02:32]   pc-16_6_2-k2-011             is the same family as pc-16_5_3-k2-011  (dim 1 → 1)
[12:02:32]   pc-16_6_2-k2-014             is the same family as pc-16_5_3-k2-012  (dim 1 → 1)
[12:02:32]   pc-16_6_2-k2-015             is the same family as pc-16_5_3-k2-013  (dim 1 → 1)
[12:02:32]   pc-16_6_2-k2-016             is the same family as pc-16_5_3-k2-014  (dim 1 → 1)
[12:02:32]   pc-16_6_2-k2-017             is the same family as pc-16_5_3-k2-013  (dim 1 → 1)
[12:02:32]   pc-16_6_2-k2-018             is the same family as pc-16_5_3-k2-016  (dim 1 → 1)
[12:02:32]   pc-16_6_2-k2-019             is the same family as pc-13_6_5-k2-004  (dim 1 → 1)
[12:02:32]   pc-16_6_2-k2-020             is a sub-family of pc-13_6_5-k3-016  (dim 1 → 2)
[12:02:32]   pc-16_6_2-k2-021             is the same family as pc-13_6_5-k2-006  (dim 1 → 1)
[12:02:32]   pc-16_6_2-k2-022             is the same family as pc-13_6_5-k2-007  (dim 1 → 1)
[12:02:32]   pc-16_6_2-k2-023             is the same family as pc-16_5_3-k2-002  (dim 1 → 1)
[12:02:32]   pc-16_6_2-k2-024             is the same family as pc-16_5_3-k2-001  (dim 1 → 1)
[12:02:32]   pc-16_6_2-k3-001             is the same family as pc-16_5_3-k3-001  (dim 1 → 1)
[12:02:32]   pc-16_6_2-k3-002             is the same family as pc-16_5_3-k3-002  (dim 1 → 1)
[12:02:32]   pc-16_6_2-k3-003             is the same family as pc-16_5_3-k3-003  (dim 1 → 1)
[12:02:32]   pc-16_6_2-k3-004             is the same family as pc-16_5_3-k3-004  (dim 1 → 1)
[12:02:32]   pc-16_6_2-k3-005             is the same family as pc-16_5_3-k3-005  (dim 1 → 1)
[12:02:32]   pc-16_6_2-k3-006             is the same family as pc-16_5_3-k3-006  (dim 1 → 1)
[12:02:32]   pc-16_6_2-k3-007             is the same family as pc-16_5_3-k3-007  (dim 1 → 1)
[12:02:32]   pc-16_6_2-k3-008             is the same family as pc-16_5_3-k3-008  (dim 1 → 1)
[12:02:32]   pc-16_6_2-k3-009             is a sub-family of pc-13_10_1-k3-005  (dim 2 → 3)
[12:02:32]   pc-16_6_2-k3-010             is a sub-family of pc-13_10_1-k3-005  (dim 2 → 3)
[12:02:32]   pc-16_6_2-k3-011             is a sub-family of pc-13_10_1-k3-005  (dim 2 → 3)
[12:02:32]   pc-16_6_2-k3-012             is a sub-family of pc-13_10_1-k3-006  (dim 2 → 3)
[12:02:32]   pc-16_6_2-k3-013             is the same family as pc-13_10_1-k3-005  (dim 3 → 3)
[12:02:32]   pc-16_6_2-k3-014             is the same family as pc-13_10_1-k3-006  (dim 3 → 3)
[12:02:32]   pc-16_6_2-k3-015             is the same family as pc-13_10_1-k3-005  (dim 3 → 3)
[12:02:32]   pc-16_6_2-k3-016             is the same family as pc-13_10_1-k3-006  (dim 3 → 3)
[12:02:32]   pc-16_6_2-k3-017             is the same family as pc-13_10_1-k3-005  (dim 3 → 3)
[12:02:32]   pc-16_6_2-k3-018             is the same family as pc-13_10_1-k3-005  (dim 3 → 3)
[12:02:32]   pc-16_6_2-k3-019             is a sub-family of pc-13_10_1-k3-006  (dim 2 → 3)
[12:02:32]   pc-16_6_2-k3-020             is a sub-family of pc-13_10_1-k3-006  (dim 2 → 3)
[12:02:32]   pc-16_6_2-k3-021             is the same family as pc-13_10_1-k3-006  (dim 3 → 3)
[12:02:32]   pc-16_6_2-k3-022             is the same family as pc-13_10_1-k3-006  (dim 3 → 3)
[12:02:32]   pc-16_6_2-k3-023             is the same family as pc-16_5_3-k3-023  (dim 1 → 1)
[12:02:32]   pc-16_6_2-k3-024             is the same family as pc-16_5_3-k3-024  (dim 1 → 1)
[12:02:32]   pc-16_6_2-k3-025             is the same family as pc-16_5_3-k3-025  (dim 1 → 1)
[12:02:32]   pc-16_6_2-k3-026             is the same family as pc-16_5_3-k3-026  (dim 1 → 1)
[12:02:32]   pc-16_6_2-k3-027             is the same family as pc-16_5_3-k3-027  (dim 1 → 1)
[12:02:32]   pc-16_6_2-k3-028             is the same family as pc-16_5_3-k3-028  (dim 1 → 1)
[12:02:32]   pc-16_6_2-k3-029             is the same family as pc-16_5_3-k3-029  (dim 1 → 1)
[12:02:32]   pc-16_6_2-k3-036             is the same family as pc-16_5_3-k3-030  (dim 2 → 2)
[12:02:32]   pc-16_6_2-k3-037             is the same family as pc-16_5_3-k3-031  (dim 1 → 1)
[12:02:32]   pc-16_6_2-k3-038             is the same family as pc-16_5_3-k3-032  (dim 1 → 1)
[12:02:32]   pc-16_6_2-k3-039             is the same family as pc-16_5_3-k3-033  (dim 1 → 1)
[12:02:32]   pc-16_6_2-k3-040             is the same family as pc-16_5_3-k3-034  (dim 1 → 1)
[12:02:32]   pc-16_6_2-k3-041             is the same family as pc-16_5_3-k3-035  (dim 1 → 1)
[12:02:32]   pc-16_6_2-k3-043             is the same family as pc-16_5_3-k3-036  (dim 1 → 1)
[12:02:32]   pc-16_6_2-k3-044             is the same family as pc-16_5_3-k3-037  (dim 1 → 1)
[12:02:32]   pc-16_6_2-k3-045             is the same family as pc-16_5_3-k3-038  (dim 1 → 1)
[12:02:32]   pc-16_6_2-k3-046             is the same family as pc-16_5_3-k3-039  (dim 1 → 1)
[12:02:32]   pc-16_6_2-k3-047             is the same family as pc-16_5_3-k3-040  (dim 1 → 1)
[12:02:32]   pc-16_6_2-k3-048             is the same family as pc-16_5_3-k3-041  (dim 2 → 2)
[12:02:32]   pc-16_6_2-k3-049             is the same family as pc-16_5_3-k3-042  (dim 1 → 1)
[12:02:32]   pc-16_6_2-k3-050             is the same family as pc-16_5_3-k3-043  (dim 1 → 1)
[12:02:32]   pc-16_6_2-k3-051             is the same family as pc-16_5_3-k3-044  (dim 1 → 1)
[12:02:32]   pc-16_6_2-k3-052             is the same family as pc-16_5_3-k3-045  (dim 1 → 1)
[12:02:32]   pc-16_6_2-k3-053             is the same family as pc-13_6_5-k3-007  (dim 1 → 1)
[12:02:32]   pc-16_6_2-k3-054             is the same family as pc-13_6_5-k3-008  (dim 1 → 1)
[12:02:32]   pc-16_6_2-k3-055             is the same family as pc-13_6_5-k3-009  (dim 1 → 1)
[12:02:32]   pc-16_6_2-k3-056             is the same family as pc-13_6_5-k3-010  (dim 1 → 1)
[12:02:32]   pc-16_6_2-k3-057             is the same family as pc-13_6_5-k3-011  (dim 1 → 1)
[12:02:32]   pc-16_6_2-k3-058             is the same family as pc-13_6_5-k3-012  (dim 1 → 1)
[12:02:32]   pc-16_6_2-k3-059             is the same family as pc-13_6_5-k3-013  (dim 1 → 1)
[12:02:32]   pc-16_6_2-k3-060             is the same family as pc-13_6_5-k3-014  (dim 1 → 1)
[12:02:32]   pc-16_6_2-k3-061             is the same family as pc-13_6_5-k3-015  (dim 1 → 1)
[12:02:32]   pc-16_6_2-k3-062             is the same family as pc-13_6_5-k3-016  (dim 2 → 2)
[12:02:32]   pc-16_6_2-k3-063             is one parameter value of pc-13_6_5-k3-016  (dim 0 → 2)
[12:02:32]   pc-16_6_2-k3-064             is one parameter value of pc-13_6_5-k2-004  (dim 0 → 1)
[12:02:32]   pc-16_6_2-k3-065             is the same family as pc-13_6_5-k3-019  (dim 1 → 1)
[12:02:32]   pc-16_6_2-k3-066             is the same family as pc-13_6_5-k3-020  (dim 1 → 1)
[12:02:32]   pc-16_6_2-k3-067             is the same family as pc-13_6_5-k3-021  (dim 1 → 1)
[12:02:32]   pc-16_6_2-k4-001             is the same family as pc-16_5_3-k4-001  (dim 1 → 1)
[12:02:32]   pc-16_6_2-k4-002             is the same family as pc-16_5_3-k4-002  (dim 2 → 2)
[12:02:32]   pc-16_6_2-k4-003             is the same family as pc-16_5_3-k4-002  (dim 2 → 2)
[12:02:32]   pc-16_6_2-k4-004             is the same family as pc-16_5_3-k4-004  (dim 1 → 1)
[12:02:32]   pc-16_6_2-k4-005             is the same family as pc-16_5_3-k4-005  (dim 1 → 1)
[12:02:32]   pc-16_6_2-k4-006             is the same family as pc-16_5_3-k4-006  (dim 1 → 1)
[12:02:32]   pc-16_6_2-k4-007             is the same family as pc-16_5_3-k4-007  (dim 1 → 1)
[12:02:32]   pc-16_6_2-k4-008             is the same family as pc-16_5_3-k4-008  (dim 1 → 1)
[12:02:32]   pc-16_6_2-k4-009             is the same family as pc-16_5_3-k4-009  (dim 1 → 1)
[12:02:32]   pc-16_6_2-k4-010             is the same family as pc-16_5_3-k4-010  (dim 1 → 1)
[12:02:32]   pc-16_6_2-k4-012             is the same family as pc-16_5_3-k4-011  (dim 1 → 1)
[12:02:32]   pc-16_6_2-k4-013             is the same family as pc-16_6_2-k4-011  (dim 1 → 1)
[12:02:32]   pc-16_6_2-k4-014             is the same family as pc-16_5_3-k4-012  (dim 1 → 1)
[12:02:32]   pc-16_6_2-k4-015             is the same family as pc-16_5_3-k4-013  (dim 1 → 1)
[12:02:32]   pc-16_6_2-k4-016             is the same family as pc-16_5_3-k4-014  (dim 1 → 1)
[12:02:32]   pc-16_6_2-k4-017             is a sub-family of pc-16_5_3-k4-017  (dim 1 → 2)
[12:02:32]   pc-16_6_2-k4-018             is a sub-family of pc-16_5_3-k4-017  (dim 1 → 2)
[12:02:32]   pc-16_6_2-k4-019             is the same family as pc-16_5_3-k4-017  (dim 2 → 2)
[12:02:32]   pc-16_6_2-k4-020             is the same family as pc-16_5_3-k4-017  (dim 2 → 2)
[12:02:32]   pc-16_6_2-k4-021             is the same family as pc-16_5_3-k4-019  (dim 1 → 1)
[12:02:32]   pc-16_6_2-k4-022             is the same family as pc-16_5_3-k4-020  (dim 1 → 1)
[12:02:32]   pc-16_6_2-k4-023             is the same family as pc-16_5_3-k4-021  (dim 1 → 1)
[12:02:32]   pc-16_6_2-k4-024             is the same family as pc-16_5_3-k4-022  (dim 1 → 1)
[12:02:32]   pc-16_6_2-k4-025             is the same family as pc-16_5_3-k4-023  (dim 1 → 1)
[12:02:32]   pc-16_6_2-k4-026             is the same family as pc-16_5_3-k4-024  (dim 1 → 1)
[12:02:32]   pc-16_6_2-k4-027             is a sub-family of pc-16_5_3-k4-027  (dim 1 → 2)
[12:02:32]   pc-16_6_2-k4-028             is a sub-family of pc-16_5_3-k4-027  (dim 1 → 2)
[12:02:32]   pc-16_6_2-k4-029             is the same family as pc-16_5_3-k4-027  (dim 2 → 2)
[12:02:32]   pc-16_6_2-k4-030             is the same family as pc-16_5_3-k4-027  (dim 2 → 2)
[12:02:32]   pc-16_6_2-k5-001             is the same family as pc-16_5_3-k5-001  (dim 1 → 1)
[12:02:32]   pc-16_6_2-k5-002             is the same family as pc-16_5_3-k5-002  (dim 1 → 1)
[12:02:32]   pc-16_6_2-k5-003             is the same family as pc-16_5_3-k5-003  (dim 1 → 1)
[12:02:32]   pc-16_6_2-k5-004             is the same family as pc-16_5_3-k5-004  (dim 2 → 2)
[12:02:32]   pc-16_6_2-k5-005             is the same family as pc-16_5_3-k5-005  (dim 2 → 2)
[12:02:32]   pc-16_6_2-k5-006             is the same family as pc-16_5_3-k5-004  (dim 2 → 2)
[12:02:32]   pc-16_6_2-k5-007             is the same family as pc-16_5_3-k5-005  (dim 2 → 2)
[12:02:32]   pc-16_6_2-k5-008             is a sub-family of pc-16_5_3-k5-004  (dim 1 → 2)
[12:02:32]   pc-16_6_2-k5-009             is a sub-family of pc-16_5_3-k5-005  (dim 1 → 2)
[12:02:32]   pc-16_6_2-k5-010             is a sub-family of pc-16_5_3-k5-004  (dim 1 → 2)
[12:02:32]   pc-16_6_2-k5-011             is a sub-family of pc-16_5_3-k5-005  (dim 1 → 2)
[12:02:32]   pc-16_6_2-k5-012             is the same family as pc-16_5_3-k5-004  (dim 2 → 2)
[12:02:32]   pc-16_6_2-k5-013             is the same family as pc-16_5_3-k5-005  (dim 2 → 2)
[12:02:32]   pc-16_6_2-k5-014             is the same family as pc-16_5_3-k5-004  (dim 2 → 2)
[12:02:32]   pc-16_6_2-k5-015             is the same family as pc-16_5_3-k5-005  (dim 2 → 2)
[12:02:32]   pc-16_6_2-k5-016             is the same family as pc-16_5_3-k5-016  (dim 1 → 1)
[12:02:32]   pc-16_6_2-k5-017             is the same family as pc-16_5_3-k5-017  (dim 1 → 1)
[12:02:32]   pc-16_6_2-k6-004             is the same family as pc-16_5_3-k6-001  (dim 1 → 1)
[12:02:32]   pc-16_6_2-k6-005             is the same family as pc-16_5_3-k6-002  (dim 1 → 1)
[12:02:32]   pc-16_6_2-k6-006             is a sub-family of pc-16_5_3-k6-004  (dim 1 → 2)
[12:02:32]   pc-16_6_2-k6-007             is the same family as pc-16_5_3-k6-004  (dim 2 → 2)
[12:02:32]   pc-16_6_2-k6-008             is the same family as pc-16_5_3-k6-004  (dim 2 → 2)
[12:02:32]   pc-16_6_2-k6-009             is the same family as pc-16_5_3-k6-006  (dim 2 → 2)
[12:02:32]   pc-16_6_2-k6-010             is the same family as pc-16_5_3-k6-004  (dim 2 → 2)
[12:02:32]   pc-16_6_2-k6-011             is the same family as pc-16_5_3-k6-006  (dim 2 → 2)
[12:02:32]   pc-16_6_2-k6-012             is the same family as pc-16_5_3-k6-004  (dim 2 → 2)
[12:02:32]   pc-16_6_2-k6-013             is a sub-family of pc-16_5_3-k6-006  (dim 1 → 2)
[12:02:32]   pc-16_6_2-k6-014             is the same family as pc-16_5_3-k6-006  (dim 2 → 2)
[12:02:32]   pc-16_6_2-k6-015             is the same family as pc-16_5_3-k6-006  (dim 2 → 2)
[12:02:32]   pc-16_6_2-rigid-k3-017       is the same family as pc-16_6_2-rigid-k3-002  (dim 0 → 0)
[12:02:32]   pc-16_6_6-k2-001             is the same family as pc-16_10_2-k2-001  (dim 1 → 1)
[12:02:32]   pc-16_6_6-k2-002             is the same family as pc-16_10_2-k2-002  (dim 1 → 1)
[12:02:32]   pc-16_6_6-k3-001             is the same family as pc-16_10_2-k3-001  (dim 1 → 1)
[12:02:32]   pc-16_6_6-k3-002             is the same family as pc-16_10_2-k3-002  (dim 1 → 1)
[12:02:32]   pc-16_6_6-rigid-k2-001       is one parameter value of pc-16_10_2-k2-001  (dim 0 → 1)
[12:02:32]   pc-16_6_6-rigid-k2-002       is one parameter value of pc-16_10_2-k2-001  (dim 0 → 1)
[12:02:32]   pc-16_7_1-k1-001             is the same family as pc-13_10_1-k1-001  (dim 2 → 2)
[12:02:32]   pc-16_7_1-k1-002             is a sub-family of pc-13_10_1-k2-003  (dim 2 → 3)
[12:02:32]   pc-16_7_1-k1-003             is a sub-family of pc-13_10_1-k2-003  (dim 2 → 3)
[12:02:32]   pc-16_7_1-k1-004             is a sub-family of pc-13_10_1-k2-003  (dim 2 → 3)
[12:02:32]   pc-16_7_1-k2-001             is the same family as pc-16_5_3-k2-001  (dim 1 → 1)
[12:02:32]   pc-16_7_1-k2-002             is the same family as pc-16_5_3-k2-002  (dim 1 → 1)
[12:02:32]   pc-16_7_1-k2-003             is a sub-family of pc-16_5_3-k4-002  (dim 1 → 2)
[12:02:32]   pc-16_7_1-k2-004             is the same family as pc-16_5_3-k2-004  (dim 1 → 1)
[12:02:32]   pc-16_7_1-k2-005             is the same family as pc-13_10_1-k2-001  (dim 2 → 2)
[12:02:32]   pc-16_7_1-k2-006             is the same family as pc-13_10_1-k2-001  (dim 2 → 2)
[12:02:32]   pc-16_7_1-k2-007             is the same family as pc-13_10_1-k2-003  (dim 3 → 3)
[12:02:32]   pc-16_7_1-k2-008             is the same family as pc-13_10_1-k2-003  (dim 3 → 3)
[12:02:32]   pc-16_7_1-k2-009             is the same family as pc-13_10_1-k2-001  (dim 2 → 2)
[12:02:32]   pc-16_7_1-k2-010             is the same family as pc-16_5_3-k2-010  (dim 1 → 1)
[12:02:32]   pc-16_7_1-k2-011             is the same family as pc-16_5_3-k2-011  (dim 1 → 1)
[12:02:32]   pc-16_7_1-k2-012             is the same family as pc-16_6_2-k2-012  (dim 1 → 1)
[12:02:32]   pc-16_7_1-k2-013             is the same family as pc-16_6_2-k2-013  (dim 1 → 1)
[12:02:32]   pc-16_7_1-k2-014             is the same family as pc-16_5_3-k2-012  (dim 1 → 1)
[12:02:32]   pc-16_7_1-k2-015             is the same family as pc-16_5_3-k2-013  (dim 1 → 1)
[12:02:32]   pc-16_7_1-k2-016             is the same family as pc-16_5_3-k2-014  (dim 1 → 1)
[12:02:32]   pc-16_7_1-k2-017             is the same family as pc-16_5_3-k2-013  (dim 1 → 1)
[12:02:32]   pc-16_7_1-k2-018             is the same family as pc-16_5_3-k2-016  (dim 1 → 1)
[12:02:32]   pc-16_7_1-k2-019             is the same family as pc-16_5_3-k2-002  (dim 1 → 1)
[12:02:32]   pc-16_7_1-k2-020             is the same family as pc-16_5_3-k2-001  (dim 1 → 1)
[12:02:32]   pc-16_7_1-k3-001             is the same family as pc-16_5_3-k3-001  (dim 1 → 1)
[12:02:32]   pc-16_7_1-k3-002             is the same family as pc-16_5_3-k3-002  (dim 1 → 1)
[12:02:32]   pc-16_7_1-k3-003             is the same family as pc-16_5_3-k3-003  (dim 1 → 1)
[12:02:32]   pc-16_7_1-k3-004             is the same family as pc-16_5_3-k3-004  (dim 1 → 1)
[12:02:32]   pc-16_7_1-k3-005             is the same family as pc-16_5_3-k3-005  (dim 1 → 1)
[12:02:32]   pc-16_7_1-k3-006             is the same family as pc-16_5_3-k3-006  (dim 1 → 1)
[12:02:32]   pc-16_7_1-k3-007             is the same family as pc-16_5_3-k3-007  (dim 1 → 1)
[12:02:32]   pc-16_7_1-k3-008             is the same family as pc-16_5_3-k3-008  (dim 1 → 1)
[12:02:32]   pc-16_7_1-k3-009             is a sub-family of pc-13_10_1-k3-005  (dim 2 → 3)
[12:02:32]   pc-16_7_1-k3-010             is a sub-family of pc-13_10_1-k3-005  (dim 2 → 3)
[12:02:32]   pc-16_7_1-k3-011             is a sub-family of pc-13_10_1-k3-005  (dim 2 → 3)
[12:02:32]   pc-16_7_1-k3-012             is a sub-family of pc-13_10_1-k3-006  (dim 2 → 3)
[12:02:32]   pc-16_7_1-k3-013             is the same family as pc-13_10_1-k3-005  (dim 3 → 3)
[12:02:32]   pc-16_7_1-k3-014             is the same family as pc-13_10_1-k3-006  (dim 3 → 3)
[12:02:32]   pc-16_7_1-k3-015             is the same family as pc-13_10_1-k3-005  (dim 3 → 3)
[12:02:32]   pc-16_7_1-k3-016             is the same family as pc-13_10_1-k3-006  (dim 3 → 3)
[12:02:32]   pc-16_7_1-k3-017             is the same family as pc-13_10_1-k3-005  (dim 3 → 3)
[12:02:32]   pc-16_7_1-k3-018             is the same family as pc-13_10_1-k3-005  (dim 3 → 3)
[12:02:32]   pc-16_7_1-k3-019             is a sub-family of pc-13_10_1-k3-006  (dim 2 → 3)
[12:02:32]   pc-16_7_1-k3-020             is a sub-family of pc-13_10_1-k3-006  (dim 2 → 3)
[12:02:32]   pc-16_7_1-k3-021             is the same family as pc-13_10_1-k3-006  (dim 3 → 3)
[12:02:32]   pc-16_7_1-k3-022             is the same family as pc-13_10_1-k3-006  (dim 3 → 3)
[12:02:32]   pc-16_7_1-k3-023             is the same family as pc-16_5_3-k3-023  (dim 1 → 1)
[12:02:32]   pc-16_7_1-k3-024             is the same family as pc-16_5_3-k3-024  (dim 1 → 1)
[12:02:32]   pc-16_7_1-k3-025             is the same family as pc-16_5_3-k3-025  (dim 1 → 1)
[12:02:32]   pc-16_7_1-k3-026             is the same family as pc-16_5_3-k3-026  (dim 1 → 1)
[12:02:32]   pc-16_7_1-k3-027             is the same family as pc-16_5_3-k3-027  (dim 1 → 1)
[12:02:32]   pc-16_7_1-k3-028             is the same family as pc-16_5_3-k3-028  (dim 1 → 1)
[12:02:32]   pc-16_7_1-k3-029             is the same family as pc-16_5_3-k3-029  (dim 1 → 1)
[12:02:32]   pc-16_7_1-k3-030             is the same family as pc-16_6_2-k3-030  (dim 1 → 1)
[12:02:32]   pc-16_7_1-k3-031             is the same family as pc-16_6_2-k3-031  (dim 1 → 1)
[12:02:32]   pc-16_7_1-k3-032             is the same family as pc-16_6_2-k3-032  (dim 1 → 1)
[12:02:32]   pc-16_7_1-k3-033             is the same family as pc-16_6_2-k3-033  (dim 1 → 1)
[12:02:32]   pc-16_7_1-k3-034             is the same family as pc-16_6_2-k3-034  (dim 1 → 1)
[12:02:32]   pc-16_7_1-k3-035             is the same family as pc-16_6_2-k3-035  (dim 1 → 1)
[12:02:32]   pc-16_7_1-k3-036             is the same family as pc-16_5_3-k3-030  (dim 2 → 2)
[12:02:32]   pc-16_7_1-k3-037             is the same family as pc-16_5_3-k3-031  (dim 1 → 1)
[12:02:32]   pc-16_7_1-k3-038             is the same family as pc-16_5_3-k3-032  (dim 1 → 1)
[12:02:32]   pc-16_7_1-k3-039             is the same family as pc-16_5_3-k3-033  (dim 1 → 1)
[12:02:32]   pc-16_7_1-k3-040             is the same family as pc-16_5_3-k3-034  (dim 1 → 1)
[12:02:32]   pc-16_7_1-k3-041             is the same family as pc-16_5_3-k3-035  (dim 1 → 1)
[12:02:32]   pc-16_7_1-k3-042             is the same family as pc-16_5_3-k3-036  (dim 1 → 1)
[12:02:32]   pc-16_7_1-k3-043             is the same family as pc-16_5_3-k3-037  (dim 1 → 1)
[12:02:32]   pc-16_7_1-k3-044             is the same family as pc-16_5_3-k3-038  (dim 1 → 1)
[12:02:32]   pc-16_7_1-k3-045             is the same family as pc-16_5_3-k3-039  (dim 1 → 1)
[12:02:32]   pc-16_7_1-k3-046             is the same family as pc-16_5_3-k3-040  (dim 1 → 1)
[12:02:32]   pc-16_7_1-k3-047             is the same family as pc-16_5_3-k3-041  (dim 2 → 2)
[12:02:32]   pc-16_7_1-k3-048             is the same family as pc-16_5_3-k3-042  (dim 1 → 1)
[12:02:32]   pc-16_7_1-k3-049             is the same family as pc-16_5_3-k3-043  (dim 1 → 1)
[12:02:32]   pc-16_7_1-k3-050             is the same family as pc-16_5_3-k3-044  (dim 1 → 1)
[12:02:32]   pc-16_7_1-k3-051             is the same family as pc-16_5_3-k3-045  (dim 1 → 1)
[12:02:32]   pc-16_7_1-k4-001             is the same family as pc-16_5_3-k4-001  (dim 1 → 1)
[12:02:32]   pc-16_7_1-k4-002             is the same family as pc-16_5_3-k4-002  (dim 2 → 2)
[12:02:32]   pc-16_7_1-k4-003             is the same family as pc-16_5_3-k4-002  (dim 2 → 2)
[12:02:32]   pc-16_7_1-k4-004             is the same family as pc-16_5_3-k4-004  (dim 1 → 1)
[12:02:32]   pc-16_7_1-k4-005             is the same family as pc-16_5_3-k4-005  (dim 1 → 1)
[12:02:32]   pc-16_7_1-k4-006             is the same family as pc-16_5_3-k4-006  (dim 1 → 1)
[12:02:32]   pc-16_7_1-k4-007             is the same family as pc-16_5_3-k4-007  (dim 1 → 1)
[12:02:32]   pc-16_7_1-k4-008             is the same family as pc-16_5_3-k4-008  (dim 1 → 1)
[12:02:32]   pc-16_7_1-k4-009             is the same family as pc-16_5_3-k4-009  (dim 1 → 1)
[12:02:32]   pc-16_7_1-k4-010             is the same family as pc-16_5_3-k4-010  (dim 1 → 1)
[12:02:32]   pc-16_7_1-k4-011             is the same family as pc-16_5_3-k4-011  (dim 1 → 1)
[12:02:32]   pc-16_7_1-k4-012             is the same family as pc-16_5_3-k4-012  (dim 1 → 1)
[12:02:32]   pc-16_7_1-k4-013             is the same family as pc-16_5_3-k4-013  (dim 1 → 1)
[12:02:32]   pc-16_7_1-k4-014             is the same family as pc-16_5_3-k4-014  (dim 1 → 1)
[12:02:32]   pc-16_7_1-k4-015             is a sub-family of pc-16_5_3-k4-017  (dim 1 → 2)
[12:02:32]   pc-16_7_1-k4-016             is a sub-family of pc-16_5_3-k4-017  (dim 1 → 2)
[12:02:32]   pc-16_7_1-k4-017             is the same family as pc-16_5_3-k4-017  (dim 2 → 2)
[12:02:32]   pc-16_7_1-k4-018             is the same family as pc-16_5_3-k4-017  (dim 2 → 2)
[12:02:32]   pc-16_7_1-k4-019             is the same family as pc-16_5_3-k4-019  (dim 1 → 1)
[12:02:32]   pc-16_7_1-k4-020             is the same family as pc-16_5_3-k4-020  (dim 1 → 1)
[12:02:32]   pc-16_7_1-k4-021             is the same family as pc-16_5_3-k4-021  (dim 1 → 1)
[12:02:32]   pc-16_7_1-k4-022             is the same family as pc-16_5_3-k4-022  (dim 1 → 1)
[12:02:32]   pc-16_7_1-k4-023             is the same family as pc-16_5_3-k4-023  (dim 1 → 1)
[12:02:32]   pc-16_7_1-k4-024             is the same family as pc-16_5_3-k4-024  (dim 1 → 1)
[12:02:32]   pc-16_7_1-k4-025             is a sub-family of pc-16_5_3-k4-027  (dim 1 → 2)
[12:02:32]   pc-16_7_1-k4-026             is a sub-family of pc-16_5_3-k4-027  (dim 1 → 2)
[12:02:32]   pc-16_7_1-k4-027             is the same family as pc-16_5_3-k4-027  (dim 2 → 2)
[12:02:32]   pc-16_7_1-k4-028             is the same family as pc-16_5_3-k4-027  (dim 2 → 2)
[12:02:32]   pc-16_7_1-k5-001             is the same family as pc-16_5_3-k5-001  (dim 1 → 1)
[12:02:32]   pc-16_7_1-k5-002             is the same family as pc-16_5_3-k5-002  (dim 1 → 1)
[12:02:32]   pc-16_7_1-k5-003             is the same family as pc-16_5_3-k5-003  (dim 1 → 1)
[12:02:32]   pc-16_7_1-k5-004             is the same family as pc-16_5_3-k5-004  (dim 2 → 2)
[12:02:32]   pc-16_7_1-k5-005             is the same family as pc-16_5_3-k5-005  (dim 2 → 2)
[12:02:32]   pc-16_7_1-k5-006             is the same family as pc-16_5_3-k5-004  (dim 2 → 2)
[12:02:32]   pc-16_7_1-k5-007             is the same family as pc-16_5_3-k5-005  (dim 2 → 2)
[12:02:32]   pc-16_7_1-k5-008             is a sub-family of pc-16_5_3-k5-004  (dim 1 → 2)
[12:02:32]   pc-16_7_1-k5-009             is a sub-family of pc-16_5_3-k5-005  (dim 1 → 2)
[12:02:32]   pc-16_7_1-k5-010             is a sub-family of pc-16_5_3-k5-004  (dim 1 → 2)
[12:02:32]   pc-16_7_1-k5-011             is a sub-family of pc-16_5_3-k5-005  (dim 1 → 2)
[12:02:32]   pc-16_7_1-k5-012             is the same family as pc-16_5_3-k5-004  (dim 2 → 2)
[12:02:32]   pc-16_7_1-k5-013             is the same family as pc-16_5_3-k5-005  (dim 2 → 2)
[12:02:32]   pc-16_7_1-k5-014             is the same family as pc-16_5_3-k5-004  (dim 2 → 2)
[12:02:32]   pc-16_7_1-k5-015             is the same family as pc-16_5_3-k5-005  (dim 2 → 2)
[12:02:32]   pc-16_7_1-k5-016             is the same family as pc-16_5_3-k5-016  (dim 1 → 1)
[12:02:32]   pc-16_7_1-k5-017             is the same family as pc-16_5_3-k5-017  (dim 1 → 1)
[12:02:32]   pc-16_7_1-k6-001             is the same family as pc-16_5_3-k6-001  (dim 1 → 1)
[12:02:32]   pc-16_7_1-k6-002             is the same family as pc-16_5_3-k6-002  (dim 1 → 1)
[12:02:32]   pc-16_7_1-k6-003             is a sub-family of pc-16_5_3-k6-004  (dim 1 → 2)
[12:02:32]   pc-16_7_1-k6-004             is the same family as pc-16_5_3-k6-004  (dim 2 → 2)
[12:02:32]   pc-16_7_1-k6-005             is the same family as pc-16_5_3-k6-004  (dim 2 → 2)
[12:02:32]   pc-16_7_1-k6-006             is the same family as pc-16_5_3-k6-006  (dim 2 → 2)
[12:02:32]   pc-16_7_1-k6-007             is the same family as pc-16_5_3-k6-004  (dim 2 → 2)
[12:02:32]   pc-16_7_1-k6-008             is the same family as pc-16_5_3-k6-006  (dim 2 → 2)
[12:02:32]   pc-16_7_1-k6-009             is the same family as pc-16_5_3-k6-004  (dim 2 → 2)
[12:02:32]   pc-16_7_1-k6-010             is a sub-family of pc-16_5_3-k6-006  (dim 1 → 2)
[12:02:32]   pc-16_7_1-k6-011             is the same family as pc-16_5_3-k6-006  (dim 2 → 2)
[12:02:32]   pc-16_7_1-k6-012             is the same family as pc-16_5_3-k6-006  (dim 2 → 2)
[12:02:32]   pc-16_7_5-k2-001             is the same family as pc-16_10_2-k2-001  (dim 1 → 1)
[12:02:32]   pc-16_7_5-k2-002             is the same family as pc-16_10_2-k2-002  (dim 1 → 1)
[12:02:32]   pc-16_7_5-k2-003             is the same family as pc-16_10_2-k2-001  (dim 1 → 1)
[12:02:32]   pc-16_7_5-k3-001             is the same family as pc-16_10_2-k3-001  (dim 1 → 1)
[12:02:32]   pc-16_7_5-k3-002             is the same family as pc-16_10_2-k3-002  (dim 1 → 1)
[12:02:32]   pc-16_8_4-k2-001             is the same family as pc-16_10_2-k2-001  (dim 1 → 1)
[12:02:32]   pc-16_8_4-k2-002             is the same family as pc-16_10_2-k2-002  (dim 1 → 1)
[12:02:32]   pc-16_8_4-k2-004             is the same family as pc-16_10_2-k2-001  (dim 1 → 1)
[12:02:32]   pc-16_8_4-k3-001             is the same family as pc-16_10_2-k3-001  (dim 1 → 1)
[12:02:32]   pc-16_8_4-k3-003             is the same family as pc-16_10_2-k3-002  (dim 1 → 1)
[12:02:32]   pc-16_8_8-k2-002             is the same family as pc-16_10_6-k2-001  (dim 1 → 1)
[12:02:32]   pc-16_9_3-k2-001             is the same family as pc-16_10_2-k2-001  (dim 1 → 1)
[12:02:32]   pc-16_9_3-k2-002             is the same family as pc-16_10_2-k2-002  (dim 1 → 1)
[12:02:32]   pc-16_9_3-k2-003             is the same family as pc-16_10_2-k2-001  (dim 1 → 1)
[12:02:32]   pc-16_9_3-k3-001             is the same family as pc-16_10_2-k3-001  (dim 1 → 1)
[12:02:32]   pc-16_9_3-k3-002             is the same family as pc-16_10_2-k3-002  (dim 1 → 1)
[12:02:32]   pc-16_9_7-k2-001             is the same family as pc-16_10_6-k2-001  (dim 1 → 1)
[12:02:32]   pc-17_6_1-k1-001             is the same family as pc-13_10_1-k1-001  (dim 2 → 2)
[12:02:32]   pc-17_6_1-k1-002             is a sub-family of pc-13_10_1-k2-003  (dim 2 → 3)
[12:02:32]   pc-17_6_1-k1-003             is a sub-family of pc-13_10_1-k2-003  (dim 2 → 3)
[12:02:32]   pc-17_6_1-k1-004             is a sub-family of pc-13_10_1-k2-003  (dim 2 → 3)
[12:02:32]   pc-17_6_1-k2-001             is the same family as pc-13_10_1-k2-001  (dim 2 → 2)
[12:02:32]   pc-17_6_1-k2-002             is the same family as pc-13_10_1-k2-001  (dim 2 → 2)
[12:02:32]   pc-17_6_1-k2-003             is the same family as pc-13_10_1-k2-001  (dim 2 → 2)
[12:02:32]   pc-17_6_1-k2-004             is the same family as pc-13_6_5-k2-004  (dim 1 → 1)
[12:02:32]   pc-17_6_1-k2-005             is a sub-family of pc-13_6_5-k3-016  (dim 1 → 2)
[12:02:32]   pc-17_6_1-k2-006             is the same family as pc-13_6_5-k2-006  (dim 1 → 1)
[12:02:32]   pc-17_6_1-k2-007             is the same family as pc-13_6_5-k2-007  (dim 1 → 1)
[12:02:32]   pc-17_6_1-k3-001             is a sub-family of pc-13_10_1-k3-005  (dim 2 → 3)
[12:02:32]   pc-17_6_1-k3-002             is a sub-family of pc-13_10_1-k3-005  (dim 2 → 3)
[12:02:32]   pc-17_6_1-k3-003             is a sub-family of pc-13_10_1-k3-005  (dim 2 → 3)
[12:02:32]   pc-17_6_1-k3-004             is a sub-family of pc-13_10_1-k3-006  (dim 2 → 3)
[12:02:32]   pc-17_6_1-k3-005             is a sub-family of pc-13_10_1-k3-006  (dim 2 → 3)
[12:02:32]   pc-17_6_1-k3-006             is a sub-family of pc-13_10_1-k3-006  (dim 2 → 3)
[12:02:32]   pc-17_6_1-k3-007             is the same family as pc-13_6_5-k3-007  (dim 1 → 1)
[12:02:32]   pc-17_6_1-k3-008             is the same family as pc-13_6_5-k3-008  (dim 1 → 1)
[12:02:32]   pc-17_6_1-k3-009             is the same family as pc-13_6_5-k3-009  (dim 1 → 1)
[12:02:32]   pc-17_6_1-k3-010             is the same family as pc-13_6_5-k3-010  (dim 1 → 1)
[12:02:32]   pc-17_6_1-k3-011             is the same family as pc-13_6_5-k3-011  (dim 1 → 1)
[12:02:32]   pc-17_6_1-k3-012             is the same family as pc-13_6_5-k3-012  (dim 1 → 1)
[12:02:32]   pc-17_6_1-k3-013             is the same family as pc-13_6_5-k3-013  (dim 1 → 1)
[12:02:32]   pc-17_6_1-k3-014             is the same family as pc-13_6_5-k3-014  (dim 1 → 1)
[12:02:32]   pc-17_6_1-k3-015             is the same family as pc-13_6_5-k3-015  (dim 1 → 1)
[12:02:32]   pc-17_6_1-k3-016             is the same family as pc-13_6_5-k3-016  (dim 2 → 2)
[12:02:32]   pc-17_6_1-k3-017             is one parameter value of pc-13_6_5-k3-016  (dim 0 → 2)
[12:02:32]   pc-17_6_1-k3-018             is one parameter value of pc-13_6_5-k2-004  (dim 0 → 1)
[12:02:32]   pc-17_6_1-k3-019             is the same family as pc-13_6_5-k3-019  (dim 1 → 1)
[12:02:32]   pc-17_6_1-k3-020             is the same family as pc-13_6_5-k3-020  (dim 1 → 1)
[12:02:32]   pc-17_6_1-k3-021             is the same family as pc-13_6_5-k3-021  (dim 1 → 1)
[12:02:32]   pc-18_10_2-k2-002            is the same family as pc-18_10_2-k2-001  (dim 1 → 1)
[12:02:32]   pc-18_11_1-k2-001            is the same family as pc-18_10_2-k2-001  (dim 1 → 1)
[12:02:32]   pc-18_11_1-k2-002            is the same family as pc-18_10_2-k2-001  (dim 1 → 1)
[12:02:32]   pc-18_11_1-k4-001            is the same family as pc-18_10_2-k4-001  (dim 1 → 1)
[12:02:32]   pc-18_6_6-k2-001             is the same family as pc-18_10_2-k2-001  (dim 1 → 1)
[12:02:32]   pc-18_6_6-k4-001             is the same family as pc-18_10_2-k4-001  (dim 1 → 1)
[12:02:32]   pc-18_6_6-rigid-k2-001       is one parameter value of pc-18_10_2-k2-001  (dim 0 → 1)
[12:02:32]   pc-18_6_6-rigid-k3-003       is the same family as pc-18_6_6-rigid-k3-002  (dim 0 → 0)
[12:02:32]   pc-18_6_6-rigid-k3-004       is the same family as pc-18_6_6-rigid-k3-001  (dim 0 → 0)
[12:02:32]   pc-18_7_5-k2-001             is the same family as pc-18_10_2-k2-001  (dim 1 → 1)
[12:02:32]   pc-18_7_5-k2-002             is the same family as pc-18_10_2-k2-001  (dim 1 → 1)
[12:02:32]   pc-18_7_5-k4-001             is the same family as pc-18_10_2-k4-001  (dim 1 → 1)
[12:02:32]   pc-18_8_4-k2-001             is the same family as pc-18_10_2-k2-001  (dim 1 → 1)
[12:02:32]   pc-18_8_4-k2-002             is the same family as pc-18_10_2-k2-001  (dim 1 → 1)
[12:02:32]   pc-18_8_4-k4-001             is the same family as pc-18_10_2-k4-001  (dim 1 → 1)
[12:02:32]   pc-18_9_3-k2-001             is the same family as pc-18_10_2-k2-001  (dim 1 → 1)
[12:02:32]   pc-18_9_3-k2-002             is the same family as pc-18_10_2-k2-001  (dim 1 → 1)
[12:02:32]   pc-18_9_3-k4-001             is the same family as pc-18_10_2-k4-001  (dim 1 → 1)
[12:02:32]   pc-20_10_2-k2-002            is the same family as pc-20_10_2-k2-001  (dim 1 → 1)
[12:02:32]   pc-20_11_1-k2-001            is the same family as pc-20_10_2-k2-001  (dim 1 → 1)
[12:02:32]   pc-20_11_1-k2-002            is the same family as pc-20_10_2-k2-001  (dim 1 → 1)
[12:02:32]   pc-20_11_1-k6-001            is the same family as pc-20_10_2-k6-001  (dim 1 → 1)
[12:02:32]   pc-20_5_3-k2-002             is the same family as pc-20_5_3-k2-001  (dim 1 → 1)
[12:02:32]   pc-20_6_2-k2-001             is the same family as pc-20_5_3-k2-001  (dim 1 → 1)
[12:02:32]   pc-20_6_2-k2-002             is the same family as pc-20_5_3-k2-001  (dim 1 → 1)
[12:02:32]   pc-20_6_2-k3-001             is the same family as pc-20_5_3-k3-001  (dim 1 → 1)
[12:02:32]   pc-20_6_2-k5-001             is the same family as pc-20_5_3-k5-001  (dim 1 → 1)
[12:02:32]   pc-20_6_2-k6-001             is the same family as pc-20_5_3-k6-001  (dim 1 → 1)
[12:02:32]   pc-20_6_2-k6-002             is the same family as pc-20_5_3-k6-002  (dim 1 → 1)
[12:02:32]   pc-20_6_2-k6-003             is the same family as pc-20_5_3-k6-003  (dim 1 → 1)
[12:02:32]   pc-20_6_2-k6-004             is the same family as pc-20_5_3-k6-004  (dim 1 → 1)
[12:02:32]   pc-20_6_2-k6-005             is the same family as pc-20_5_3-k6-005  (dim 1 → 1)
[12:02:32]   pc-20_6_4-rigid-k3-004       is the same family as pc-20_6_4-rigid-k3-002  (dim 0 → 0)
[12:02:32]   pc-20_6_6-k2-001             is the same family as pc-20_10_2-k2-001  (dim 1 → 1)
[12:02:32]   pc-20_6_6-k6-001             is the same family as pc-20_10_2-k6-001  (dim 1 → 1)
[12:02:32]   pc-20_6_6-rigid-k2-001       is one parameter value of pc-20_10_2-k2-001  (dim 0 → 1)
[12:02:32]   pc-20_6_6-rigid-k2-002       is one parameter value of pc-20_10_2-k2-001  (dim 0 → 1)
[12:02:32]   pc-20_7_1-k2-001             is the same family as pc-20_5_3-k2-001  (dim 1 → 1)
[12:02:32]   pc-20_7_1-k2-002             is the same family as pc-20_5_3-k2-001  (dim 1 → 1)
[12:02:32]   pc-20_7_1-k3-001             is the same family as pc-20_5_3-k3-001  (dim 1 → 1)
[12:02:32]   pc-20_7_1-k5-001             is the same family as pc-20_5_3-k5-001  (dim 1 → 1)
[12:02:32]   pc-20_7_1-k6-001             is the same family as pc-20_5_3-k6-001  (dim 1 → 1)
[12:02:32]   pc-20_7_1-k6-002             is the same family as pc-20_5_3-k6-002  (dim 1 → 1)
[12:02:32]   pc-20_7_1-k6-003             is the same family as pc-20_5_3-k6-003  (dim 1 → 1)
[12:02:32]   pc-20_7_1-k6-004             is the same family as pc-20_5_3-k6-004  (dim 1 → 1)
[12:02:32]   pc-20_7_1-k6-005             is the same family as pc-20_5_3-k6-005  (dim 1 → 1)
[12:02:32]   pc-20_7_5-k2-001             is the same family as pc-20_10_2-k2-001  (dim 1 → 1)
[12:02:32]   pc-20_7_5-k2-002             is the same family as pc-20_10_2-k2-001  (dim 1 → 1)
[12:02:32]   pc-20_7_5-k6-001             is the same family as pc-20_10_2-k6-001  (dim 1 → 1)
[12:02:32]   pc-20_8_4-k2-001             is the same family as pc-20_10_2-k2-001  (dim 1 → 1)
[12:02:32]   pc-20_8_4-k2-002             is the same family as pc-20_10_2-k2-001  (dim 1 → 1)
[12:02:32]   pc-20_8_4-k6-001             is the same family as pc-20_10_2-k6-001  (dim 1 → 1)
[12:02:32]   pc-20_9_3-k2-001             is the same family as pc-20_10_2-k2-001  (dim 1 → 1)
[12:02:32]   pc-20_9_3-k2-002             is the same family as pc-20_10_2-k2-001  (dim 1 → 1)
[12:02:32]   pc-20_9_3-k6-001             is the same family as pc-20_10_2-k6-001  (dim 1 → 1)
[12:02:32]   period-family-k1-007         is a sub-family of pc-13_10_1-k2-003  (dim 2 → 3)
[12:02:32]   period-family-k2-001         is the same family as pc-13_10_1-k2-003  (dim 3 → 3)
[12:02:32]   period-family-k2-012         is the same family as pc-13_10_1-k2-006  (dim 1 → 1)
[12:02:32]   period-family-k2-014         is the same family as pc-13_10_1-k2-008  (dim 1 → 1)
[12:02:32]   period-family-k2-015         is the same family as pc-13_8_3-k2-004  (dim 1 → 1)
[12:02:32]   period-family-k2-016         is the same family as pc-13_8_3-k2-005  (dim 1 → 1)
[12:02:32]   period-family-k2-017         is a sub-family of pc-13_8_3-k3-020  (dim 1 → 2)
[12:02:32]   period-family-k2-018         is the same family as pc-13_8_3-k2-007  (dim 1 → 1)
[12:02:32]   period-family-k2-019         is the same family as pc-13_8_3-k2-008  (dim 1 → 1)
[12:02:32]   period-family-k2-020         is the same family as pc-13_8_3-k2-009  (dim 1 → 1)
[12:02:32]   period-family-k2-021         is a sub-family of pc-13_10_1-k2-003  (dim 1 → 3)
[12:02:32]   period-family-k2-023         is the same family as pc-13_8_3-k2-011  (dim 1 → 1)
[12:02:32]   period-family-k2-024         is the same family as pc-13_6_5-k2-004  (dim 1 → 1)
[12:02:32]   period-family-k2-026         is the same family as pc-13_6_5-k2-006  (dim 1 → 1)
[12:02:32]   period-family-k2-027         is a sub-family of period-quotient-k3-090  (dim 1 → 2)
[12:02:32]   period-family-k2-029         is a sub-family of pc-13_7_4-k3-021  (dim 1 → 2)
[12:02:32]   period-family-k2-031         is the same family as pc-13_7_4-k2-006  (dim 1 → 1)
[12:02:32]   period-family-k2-032         is the same family as pc-16_8_4-k2-003  (dim 1 → 1)
[12:02:32]   period-family-k2-036         is the same family as pc-13_7_4-k2-008  (dim 1 → 1)
[12:02:32]   period-family-k2-038         is a sub-family of pc-13_10_1-k2-003  (dim 1 → 3)
[12:02:32]   period-family-k2-039         is a sub-family of pc-13_10_1-k1-001  (dim 1 → 2)
[12:02:32]   period-family-k2-041         is the same family as pc-14_10_6-k2-001  (dim 1 → 1)
[12:02:32]   period-family-k2-042         is a sub-family of pc-13_10_1-k2-003  (dim 1 → 3)
[12:02:32]   period-family-k2-043         is a sub-family of pc-13_10_1-k1-001  (dim 1 → 2)
[12:02:32]   period-quotient-k1-005       is the same family as pc-13_10_1-k1-001  (dim 2 → 2)
[12:02:32]   period-quotient-k3-003       is the same family as pc-13_10_1-k3-005  (dim 3 → 3)
[12:02:32]   period-quotient-k3-009       is the same family as pc-13_10_1-k3-006  (dim 3 → 3)
[12:02:32]   period-quotient-k3-014       is the same family as pc-13_8_3-k3-007  (dim 1 → 1)
[12:02:32]   period-quotient-k3-015       is the same family as pc-16_8_4-k3-002  (dim 1 → 1)
[12:02:32]   period-quotient-k3-017       is the same family as pc-13_8_3-k3-008  (dim 1 → 1)
[12:02:32]   period-quotient-k3-018       is the same family as pc-13_8_3-k3-009  (dim 1 → 1)
[12:02:32]   period-quotient-k3-020       is the same family as pc-13_7_4-k3-007  (dim 1 → 1)
[12:02:32]   period-quotient-k3-021       is the same family as pc-13_7_4-k3-008  (dim 1 → 1)
[12:02:32]   period-quotient-k3-022       is the same family as pc-13_7_4-k3-009  (dim 1 → 1)
[12:02:32]   period-quotient-k3-023       is the same family as pc-13_8_3-k3-010  (dim 1 → 1)
[12:02:32]   period-quotient-k3-024       is the same family as pc-13_8_3-k3-011  (dim 1 → 1)
[12:02:32]   period-quotient-k3-025       is the same family as pc-13_8_3-k3-012  (dim 1 → 1)
[12:02:32]   period-quotient-k3-026       is the same family as pc-13_7_4-k3-010  (dim 1 → 1)
[12:02:32]   period-quotient-k3-027       is the same family as pc-13_7_4-k3-011  (dim 1 → 1)
[12:02:32]   period-quotient-k3-028       is the same family as pc-13_7_4-k3-012  (dim 1 → 1)
[12:02:32]   period-quotient-k3-029       is the same family as pc-13_7_4-k3-013  (dim 1 → 1)
[12:02:32]   period-quotient-k3-030       is the same family as pc-13_7_4-k3-014  (dim 1 → 1)
[12:02:32]   period-quotient-k3-031       is the same family as pc-13_7_4-k3-015  (dim 1 → 1)
[12:02:32]   period-quotient-k3-032       is the same family as pc-13_7_4-k3-016  (dim 1 → 1)
[12:02:32]   period-quotient-k3-034       is the same family as pc-13_8_3-k3-013  (dim 1 → 1)
[12:02:32]   period-quotient-k3-036       is the same family as pc-13_8_3-k3-015  (dim 2 → 2)
[12:02:32]   period-quotient-k3-039       is the same family as pc-14_6_4-k3-025  (dim 2 → 2)
[12:02:32]   period-quotient-k3-040       is the same family as pc-14_6_4-k3-026  (dim 2 → 2)
[12:02:32]   period-quotient-k3-043       is the same family as pc-13_8_3-k3-016  (dim 1 → 1)
[12:02:32]   period-quotient-k3-044       is the same family as pc-13_8_3-k3-017  (dim 1 → 1)
[12:02:32]   period-quotient-k3-045       is the same family as pc-13_8_3-k3-018  (dim 1 → 1)
[12:02:32]   period-quotient-k3-046       is the same family as pc-13_8_3-k3-019  (dim 1 → 1)
[12:02:32]   period-quotient-k3-048       is the same family as pc-13_10_1-k3-017  (dim 1 → 1)
[12:02:32]   period-quotient-k3-049       is the same family as pc-13_10_1-k3-018  (dim 1 → 1)
[12:02:32]   period-quotient-k3-051       is the same family as pc-13_7_4-k3-017  (dim 1 → 1)
[12:02:32]   period-quotient-k3-052       is the same family as pc-13_7_4-k3-018  (dim 1 → 1)
[12:02:32]   period-quotient-k3-053       is the same family as pc-13_7_4-k3-019  (dim 1 → 1)
[12:02:32]   period-quotient-k3-054       is the same family as pc-13_7_4-k3-020  (dim 1 → 1)
[12:02:32]   period-quotient-k3-055       is the same family as pc-13_8_3-k3-020  (dim 2 → 2)
[12:02:32]   period-quotient-k3-058       is the same family as pc-13_8_3-k3-023  (dim 2 → 2)
[12:02:32]   period-quotient-k3-059       is the same family as pc-14_6_4-k3-035  (dim 2 → 2)
[12:02:32]   period-quotient-k3-060       is the same family as pc-13_7_4-k3-021  (dim 2 → 2)
[12:02:32]   period-quotient-k3-062       is the same family as pc-13_7_4-k3-023  (dim 1 → 1)
[12:02:32]   period-quotient-k3-063       is the same family as pc-13_7_4-k3-024  (dim 1 → 1)
[12:02:32]   period-quotient-k3-064       is the same family as pc-13_8_3-k3-024  (dim 1 → 1)
[12:02:32]   period-quotient-k3-065       is the same family as pc-13_8_3-k3-025  (dim 1 → 1)
[12:02:32]   period-quotient-k3-066       is the same family as pc-13_8_3-k3-026  (dim 1 → 1)
[12:02:32]   period-quotient-k3-067       is the same family as pc-13_10_1-k3-021  (dim 1 → 1)
[12:02:32]   period-quotient-k3-068       is the same family as pc-13_8_3-k3-027  (dim 1 → 1)
[12:02:32]   period-quotient-k3-070       is the same family as pc-13_7_4-k3-025  (dim 1 → 1)
[12:02:32]   period-quotient-k3-071       is the same family as pc-13_7_4-k3-026  (dim 1 → 1)
[12:02:32]   period-quotient-k3-072       is the same family as pc-13_7_4-k3-027  (dim 1 → 1)
[12:02:32]   period-quotient-k3-073       is the same family as pc-13_7_4-k3-028  (dim 1 → 1)
[12:02:32]   period-quotient-k3-074       is the same family as pc-13_7_4-k3-029  (dim 1 → 1)
[12:02:32]   period-quotient-k3-075       is the same family as pc-13_7_4-k3-030  (dim 1 → 1)
[12:02:32]   period-quotient-k3-076       is the same family as pc-13_7_4-k3-031  (dim 1 → 1)
[12:02:32]   period-quotient-k3-077       is the same family as pc-13_7_4-k3-032  (dim 1 → 1)
[12:02:32]   period-quotient-k3-078       is the same family as pc-13_6_5-k3-007  (dim 1 → 1)
[12:02:32]   period-quotient-k3-079       is the same family as pc-13_6_5-k3-008  (dim 1 → 1)
[12:02:32]   period-quotient-k3-080       is the same family as pc-13_6_5-k3-009  (dim 1 → 1)
[12:02:32]   period-quotient-k3-081       is the same family as pc-13_6_5-k3-010  (dim 1 → 1)
[12:02:32]   period-quotient-k3-082       is the same family as pc-13_6_5-k3-011  (dim 1 → 1)
[12:02:32]   period-quotient-k3-083       is the same family as pc-13_6_5-k3-012  (dim 1 → 1)
[12:02:32]   period-quotient-k3-084       is the same family as pc-13_6_5-k3-013  (dim 1 → 1)
[12:02:32]   period-quotient-k3-085       is the same family as pc-13_6_5-k3-014  (dim 1 → 1)
[12:02:32]   period-quotient-k3-086       is the same family as pc-13_6_5-k3-015  (dim 1 → 1)
[12:02:32]   period-quotient-k3-087       is the same family as pc-13_6_5-k3-016  (dim 2 → 2)
[12:02:32]   period-quotient-k3-091       is the same family as pc-13_6_5-k3-019  (dim 1 → 1)
[12:02:32]   period-quotient-k3-092       is the same family as pc-13_6_5-k3-020  (dim 1 → 1)
[12:02:32]   period-quotient-k3-093       is the same family as pc-13_6_5-k3-021  (dim 1 → 1)
[12:02:32]   period-quotient-k3-098       is the same family as pc-13_8_3-k3-032  (dim 1 → 1)
[12:02:32]   period-quotient-k3-099       is the same family as pc-13_8_3-k3-033  (dim 1 → 1)
[12:02:32] 
[12:02:32] dropped by kind: inside: 257, same: 769
[12:02:32] 
[12:02:32] renamed 470 of 470 entries to period-k<k>-<nnn> (legacyId keeps the old one)
[12:02:32]   ids disagreeing with their measured k after renaming: 0
[12:02:32] shelf: 1496 → 470 entries
[12:02:32]   by k: k=1: 1, k=2: 67, k=3: 283, k=4: 81, k=5: 22, k=6: 16
[12:02:32]   parametric: 223   rigid (no parameter): 247
[12:02:32]   rewrote public/reference-atlas-period.json: 68 entries
[12:02:32]   rewrote public/reference-atlas-period-k3.json: 283 entries
[12:02:32]   rewrote public/reference-atlas-period-k4.json: 81 entries
[12:02:32]   rewrote public/reference-atlas-period-k5.json: 22 entries
[12:02:32]   rewrote public/reference-atlas-period-k6.json: 16 entries
