attach: 427 intrinsic cells from intrinsic-cells.json
attach: 470 matched (171 with no slider), 0 unmatched
  period-k2-001 is a point of period-k2-018 (same map) at 120.0°, 120.0°, 225.0°, 15.0°, 120.0°
  period-k3-122 is a point of period-k3-123 (same map) at 45.0°, 105.0°
  period-k3-003 is a point of period-k3-128 (same map) at 195.0°
  period-k3-001 is a point of period-k3-065 (same map) at 120.0°, 225.0°, 225.0°, 120.0°
  period-k3-002 is a point of period-k3-064 (same map) at 120.0°, 120.0°, 225.0°, 15.0°, 15.0°, 225.0°, 120.0°
  period-k3-004 is a point of period-k3-006 (same map) at 15.0°, 195.0°
  period-k3-008 is a point of period-k3-013 (same map) at 15.0°, 255.0°
  period-k3-009 is a point of period-k3-012 (same map) at 15.0°, 15.0°, 255.0°, 15.0°
  period-k3-014 is a point of period-k3-019 (same map) at 15.0°, 255.0°
  period-k3-015 is a point of period-k3-018 (same map) at 255.0°, 15.0°, 255.0°, 255.0°
  period-k3-021 is a point of period-k3-025 (same map) at 120.0°, 180.0°, 180.0°, 120.0°
  period-k3-022 is a point of period-k3-024 (same map) at 180.0°, 180.0°
  period-k3-027 is a point of period-k3-032 (same map) at 120.0°, 180.0°
  period-k3-028 is a point of period-k3-031 (same map) at 180.0°, 120.0°, 120.0°, 180.0°
  period-k3-038 is a point of period-k3-041 (same map) at 71.1°, 71.1°
  period-k3-039 is a point of period-k3-040 (same map) at 228.9°, 71.1°, 228.9°, 71.1°
  period-k3-047 is a point of period-k3-051 (same map) at 225.0°, 225.0°
  period-k3-048 is a point of period-k3-050 (same map) at 15.0°, 225.0°, 15.0°, 225.0°
  period-k3-054 is a point of period-k3-062 (same map) at 15.0°, 225.0°
  period-k3-055 is a point of period-k3-061 (same map) at 225.0°, 15.0°, 225.0°, 15.0°
  period-k3-097 is a point of period-k3-103 (same map) at 15.0°, 15.0°
  period-k3-098 is a point of period-k3-102 (same map) at 15.0°, 15.0°, 15.0°, 105.0°
  period-k3-083 is a point of period-k3-085 (same map) at 120.0°, 120.0°, 90.0°, 90.0°, 90.0°, 90.0°, 120.0°
  period-k3-080 is a point of period-k3-085 (same map) at 120.0°, 120.0°, 90.0°, 90.0°, 90.0°, 90.0°, 120.0°
  period-k3-082 is a point of period-k3-084 (same map) at 120.0°, 30.0°, 30.0°, 120.0°
  period-k3-081 is a point of period-k3-084 (same map) at 120.0°, 30.0°, 30.0°, 120.0°
  period-k3-135 is a point of period-k3-136 (same map) at 150.0°, 210.0°
  period-k3-196 is a point of period-k3-199 (same map) at 120.0°, 240.0°
  period-k4-008 is a point of period-k4-012 (same map) at 120.0°, 30.0°, 30.0°
  period-k4-009 is a point of period-k4-011 (same map) at 120.0°, 120.0°, 90.0°, 30.0°, 90.0°, 30.0°
  period-k4-014 is a point of period-k4-020 (same map) at 120.0°, 120.0°, 120.0°, 120.0°, 120.0°, 120.0°, 90.0°, 90.0°, 120.0°
  period-k4-015 is a point of period-k4-018 (same map) at 120.0°, 120.0°, 30.0°, 90.0°, 120.0°
  period-k4-016 is a point of period-k4-017 (same map) at 120.0°, 120.0°, 120.0°, 120.0°, 90.0°, 90.0°, 90.0°, 30.0°, 120.0°
  period-k4-019 is a point of period-k4-021 (same map) at 120.0°, 15.0°, 15.0°, 75.0°, 120.0°
  period-k4-032 is a point of period-k4-034 (same map) at 120.0°, 240.0°, 30.0°, 120.0°
  period-k4-033 is a point of period-k4-037 (same map) at 120.0°, 90.0°
  period-k5-005 is a point of period-k5-007 (same map) at 120.0°, 120.0°, 120.0°, 120.0°, 120.0°, 120.0°, 30.0°, 90.0°, 90.0°, 90.0°, 120.0°
  period-k5-002 is a point of period-k5-007 (same map) at 120.0°, 120.0°, 120.0°, 120.0°, 120.0°, 120.0°, 30.0°, 90.0°, 90.0°, 90.0°, 120.0°
  period-k5-004 is a point of period-k5-006 (same map) at 120.0°, 120.0°, 120.0°, 30.0°, 90.0°, 120.0°
  period-k5-003 is a point of period-k5-006 (same map) at 120.0°, 120.0°, 120.0°, 30.0°, 90.0°, 120.0°
  period-k5-010 is a point of period-k5-014 (same map) at 120.0°, 120.0°, 90.0°, 30.0°, 120.0°, 120.0°, 240.0°, 90.0°
  period-k5-011 is a point of period-k5-015 (same map) at 120.0°, 120.0°, 240.0°, 240.0°
  period-k6-006 is a point of period-k6-007 (same map) at 120.0°, 120.0°, 75.0°
merge by map: 39 maps carried more than one entry, 43 entries absorbed
  rewrote reference-atlas-period.json: 67 entries, 315 KB
  rewrote reference-atlas-period-k3.json: 256 entries, 1229 KB
  rewrote reference-atlas-period-k4.json: 73 entries, 459 KB
  rewrote reference-atlas-period-k5.json: 16 entries, 97 KB
  rewrote reference-atlas-period-k6.json: 15 entries, 158 KB
shelf: 470 → 427 entries
