=== load source data ===
ctrnact.json: 47854 records indexed
star cell files: 30 read, 13055 ids with per-orbit configs

=== classify public/reference-atlas.json (15680 entries) ===
  [100/2720] regular classified — 3s elapsed, ETA 74s
  [200/2720] regular classified — 6s elapsed, ETA 74s
  [300/2720] regular classified — 10s elapsed, ETA 78s
  [400/2720] regular classified — 15s elapsed, ETA 86s
  [500/2720] regular classified — 19s elapsed, ETA 83s
  [600/2720] regular classified — 23s elapsed, ETA 83s
  [700/2720] regular classified — 28s elapsed, ETA 80s
  [800/2720] regular classified — 33s elapsed, ETA 80s
  [900/2720] regular classified — 39s elapsed, ETA 78s
  [1000/2720] regular classified — 45s elapsed, ETA 78s
  [1100/2720] regular classified — 60s elapsed, ETA 89s
  [1200/2720] regular classified — 75s elapsed, ETA 95s
  [1300/2720] regular classified — 80s elapsed, ETA 87s
  [1400/2720] regular classified — 84s elapsed, ETA 79s
  [1500/2720] regular classified — 90s elapsed, ETA 73s
  [1600/2720] regular classified — 103s elapsed, ETA 72s
  [1700/2720] regular classified — 117s elapsed, ETA 70s
  [1800/2720] regular classified — 137s elapsed, ETA 70s
  [1900/2720] regular classified — 155s elapsed, ETA 67s
  [2000/2720] regular classified — 175s elapsed, ETA 63s
  [2100/2720] regular classified — 197s elapsed, ETA 58s
  [2200/2720] regular classified — 227s elapsed, ETA 54s
  [2300/2720] regular classified — 248s elapsed, ETA 45s
  [2400/2720] regular classified — 268s elapsed, ETA 36s
  [2500/2720] regular classified — 294s elapsed, ETA 26s
  [2600/2720] regular classified — 317s elapsed, ETA 15s
  [2700/2720] regular classified — 344s elapsed, ETA 3s

--- summary ---
m/partition:  15640 classified, 40 unclassified
wallpaper:    2720 classified, 0 skipped (stars, by design)

M distribution by k (k: {M: count}):
  k=1: {"1":34}
  k=2: {"2":60}
  k=3: {"2":46,"3":121}
  k=4: {"2":64,"3":174,"4":143}
  k=5: {"2":108,"3":249,"4":269,"5":138}
  k=6: {"2":172,"3":411,"4":443,"5":381,"6":160}
  k=7: {"2":248,"3":759,"4":802,"5":775,"6":466,"7":145}
  k=8: {"2":129,"3":298,"4":582,"5":860,"6":864,"7":515,"8":106}
  k=9: {"2":187,"3":351,"4":769,"5":1374,"6":1656,"7":1182,"8":494,"9":105}

wallpaper-group histogram:
  cm    12
  cmm   995
  p1    1
  p2    158
  p3    8
  p31m  23
  p3m1  21
  p4    7
  p4g   18
  p4m   6
  p6    65
  p6m   357
  pg    2
  pgg   57
  pm    4
  pmg   326
  pmm   660

✓ ctrnact partition gate: all 1472 entries agree with distinctTypePartition

⚑ 40 tiling(s) with NO m/partition (characterization gap):
    ctrnact-s24f-family-k2-01: no star orbits + k>1
    ctrnact-s24f-family-k2-02: no star orbits + k>1
    ctrnact-s24f-family-k2-03: no star orbits + k>1
    ctrnact-s24f-family-k2-04: no star orbits + k>1
    ctrnact-s24f-family-k2-05: no star orbits + k>1
    ctrnact-s24f-family-k2-06: no star orbits + k>1
    ctrnact-s24f-family-k3-01: no star orbits + k>1
    ctrnact-s24f-family-k3-02: no star orbits + k>1
    ctrnact-s24f-family-k4-01: no star orbits + k>1
    ctrnact-s24f-family-k4-02: no star orbits + k>1
    ctrnact-s24f-family-k4-03: no star orbits + k>1
    ctrnact-s24f-family-k4-04: no star orbits + k>1
    ctrnact-s24f-family-k4-05: no star orbits + k>1
    ctrnact-s24f-family-k5-01: no star orbits + k>1
    ctrnact-s24f-family-k5-02: no star orbits + k>1
    ctrnact-s24f-family-k5-03: no star orbits + k>1
    ctrnact-s24f-family-k5-04: no star orbits + k>1
    ctrnact-s24f-family-k6-01: no star orbits + k>1
    ctrnact-s24f-family-k6-02: no star orbits + k>1
    ctrnact-s24f-family-k6-03: no star orbits + k>1
    ctrnact-s24f-family-k7-01: no star orbits + k>1
    ctrnact-s24f-family-k7-02: no star orbits + k>1
    ctrnact-s24f-family-k7-03: no star orbits + k>1
    ctrnact-s24f-family-k7-04: no star orbits + k>1
    ctrnact-s24f-family-k7-05: no star orbits + k>1
    ctrnact-s24f-family-k8-01: no star orbits + k>1
    ctrnact-s24f-family-k8-02: no star orbits + k>1
    ctrnact-s24f-family-k8-03: no star orbits + k>1
    ctrnact-s24f-family-k8-04: no star orbits + k>1
    ctrnact-s24f-family-k8-05: no star orbits + k>1
    ctrnact-s24f-family-k8-06: no star orbits + k>1
    ctrnact-s24f-family-k8-07: no star orbits + k>1
    ctrnact-s24f-family-k8-08: no star orbits + k>1
    ctrnact-s24f-family-k8-09: no star orbits + k>1
    ctrnact-s24f-family-k8-10: no star orbits + k>1
    ctrnact-s24f-family-k9-01: no star orbits + k>1
    ctrnact-s24f-family-k9-02: no star orbits + k>1
    ctrnact-s24f-family-k9-03: no star orbits + k>1
    ctrnact-s24f-family-k9-04: no star orbits + k>1
    ctrnact-s24f-family-k9-05: no star orbits + k>1

★ wrote public/reference-atlas.json in 350s
