[10:28:29] === star-hept  k=1..1 ===
python3 alphabets/gen_alphabet.py --palette alphabets/palettes/star-hept.json --out tables/star-hept --certify
[gen] palette=star-hept D=840 tiles=5 classes=5 configs=7856
[cert] A6 WARNING (non-pinned palette): 119 isomorphic-fold collisions — pruner dedup unreliable here:
        (3,3,3)S3  ~=  (3,3,3,3)S4
        (3,3,3)R3  ~=  (3,3,3,3)R4
        (7,7,7)S3  ~=  (7,7,7,7)S4
        (7,7,7)R3  ~=  (7,7,7,7)R4
        (7_2,7_2,7_2)S3  ~=  (7_2,7_2,7_2,7_2)S4
        (7_2,7_2,7_2)R3  ~=  (7_2,7_2,7_2,7_2)R4
        (7_3,7_3,7_3)S3  ~=  (7_3,7_3,7_3,7_3)S4
        (7_3,7_3,7_3)R3  ~=  (7_3,7_3,7_3,7_3)R4
        (3,3,3)S3  ~=  (3,3,3,3,3)S5
        (3,3,3)R3  ~=  (3,3,3,3,3)R5
        (4,4,4)S3  ~=  (4,4,4,4,4)S5
        (4,4,4)R3  ~=  (4,4,4,4,4)R5
        (7,7,7)S3  ~=  (7,7,7,7,7)S5
        (7,7,7)R3  ~=  (7,7,7,7,7)R5
        (7_2,7_2,7_2)S3  ~=  (7_2,7_2,7_2,7_2,7_2)S5
        (7_2,7_2,7_2)R3  ~=  (7_2,7_2,7_2,7_2,7_2)R5
        (7_3,7_3,7_3)S3  ~=  (7_3,7_3,7_3,7_3,7_3)S5
        (7_3,7_3,7_3)R3  ~=  (7_3,7_3,7_3,7_3,7_3)R5
        (4,3,3)A  ~=  (4,3,3,4,3,3)S2
        (4,3,3)F  ~=  (4,3,3,4,3,3)R2
        (4,3,4,3)S2  ~=  (4,3,4,3,4,3)S3
        (4,3,4,3)R2  ~=  (4,3,4,3,4,3)R3
        (4,4,3)A  ~=  (4,4,3,4,4,3)S2
        (4,4,3)F  ~=  (4,4,3,4,4,3)R2
        (4,4,4)S3  ~=  (4,4,4,4,4,4)S6
        (4,4,4)R3  ~=  (4,4,4,4,4,4)R6
        (4,4,4)A  ~=  (4,4,4,4,4,4)S2
        (4,4,4)F  ~=  (4,4,4,4,4,4)R2
        (7,3,3)A  ~=  (7,3,3,7,3,3)S2
        (7,3,3)F  ~=  (7,3,3,7,3,3)R2
        (7,3,7,3)S2  ~=  (7,3,7,3,7,3)S3
        (7,3,7,3)R2  ~=  (7,3,7,3,7,3)R3
        (7,4,3)F  ~=  (7,4,3,7,4,3)R2
        (7,4,4)A  ~=  (7,4,4,7,4,4)S2
        (7,4,4)F  ~=  (7,4,4,7,4,4)R2
        (7,4,7,4)S2  ~=  (7,4,7,4,7,4)S3
        (7,4,7,4)R2  ~=  (7,4,7,4,7,4)R3
        (7,7,3)A  ~=  (7,7,3,7,7,3)S2
        (7,7,3)F  ~=  (7,7,3,7,7,3)R2
        (7,7,4)A  ~=  (7,7,4,7,7,4)S2
        (7,7,4)F  ~=  (7,7,4,7,7,4)R2
        (7,7,7)S3  ~=  (7,7,7,7,7,7)S6
        (7,7,7)R3  ~=  (7,7,7,7,7,7)R6
        (7,7,7,7)S2a  ~=  (7,7,7,7,7,7)S3a
        (7,7,7,7)S2b  ~=  (7,7,7,7,7,7)S3b
        (7,7,7)A  ~=  (7,7,7,7,7,7)S2
        (7,7,7,7)R2  ~=  (7,7,7,7,7,7)R3
        (7,7,7)F  ~=  (7,7,7,7,7,7)R2
        (7_2,3,3)A  ~=  (7_2,3,3,7_2,3,3)S2
        (7_2,3,3)F  ~=  (7_2,3,3,7_2,3,3)R2
        (7_2,3,7_2,3)S2  ~=  (7_2,3,7_2,3,7_2,3)S3
        (7_2,3,7_2,3)R2  ~=  (7_2,3,7_2,3,7_2,3)R3
        (7_2,4,3)F  ~=  (7_2,4,3,7_2,4,3)R2
        (7_2,4,4)A  ~=  (7_2,4,4,7_2,4,4)S2
        (7_2,4,4)F  ~=  (7_2,4,4,7_2,4,4)R2
        (7_2,4,7_2,4)S2  ~=  (7_2,4,7_2,4,7_2,4)S3
        (7_2,4,7_2,4)R2  ~=  (7_2,4,7_2,4,7_2,4)R3
        (7_2,7,3)F  ~=  (7_2,7,3,7_2,7,3)R2
        (7_2,7,4)F  ~=  (7_2,7,4,7_2,7,4)R2
        (7_2,7,7)A  ~=  (7_2,7,7,7_2,7,7)S2
        (7_2,7,7)F  ~=  (7_2,7,7,7_2,7,7)R2
        (7_2,7,7_2,7)S2  ~=  (7_2,7,7_2,7,7_2,7)S3
        (7_2,7,7_2,7)R2  ~=  (7_2,7,7_2,7,7_2,7)R3
        (7_2,7_2,3)A  ~=  (7_2,7_2,3,7_2,7_2,3)S2
        (7_2,7_2,3)F  ~=  (7_2,7_2,3,7_2,7_2,3)R2
        (7_2,7_2,4)A  ~=  (7_2,7_2,4,7_2,7_2,4)S2
        (7_2,7_2,4)F  ~=  (7_2,7_2,4,7_2,7_2,4)R2
        (7_2,7_2,7)A  ~=  (7_2,7_2,7,7_2,7_2,7)S2
        (7_2,7_2,7)F  ~=  (7_2,7_2,7,7_2,7_2,7)R2
        (7_2,7_2,7_2)S3  ~=  (7_2,7_2,7_2,7_2,7_2,7_2)S6
        (7_2,7_2,7_2)R3  ~=  (7_2,7_2,7_2,7_2,7_2,7_2)R6
        (7_2,7_2,7_2,7_2)S2a  ~=  (7_2,7_2,7_2,7_2,7_2,7_2)S3a
        (7_2,7_2,7_2,7_2)S2b  ~=  (7_2,7_2,7_2,7_2,7_2,7_2)S3b
        (7_2,7_2,7_2)A  ~=  (7_2,7_2,7_2,7_2,7_2,7_2)S2
        (7_2,7_2,7_2,7_2)R2  ~=  (7_2,7_2,7_2,7_2,7_2,7_2)R3
        (7_2,7_2,7_2)F  ~=  (7_2,7_2,7_2,7_2,7_2,7_2)R2
        (7_3,3,3)A  ~=  (7_3,3,3,7_3,3,3)S2
        (7_3,3,3)F  ~=  (7_3,3,3,7_3,3,3)R2
        (7_3,3,7_3,3)S2  ~=  (7_3,3,7_3,3,7_3,3)S3
        (7_3,3,7_3,3)R2  ~=  (7_3,3,7_3,3,7_3,3)R3
        (7_3,4,3)F  ~=  (7_3,4,3,7_3,4,3)R2
        (7_3,4,4)A  ~=  (7_3,4,4,7_3,4,4)S2
        (7_3,4,4)F  ~=  (7_3,4,4,7_3,4,4)R2
        (7_3,4,7_3,4)S2  ~=  (7_3,4,7_3,4,7_3,4)S3
        (7_3,4,7_3,4)R2  ~=  (7_3,4,7_3,4,7_3,4)R3
        (7_3,7,3)F  ~=  (7_3,7,3,7_3,7,3)R2
        (7_3,7,4)F  ~=  (7_3,7,4,7_3,7,4)R2
        (7_3,7,7)A  ~=  (7_3,7,7,7_3,7,7)S2
        (7_3,7,7)F  ~=  (7_3,7,7,7_3,7,7)R2
        (7_3,7,7_3,7)S2  ~=  (7_3,7,7_3,7,7_3,7)S3
        (7_3,7,7_3,7)R2  ~=  (7_3,7,7_3,7,7_3,7)R3
        (7_3,7_2,3)F  ~=  (7_3,7_2,3,7_3,7_2,3)R2
        (7_3,7_2,4)F  ~=  (7_3,7_2,4,7_3,7_2,4)R2
        (7_3,7_2,7)F  ~=  (7_3,7_2,7,7_3,7_2,7)R2
        (7_3,7_2,7_3,7_2)S2  ~=  (7_3,7_2,7_3,7_2,7_3,7_2)S3
        (7_3,7_2,7_3,7_2)R2  ~=  (7_3,7_2,7_3,7_2,7_3,7_2)R3
        (7_3,7_3,3)A  ~=  (7_3,7_3,3,7_3,7_3,3)S2
        (7_3,7_3,3)F  ~=  (7_3,7_3,3,7_3,7_3,3)R2
        (7_3,7_3,4)A  ~=  (7_3,7_3,4,7_3,7_3,4)S2
        (7_3,7_3,4)F  ~=  (7_3,7_3,4,7_3,7_3,4)R2
        (7_3,7_3,7_2)A  ~=  (7_3,7_3,7_2,7_3,7_3,7_2)S2
        (7_3,7_3,7_2)F  ~=  (7_3,7_3,7_2,7_3,7_3,7_2)R2
        (7_3,7_3,7_3)S3  ~=  (7_3,7_3,7_3,7_3,7_3,7_3)S6
        (7_3,7_3,7_3)R3  ~=  (7_3,7_3,7_3,7_3,7_3,7_3)R6
        (7_3,7_3,7_3,7_3)S2a  ~=  (7_3,7_3,7_3,7_3,7_3,7_3)S3a
        (7_3,7_3,7_3,7_3)S2b  ~=  (7_3,7_3,7_3,7_3,7_3,7_3)S3b
        (7_3,7_3,7_3)A  ~=  (7_3,7_3,7_3,7_3,7_3,7_3)S2
        (7_3,7_3,7_3,7_3)R2  ~=  (7_3,7_3,7_3,7_3,7_3,7_3)R3
        (7_3,7_3,7_3)F  ~=  (7_3,7_3,7_3,7_3,7_3,7_3)R2
        (3,3,3)S3  ~=  (3,3,3,3,3,3,3)S7
        (3,3,3)R3  ~=  (3,3,3,3,3,3,3)R7
        (4,4,4)S3  ~=  (4,4,4,4,4,4,4)S7
        (4,4,4)R3  ~=  (4,4,4,4,4,4,4)R7
        (7,7,7)S3  ~=  (7,7,7,7,7,7,7)S7
        (7,7,7)R3  ~=  (7,7,7,7,7,7,7)R7
        (7_2,7_2,7_2)S3  ~=  (7_2,7_2,7_2,7_2,7_2,7_2,7_2)S7
        (7_2,7_2,7_2)R3  ~=  (7_2,7_2,7_2,7_2,7_2,7_2,7_2)R7
        (7_3,7_3,7_3)S3  ~=  (7_3,7_3,7_3,7_3,7_3,7_3,7_3)S7
        (7_3,7_3,7_3)R3  ~=  (7_3,7_3,7_3,7_3,7_3,7_3,7_3)R7
[cert] A6: 9246 entries, 119 collisions WARN
[gen] tables.bin: 3.7 MB (runtime-loadable; build the solver with RUNTIME_TABLES=1 and point EU_TABLES at it to skip compiling the alphabet)
[gen] wrote tables/star-hept/{solver_tables.inc,pruner_tables.inc,tables.py,certs.txt} (9246 entries)
touch tables/star-hept/.generated
rm -f .maxnum-star-hept-*
touch .maxnum-star-hept-1
c++ -O2 -std=c++17 -DMAXNUM=1 -Itables/star-hept -o eu_solver.star-hept eu_solver.cpp
c++ -O2 -std=c++17 -Itables/star-hept -o eu_pruner.star-hept eu_pruner.cpp
c++ -O2 -std=c++17 -Itables/star-hept -o eu_develop.star-hept eu_develop.cpp
[10:28:40]   raw: 468  (0s)
  k=1 : 383
total kept: 383
store: peak 0.0348473 MB total, 0.0348473 MB resident
   - (14, 21, 9, ((4, 1), (4, 1), (4, 1), (4, 1), (4, 1), (4, 1), (4, 1), (7, 2), (7, 2)), 2, 1.327127962) : ['ctrnact-01_4u-3bc-1', 'ctrnact-01_4u-3bc-1-d2-r4_17_2', 'ctrnact-01_4u-6ko-1-d2']
   - (14, 21, 9, ((4, 1), (4, 1), (4, 1), (4, 1), (4, 1), (4, 1), (4, 1), (7, 3), (7, 3)), 3, 1.545407308) : ['ctrnact-01_4v-3bv-1', 'ctrnact-01_4v-3bv-1-d2-r4_17_3', 'ctrnact-01_4v-6beq-1-d2']

[10:29:20]   develop (40s) -> /Users/alessandro/Desktop/University/Thesis/TilingAtlas/tools/ctrnact-oracle/run-star-hept-k1/cells.json
[10:29:20] === star-hept-pyr  k=2..2 ===
python3 alphabets/gen_alphabet.py --palette alphabets/palettes/star-hept-pyr.json --out tables/star-hept-pyr --certify
[gen] palette=star-hept-pyr D=840 tiles=3 classes=3 configs=350
[cert] A6 WARNING (non-pinned palette): 49 isomorphic-fold collisions — pruner dedup unreliable here:
        (3,3,3)S3  ~=  (3,3,3,3)S4
        (3,3,3)R3  ~=  (3,3,3,3)R4
        (7_2,7_2,7_2)S3  ~=  (7_2,7_2,7_2,7_2)S4
        (7_2,7_2,7_2)R3  ~=  (7_2,7_2,7_2,7_2)R4
        (7_3,7_3,7_3)S3  ~=  (7_3,7_3,7_3,7_3)S4
        (7_3,7_3,7_3)R3  ~=  (7_3,7_3,7_3,7_3)R4
        (3,3,3)S3  ~=  (3,3,3,3,3)S5
        (3,3,3)R3  ~=  (3,3,3,3,3)R5
        (7_2,7_2,7_2)S3  ~=  (7_2,7_2,7_2,7_2,7_2)S5
        (7_2,7_2,7_2)R3  ~=  (7_2,7_2,7_2,7_2,7_2)R5
        (7_3,7_3,7_3)S3  ~=  (7_3,7_3,7_3,7_3,7_3)S5
        (7_3,7_3,7_3)R3  ~=  (7_3,7_3,7_3,7_3,7_3)R5
        (7_2,3,3)A  ~=  (7_2,3,3,7_2,3,3)S2
        (7_2,3,3)F  ~=  (7_2,3,3,7_2,3,3)R2
        (7_2,3,7_2,3)S2  ~=  (7_2,3,7_2,3,7_2,3)S3
        (7_2,3,7_2,3)R2  ~=  (7_2,3,7_2,3,7_2,3)R3
        (7_2,7_2,3)A  ~=  (7_2,7_2,3,7_2,7_2,3)S2
        (7_2,7_2,3)F  ~=  (7_2,7_2,3,7_2,7_2,3)R2
        (7_2,7_2,7_2)S3  ~=  (7_2,7_2,7_2,7_2,7_2,7_2)S6
        (7_2,7_2,7_2)R3  ~=  (7_2,7_2,7_2,7_2,7_2,7_2)R6
        (7_2,7_2,7_2,7_2)S2a  ~=  (7_2,7_2,7_2,7_2,7_2,7_2)S3a
        (7_2,7_2,7_2,7_2)S2b  ~=  (7_2,7_2,7_2,7_2,7_2,7_2)S3b
        (7_2,7_2,7_2)A  ~=  (7_2,7_2,7_2,7_2,7_2,7_2)S2
        (7_2,7_2,7_2,7_2)R2  ~=  (7_2,7_2,7_2,7_2,7_2,7_2)R3
        (7_2,7_2,7_2)F  ~=  (7_2,7_2,7_2,7_2,7_2,7_2)R2
        (7_3,3,3)A  ~=  (7_3,3,3,7_3,3,3)S2
        (7_3,3,3)F  ~=  (7_3,3,3,7_3,3,3)R2
        (7_3,3,7_3,3)S2  ~=  (7_3,3,7_3,3,7_3,3)S3
        (7_3,3,7_3,3)R2  ~=  (7_3,3,7_3,3,7_3,3)R3
        (7_3,7_2,3)F  ~=  (7_3,7_2,3,7_3,7_2,3)R2
        (7_3,7_2,7_3,7_2)S2  ~=  (7_3,7_2,7_3,7_2,7_3,7_2)S3
        (7_3,7_2,7_3,7_2)R2  ~=  (7_3,7_2,7_3,7_2,7_3,7_2)R3
        (7_3,7_3,3)A  ~=  (7_3,7_3,3,7_3,7_3,3)S2
        (7_3,7_3,3)F  ~=  (7_3,7_3,3,7_3,7_3,3)R2
        (7_3,7_3,7_2)A  ~=  (7_3,7_3,7_2,7_3,7_3,7_2)S2
        (7_3,7_3,7_2)F  ~=  (7_3,7_3,7_2,7_3,7_3,7_2)R2
        (7_3,7_3,7_3)S3  ~=  (7_3,7_3,7_3,7_3,7_3,7_3)S6
        (7_3,7_3,7_3)R3  ~=  (7_3,7_3,7_3,7_3,7_3,7_3)R6
        (7_3,7_3,7_3,7_3)S2a  ~=  (7_3,7_3,7_3,7_3,7_3,7_3)S3a
        (7_3,7_3,7_3,7_3)S2b  ~=  (7_3,7_3,7_3,7_3,7_3,7_3)S3b
        (7_3,7_3,7_3)A  ~=  (7_3,7_3,7_3,7_3,7_3,7_3)S2
        (7_3,7_3,7_3,7_3)R2  ~=  (7_3,7_3,7_3,7_3,7_3,7_3)R3
        (7_3,7_3,7_3)F  ~=  (7_3,7_3,7_3,7_3,7_3,7_3)R2
        (3,3,3)S3  ~=  (3,3,3,3,3,3,3)S7
        (3,3,3)R3  ~=  (3,3,3,3,3,3,3)R7
        (7_2,7_2,7_2)S3  ~=  (7_2,7_2,7_2,7_2,7_2,7_2,7_2)S7
        (7_2,7_2,7_2)R3  ~=  (7_2,7_2,7_2,7_2,7_2,7_2,7_2)R7
        (7_3,7_3,7_3)S3  ~=  (7_3,7_3,7_3,7_3,7_3,7_3,7_3)S7
        (7_3,7_3,7_3)R3  ~=  (7_3,7_3,7_3,7_3,7_3,7_3,7_3)R7
[cert] A6: 616 entries, 49 collisions WARN
[gen] tables.bin: 0.2 MB (runtime-loadable; build the solver with RUNTIME_TABLES=1 and point EU_TABLES at it to skip compiling the alphabet)
[gen] wrote tables/star-hept-pyr/{solver_tables.inc,pruner_tables.inc,tables.py,certs.txt} (616 entries)
touch tables/star-hept-pyr/.generated
rm -f .maxnum-star-hept-pyr-*
touch .maxnum-star-hept-pyr-2
c++ -O2 -std=c++17 -DMAXNUM=2 -Itables/star-hept-pyr -o eu_solver.star-hept-pyr eu_solver.cpp
c++ -O2 -std=c++17 -Itables/star-hept-pyr -o eu_pruner.star-hept-pyr eu_pruner.cpp
c++ -O2 -std=c++17 -Itables/star-hept-pyr -o eu_develop.star-hept-pyr eu_develop.cpp
[10:29:42]   raw: 81154  (17s)
  k=1 : 39
  k=2 : 38026
total kept: 38065
store: peak 8.99268 MB total, 8.99268 MB resident
   - (8, 14, 8, ((3, 1), (3, 1), (3, 1), (3, 1), (3, 1), (3, 1), (3, 1), (7, 2)), 2, 1.753834771) : ['ctrnact-02_3u-3ae_7aa-1-d1_2', 'ctrnact-02_3u-6ac_7aa-1-d2_2']
   - (8, 14, 8, ((3, 1), (3, 1), (3, 1), (3, 1), (3, 1), (3, 1), (3, 1), (7, 3)), 3, 2.064570333) : ['ctrnact-02_3v-3am_7aa-1-d1_3', 'ctrnact-02_3v-6br_7aa-1-d2_3']

[10:31:48]   develop (125s) -> /Users/alessandro/Desktop/University/Thesis/TilingAtlas/tools/ctrnact-oracle/run-star-hept-pyr-k2/cells.json
[10:31:48] DONE
